#
# There is insufficient memory for the Java Runtime Environment to continue.
# Native memory allocation (malloc) failed to allocate 1048576 bytes. Error detail: AllocateHeap
# Possible reasons:
#   The system is out of physical RAM or swap space
#   This process is running with CompressedOops enabled, and the Java Heap may be blocking the growth of the native heap
# Possible solutions:
#   Reduce memory load on the system
#   Increase physical memory or swap space
#   Check if swap backing store is full
#   Decrease Java heap size (-Xmx/-Xms)
#   Decrease number of Java threads
#   Decrease Java thread stack sizes (-Xss)
#   Set larger code cache with -XX:ReservedCodeCacheSize=
#   JVM is running with Unscaled Compressed Oops mode in which the Java heap is
#     placed in the first 4GB address space. The Java Heap base address is the
#     maximum limit for the native heap growth. Please use -XX:HeapBaseMinAddress
#     to set the Java Heap base and to place the Java Heap above 4GB virtual address.
# This output file may be truncated or incomplete.
#
#  Out of Memory Error (allocation.cpp:44), pid=11164, tid=11984
#
# JRE version: OpenJDK Runtime Environment Temurin-21.0.8+9 (21.0.8+9) (build 21.0.8+9-LTS)
# Java VM: OpenJDK 64-Bit Server VM Temurin-21.0.8+9 (21.0.8+9-LTS, mixed mode, sharing, tiered, compressed oops, compressed class ptrs, parallel gc, windows-amd64)
# No core dump will be written. Minidumps are not enabled by default on client versions of Windows
#

---------------  S U M M A R Y ------------

Command Line: --add-modules=ALL-SYSTEM --add-opens=java.base/java.util=ALL-UNNAMED --add-opens=java.base/java.lang=ALL-UNNAMED --add-opens=java.base/sun.nio.fs=ALL-UNNAMED -Declipse.application=org.eclipse.jdt.ls.core.id1 -Dosgi.bundles.defaultStartLevel=4 -Declipse.product=org.eclipse.jdt.ls.core.product -Djava.import.generatesMetadataFilesAtProjectRoot=false -DDetectVMInstallationsJob.disabled=true -Dfile.encoding=utf8 -XX:+UseParallelGC -XX:GCTimeRatio=4 -XX:AdaptiveSizePolicyWeight=90 -Dsun.zip.disableMemoryMapping=true -Xmx2G -Xms100m -Xlog:disable -javaagent:c:\Users\DELL\.vscode\extensions\redhat.java-1.47.0-win32-x64\lombok\lombok-1.18.39-4050.jar -XX:+HeapDumpOnOutOfMemoryError -XX:HeapDumpPath=c:\Users\DELL\AppData\Roaming\Code\User\workspaceStorage\8b73f063377c099f78fcd21a2df6fb00\redhat.java -Daether.dependencyCollector.impl=bf c:\Users\DELL\.vscode\extensions\redhat.java-1.47.0-win32-x64\server\plugins\org.eclipse.equinox.launcher_1.7.100.v20251014-1222.jar -configuration c:\Users\DELL\AppData\Roaming\Code\User\globalStorage\redhat.java\1.47.0\config_win -data c:\Users\DELL\AppData\Roaming\Code\User\workspaceStorage\8b73f063377c099f78fcd21a2df6fb00\redhat.java\jdt_ws --pipe=\\.\pipe\lsp-84cf5ef04b01106a1ae0d2f80ed85237-sock

Host: 11th Gen Intel(R) Core(TM) i5-1135G7 @ 2.40GHz, 8 cores, 7G,  Windows 11 , 64 bit Build 22621 (10.0.22621.5415)
Time: Sun Nov  2 14:20:55 2025 SE Asia Standard Time elapsed time: 7735.641422 seconds (0d 2h 8m 55s)

---------------  T H R E A D  ---------------

Current thread (0x000001eca4265780):  JavaThread "Attach Listener" daemon [_thread_in_vm, id=11984, stack(0x0000008317600000,0x0000008317700000) (1024K)]

Stack: [0x0000008317600000,0x0000008317700000]
Native frames: (J=compiled Java code, j=interpreted, Vv=VM code, C=native code)
V  [jvm.dll+0x6d2449]
V  [jvm.dll+0x8ae341]
V  [jvm.dll+0x8b08be]
V  [jvm.dll+0x8b0fa3]
V  [jvm.dll+0x280c96]
V  [jvm.dll+0xc0347]
V  [jvm.dll+0x6d2cf9]
V  [jvm.dll+0x131116]
V  [jvm.dll+0x3f2d16]
V  [jvm.dll+0x857e6b]
V  [jvm.dll+0x6d0b0d]
C  [ucrtbase.dll+0x29333]
C  [KERNEL32.DLL+0x1259d]
C  [ntdll.dll+0x5af78]


---------------  P R O C E S S  ---------------

Threads class SMR info:
_java_thread_list=0x000001ecee6968a0, length=35, elements={
0x000001ec8d800fa0, 0x000001ec8d8bbc30, 0x000001ec8d8bd530, 0x000001eca42647d0,
0x000001eca4265780, 0x000001eca42693c0, 0x000001eca4268010, 0x000001eca426eda0,
0x000001eca4272020, 0x000001eca426a770, 0x000001eca42686a0, 0x000001eca4268d30,
0x000001eca4269a50, 0x000001eca426a0e0, 0x000001eca426ae00, 0x000001eca426b490,
0x000001eceb663ad0, 0x000001eceb661a00, 0x000001eceb660650, 0x000001eceb65ffc0,
0x000001eceb662090, 0x000001eceb660ce0, 0x000001eceb65f930, 0x000001eceb662720,
0x000001eceb662db0, 0x000001eceb663440, 0x000001eceb664160, 0x000001eceb665510,
0x000001eceb65e580, 0x000001eceb65ec10, 0x000001ecef92ca90, 0x000001ecef926190,
0x000001ecebfcebe0, 0x000001ecebfcc480, 0x000001ecef92b6e0
}

Java Threads: ( => current thread )
  0x000001ec8d800fa0 JavaThread "main"                              [_thread_blocked, id=11416, stack(0x0000008316f00000,0x0000008317000000) (1024K)]
  0x000001ec8d8bbc30 JavaThread "Reference Handler"          daemon [_thread_blocked, id=14876, stack(0x0000008317300000,0x0000008317400000) (1024K)]
  0x000001ec8d8bd530 JavaThread "Finalizer"                  daemon [_thread_blocked, id=7896, stack(0x0000008317400000,0x0000008317500000) (1024K)]
  0x000001eca42647d0 JavaThread "Signal Dispatcher"          daemon [_thread_blocked, id=10740, stack(0x0000008317500000,0x0000008317600000) (1024K)]
=>0x000001eca4265780 JavaThread "Attach Listener"            daemon [_thread_in_vm, id=11984, stack(0x0000008317600000,0x0000008317700000) (1024K)]
  0x000001eca42693c0 JavaThread "Service Thread"             daemon [_thread_blocked, id=8752, stack(0x0000008317700000,0x0000008317800000) (1024K)]
  0x000001eca4268010 JavaThread "Monitor Deflation Thread"   daemon [_thread_blocked, id=7464, stack(0x0000008317800000,0x0000008317900000) (1024K)]
  0x000001eca426eda0 JavaThread "C2 CompilerThread0"         daemon [_thread_blocked, id=13468, stack(0x0000008317900000,0x0000008317a00000) (1024K)]
  0x000001eca4272020 JavaThread "C1 CompilerThread0"         daemon [_thread_blocked, id=14288, stack(0x0000008317a00000,0x0000008317b00000) (1024K)]
  0x000001eca426a770 JavaThread "Common-Cleaner"             daemon [_thread_blocked, id=14008, stack(0x0000008317b00000,0x0000008317c00000) (1024K)]
  0x000001eca42686a0 JavaThread "Notification Thread"        daemon [_thread_blocked, id=12616, stack(0x0000008317d00000,0x0000008317e00000) (1024K)]
  0x000001eca4268d30 JavaThread "Active Thread: Equinox Container: bdd94964-de11-45ce-8c35-93655c243007"        [_thread_blocked, id=1708, stack(0x0000008318400000,0x0000008318500000) (1024K)]
  0x000001eca4269a50 JavaThread "Refresh Thread: Equinox Container: bdd94964-de11-45ce-8c35-93655c243007" daemon [_thread_blocked, id=9692, stack(0x0000008318500000,0x0000008318600000) (1024K)]
  0x000001eca426a0e0 JavaThread "Framework Event Dispatcher: Equinox Container: bdd94964-de11-45ce-8c35-93655c243007" daemon [_thread_blocked, id=6556, stack(0x0000008318700000,0x0000008318800000) (1024K)]
  0x000001eca426ae00 JavaThread "Start Level: Equinox Container: bdd94964-de11-45ce-8c35-93655c243007" daemon [_thread_blocked, id=11408, stack(0x0000008318800000,0x0000008318900000) (1024K)]
  0x000001eca426b490 JavaThread "Bundle File Closer"         daemon [_thread_blocked, id=5160, stack(0x0000008318a00000,0x0000008318b00000) (1024K)]
  0x000001eceb663ad0 JavaThread "SCR Component Actor"        daemon [_thread_blocked, id=10548, stack(0x0000008318900000,0x0000008318a00000) (1024K)]
  0x000001eceb661a00 JavaThread "Worker-JM"                         [_thread_blocked, id=7436, stack(0x0000008318c00000,0x0000008318d00000) (1024K)]
  0x000001eceb660650 JavaThread "JNA Cleaner"                daemon [_thread_blocked, id=8528, stack(0x0000008318b00000,0x0000008318c00000) (1024K)]
  0x000001eceb65ffc0 JavaThread "Java indexing"              daemon [_thread_blocked, id=13552, stack(0x0000008319000000,0x0000008319100000) (1024K)]
  0x000001eceb662090 JavaThread "Thread-1"                   daemon [_thread_in_native, id=1100, stack(0x0000008319400000,0x0000008319500000) (1024K)]
  0x000001eceb660ce0 JavaThread "Thread-2"                   daemon [_thread_in_native, id=12800, stack(0x0000008319500000,0x0000008319600000) (1024K)]
  0x000001eceb65f930 JavaThread "Thread-3"                   daemon [_thread_in_native, id=14300, stack(0x0000008319600000,0x0000008319700000) (1024K)]
  0x000001eceb662720 JavaThread "Thread-4"                   daemon [_thread_in_native, id=14368, stack(0x0000008319700000,0x0000008319800000) (1024K)]
  0x000001eceb662db0 JavaThread "Thread-5"                   daemon [_thread_in_native, id=9580, stack(0x0000008319800000,0x0000008319900000) (1024K)]
  0x000001eceb663440 JavaThread "Thread-6"                   daemon [_thread_in_native, id=10912, stack(0x0000008319900000,0x0000008319a00000) (1024K)]
  0x000001eceb664160 JavaThread "Thread-7"                   daemon [_thread_in_native, id=13168, stack(0x0000008319a00000,0x0000008319b00000) (1024K)]
  0x000001eceb665510 JavaThread "Thread-8"                   daemon [_thread_in_native, id=12788, stack(0x0000008319b00000,0x0000008319c00000) (1024K)]
  0x000001eceb65e580 JavaThread "Thread-9"                   daemon [_thread_in_native, id=13032, stack(0x0000008319c00000,0x0000008319d00000) (1024K)]
  0x000001eceb65ec10 JavaThread "pool-2-thread-1"                   [_thread_blocked, id=13576, stack(0x0000008319d00000,0x0000008319e00000) (1024K)]
  0x000001ecef92ca90 JavaThread "WorkspaceEventsHandler"            [_thread_blocked, id=14244, stack(0x0000008319e00000,0x0000008319f00000) (1024K)]
  0x000001ecef926190 JavaThread "pool-1-thread-1"                   [_thread_blocked, id=15348, stack(0x0000008319f00000,0x000000831a000000) (1024K)]
  0x000001ecebfcebe0 JavaThread "Cleaner-0"                  daemon [_thread_blocked, id=11928, stack(0x0000008318f00000,0x0000008319000000) (1024K)]
  0x000001ecebfcc480 JavaThread "Worker-25"                         [_thread_blocked, id=7560, stack(0x0000008319200000,0x0000008319300000) (1024K)]
  0x000001ecef92b6e0 JavaThread "Worker-26"                         [_thread_blocked, id=17360, stack(0x0000008318d00000,0x0000008318e00000) (1024K)]
Total: 35

Other Threads:
  0x000001eca4262db0 VMThread "VM Thread"                           [id=10984, stack(0x0000008317200000,0x0000008317300000) (1024K)]
  0x000001ec8d86ca10 WatcherThread "VM Periodic Task Thread"        [id=14824, stack(0x0000008317100000,0x0000008317200000) (1024K)]
  0x000001ec8d81e690 WorkerThread "GC Thread#0"                     [id=14868, stack(0x0000008317000000,0x0000008317100000) (1024K)]
  0x000001eceb1ca450 WorkerThread "GC Thread#1"                     [id=6160, stack(0x0000008317e00000,0x0000008317f00000) (1024K)]
  0x000001eceb977010 WorkerThread "GC Thread#2"                     [id=6820, stack(0x0000008317f00000,0x0000008318000000) (1024K)]
  0x000001eceb9773b0 WorkerThread "GC Thread#3"                     [id=8768, stack(0x0000008318000000,0x0000008318100000) (1024K)]
  0x000001eceb301760 WorkerThread "GC Thread#4"                     [id=15064, stack(0x0000008318100000,0x0000008318200000) (1024K)]
  0x000001eceb301b00 WorkerThread "GC Thread#5"                     [id=11876, stack(0x0000008318200000,0x0000008318300000) (1024K)]
  0x000001eceb301ea0 WorkerThread "GC Thread#6"                     [id=2464, stack(0x0000008318300000,0x0000008318400000) (1024K)]
  0x000001eceb38bb80 WorkerThread "GC Thread#7"                     [id=11384, stack(0x0000008318600000,0x0000008318700000) (1024K)]
Total: 10

Threads with active compile tasks:
Total: 0

VM state: not at safepoint (normal execution)

VM Mutex/Monitor currently owned by a thread: None

Heap address: 0x0000000080000000, size: 2048 MB, Compressed Oops mode: 32-bit

CDS archive(s) mapped at: [0x000001eca5000000-0x000001eca5ba0000-0x000001eca5ba0000), size 12189696, SharedBaseAddress: 0x000001eca5000000, ArchiveRelocationMode: 1.
Compressed class space mapped at: 0x000001eca6000000-0x000001ece6000000, reserved size: 1073741824
Narrow klass base: 0x000001eca5000000, Narrow klass shift: 0, Narrow klass range: 0x100000000

GC Precious Log:
 CardTable entry size: 512
 CPUs: 8 total, 8 available
 Memory: 7914M
 Large Page Support: Disabled
 NUMA Support: Disabled
 Compressed Oops: Enabled (32-bit)
 Alignments: Space 512K, Generation 512K, Heap 2M
 Heap Min Capacity: 100M
 Heap Initial Capacity: 100M
 Heap Max Capacity: 2G
 Pre-touch: Disabled
 Parallel Workers: 8

Heap:
 PSYoungGen      total 2560K, used 885K [0x00000000d5580000, 0x00000000d5900000, 0x0000000100000000)
  eden space 1536K, 28% used [0x00000000d5580000,0x00000000d55ed698,0x00000000d5700000)
  from space 1024K, 43% used [0x00000000d5700000,0x00000000d5770000,0x00000000d5800000)
  to   space 512K, 0% used [0x00000000d5880000,0x00000000d5880000,0x00000000d5900000)
 ParOldGen       total 1011200K, used 1010803K [0x0000000080000000, 0x00000000bdb80000, 0x00000000d5580000)
  object space 1011200K, 99% used [0x0000000080000000,0x00000000bdb1ccf8,0x00000000bdb80000)
 Metaspace       used 81729K, committed 83520K, reserved 1179648K
  class space    used 8223K, committed 9088K, reserved 1048576K

Card table byte_map: [0x000001ec8d1d0000,0x000001ec8d5e0000] _byte_map_base: 0x000001ec8cdd0000

Marking Bits: (ParMarkBitMap*) 0x00007fff4d51a340
 Begin Bits: [0x000001ec9fca0000, 0x000001eca1ca0000)
 End Bits:   [0x000001eca1ca0000, 0x000001eca3ca0000)

Polling page: 0x000001ec8cfc0000

Metaspace:

Usage:
  Non-class:     71.78 MB used.
      Class:      8.03 MB used.
       Both:     79.81 MB used.

Virtual space:
  Non-class space:      128.00 MB reserved,      72.69 MB ( 57%) committed,  2 nodes.
      Class space:        1.00 GB reserved,       8.88 MB ( <1%) committed,  1 nodes.
             Both:        1.12 GB reserved,      81.56 MB (  7%) committed. 

Chunk freelists:
   Non-Class:  6.66 MB
       Class:  7.02 MB
        Both:  13.68 MB

MaxMetaspaceSize: unlimited
CompressedClassSpaceSize: 1.00 GB
Initial GC threshold: 21.00 MB
Current GC threshold: 131.81 MB
CDS: on
 - commit_granule_bytes: 65536.
 - commit_granule_words: 8192.
 - virtual_space_node_default_size: 8388608.
 - enlarge_chunks_in_place: 1.
 - use_allocation_guard: 0.


Internal statistics:

num_allocs_failed_limit: 9.
num_arena_births: 2378.
num_arena_deaths: 358.
num_vsnodes_births: 3.
num_vsnodes_deaths: 0.
num_space_committed: 1305.
num_space_uncommitted: 0.
num_chunks_returned_to_freelist: 434.
num_chunks_taken_from_freelist: 6877.
num_chunk_merges: 131.
num_chunk_splits: 3971.
num_chunks_enlarged: 1988.
num_inconsistent_stats: 0.

CodeHeap 'non-profiled nmethods': size=120000Kb used=23985Kb max_used=23985Kb free=96014Kb
 bounds [0x000001ec984c0000, 0x000001ec99c30000, 0x000001ec9f9f0000]
CodeHeap 'profiled nmethods': size=120000Kb used=50188Kb max_used=52424Kb free=69811Kb
 bounds [0x000001ec909f0000, 0x000001ec93d30000, 0x000001ec97f20000]
CodeHeap 'non-nmethods': size=5760Kb used=1494Kb max_used=1557Kb free=4265Kb
 bounds [0x000001ec97f20000, 0x000001ec98190000, 0x000001ec984c0000]
CodeCache: size=245760Kb, used=75667Kb, max_used=77966Kb, free=170090Kb
 total_blobs=20998, nmethods=20199, adapters=699, full_count=0
Compilation: enabled, stopped_count=0, restarted_count=0

Compilation events (20 events):
Event: 7325.432 Thread 0x000001eca4272020 25183   !   3       org.eclipse.osgi.container.ModuleDatabase::getTimestamp (25 bytes)
Event: 7325.488 Thread 0x000001eca4272020 nmethod 25183 0x000001ec922e2d10 code [0x000001ec922e2f60, 0x000001ec922e38a8]
Event: 7415.443 Thread 0x000001eca4272020 25184       3       org.eclipse.osgi.storage.Storage::isReadOnly (10 bytes)
Event: 7415.449 Thread 0x000001eca4272020 nmethod 25184 0x000001ec922e2910 code [0x000001ec922e2ac0, 0x000001ec922e2c40]
Event: 7512.056 Thread 0x000001eca426eda0 25185       4       java.util.concurrent.ThreadPoolExecutor::beforeExecute (1 bytes)
Event: 7512.059 Thread 0x000001eca426eda0 nmethod 25185 0x000001ec99c2c090 code [0x000001ec99c2c220, 0x000001ec99c2c2a8]
Event: 7565.470 Thread 0x000001eca426eda0 25186       4       java.util.concurrent.ThreadPoolExecutor::afterExecute (1 bytes)
Event: 7565.470 Thread 0x000001eca426eda0 nmethod 25186 0x000001ec99c2c390 code [0x000001ec99c2c520, 0x000001ec99c2c5a8]
Event: 7628.399 Thread 0x000001eca4272020 25187       3       java.util.logging.Logger::getLogger (8 bytes)
Event: 7628.405 Thread 0x000001eca4272020 nmethod 25187 0x000001ec922e2490 code [0x000001ec922e2660, 0x000001ec922e2820]
Event: 7628.405 Thread 0x000001eca4272020 25188       3       java.util.logging.Logger::getLogger (7 bytes)
Event: 7628.405 Thread 0x000001eca4272020 nmethod 25188 0x000001ec925d6710 code [0x000001ec925d68c0, 0x000001ec925d69e8]
Event: 7628.405 Thread 0x000001eca4272020 25189       3       java.util.logging.Logger::demandLogger (36 bytes)
Event: 7628.417 Thread 0x000001eca4272020 nmethod 25189 0x000001ec922e1310 code [0x000001ec922e15a0, 0x000001ec922e2050]
Event: 7685.511 Thread 0x000001eca4272020 25190   !   3       org.eclipse.osgi.internal.framework.StorageSaver$StorageSaverTask::run (31 bytes)
Event: 7685.533 Thread 0x000001eca4272020 nmethod 25190 0x000001ec922e0d10 code [0x000001ec922e0ee0, 0x000001ec922e1180]
Event: 7685.533 Thread 0x000001eca4272020 25191   !   3       org.eclipse.osgi.storage.Storage::save (62 bytes)
Event: 7685.539 Thread 0x000001eca4272020 nmethod 25191 0x000001ec922e0610 code [0x000001ec922e0800, 0x000001ec922e0b70]
Event: 7685.539 Thread 0x000001eca4272020 25192   !   3       org.eclipse.osgi.storage.Storage::save0 (246 bytes)
Event: 7685.569 Thread 0x000001eca4272020 nmethod 25192 0x000001ec92898490 code [0x000001ec928989a0, 0x000001ec9289b588]

GC Heap History (20 events):
Event: 7117.280 GC heap before
{Heap before GC invocations=2653 (full 5):
 PSYoungGen      total 1536K, used 1056K [0x00000000d5580000, 0x00000000d5a00000, 0x0000000100000000)
  eden space 512K, 100% used [0x00000000d5580000,0x00000000d5600000,0x00000000d5600000)
  from space 1024K, 53% used [0x00000000d5600000,0x00000000d5688000,0x00000000d5700000)
  to   space 2048K, 0% used [0x00000000d5800000,0x00000000d5800000,0x00000000d5a00000)
 ParOldGen       total 1005056K, used 1004979K [0x0000000080000000, 0x00000000bd580000, 0x00000000d5580000)
  object space 1005056K, 99% used [0x0000000080000000,0x00000000bd56cf18,0x00000000bd580000)
 Metaspace       used 81704K, committed 83456K, reserved 1179648K
  class space    used 8223K, committed 9088K, reserved 1048576K
}
Event: 7117.292 GC heap after
{Heap after GC invocations=2653 (full 5):
 PSYoungGen      total 1536K, used 608K [0x00000000d5580000, 0x00000000d5900000, 0x0000000100000000)
  eden space 512K, 0% used [0x00000000d5580000,0x00000000d5580000,0x00000000d5600000)
  from space 1024K, 59% used [0x00000000d5800000,0x00000000d5898000,0x00000000d5900000)
  to   space 1024K, 0% used [0x00000000d5600000,0x00000000d5600000,0x00000000d5700000)
 ParOldGen       total 1005568K, used 1005467K [0x0000000080000000, 0x00000000bd600000, 0x00000000d5580000)
  object space 1005568K, 99% used [0x0000000080000000,0x00000000bd5e6f18,0x00000000bd600000)
 Metaspace       used 81704K, committed 83456K, reserved 1179648K
  class space    used 8223K, committed 9088K, reserved 1048576K
}
Event: 7117.312 GC heap before
{Heap before GC invocations=2654 (full 5):
 PSYoungGen      total 1536K, used 1120K [0x00000000d5580000, 0x00000000d5900000, 0x0000000100000000)
  eden space 512K, 100% used [0x00000000d5580000,0x00000000d5600000,0x00000000d5600000)
  from space 1024K, 59% used [0x00000000d5800000,0x00000000d5898000,0x00000000d5900000)
  to   space 1024K, 0% used [0x00000000d5600000,0x00000000d5600000,0x00000000d5700000)
 ParOldGen       total 1005568K, used 1005467K [0x0000000080000000, 0x00000000bd600000, 0x00000000d5580000)
  object space 1005568K, 99% used [0x0000000080000000,0x00000000bd5e6f18,0x00000000bd600000)
 Metaspace       used 81704K, committed 83456K, reserved 1179648K
  class space    used 8223K, committed 9088K, reserved 1048576K
}
Event: 7117.319 GC heap after
{Heap after GC invocations=2654 (full 5):
 PSYoungGen      total 1536K, used 591K [0x00000000d5580000, 0x00000000d5880000, 0x0000000100000000)
  eden space 512K, 0% used [0x00000000d5580000,0x00000000d5580000,0x00000000d5600000)
  from space 1024K, 57% used [0x00000000d5600000,0x00000000d5693db0,0x00000000d5700000)
  to   space 1024K, 0% used [0x00000000d5780000,0x00000000d5780000,0x00000000d5880000)
 ParOldGen       total 1006080K, used 1005971K [0x0000000080000000, 0x00000000bd680000, 0x00000000d5580000)
  object space 1006080K, 99% used [0x0000000080000000,0x00000000bd664f18,0x00000000bd680000)
 Metaspace       used 81704K, committed 83456K, reserved 1179648K
  class space    used 8223K, committed 9088K, reserved 1048576K
}
Event: 7117.340 GC heap before
{Heap before GC invocations=2655 (full 5):
 PSYoungGen      total 1536K, used 1103K [0x00000000d5580000, 0x00000000d5880000, 0x0000000100000000)
  eden space 512K, 100% used [0x00000000d5580000,0x00000000d5600000,0x00000000d5600000)
  from space 1024K, 57% used [0x00000000d5600000,0x00000000d5693db0,0x00000000d5700000)
  to   space 1024K, 0% used [0x00000000d5780000,0x00000000d5780000,0x00000000d5880000)
 ParOldGen       total 1006080K, used 1005971K [0x0000000080000000, 0x00000000bd680000, 0x00000000d5580000)
  object space 1006080K, 99% used [0x0000000080000000,0x00000000bd664f18,0x00000000bd680000)
 Metaspace       used 81704K, committed 83456K, reserved 1179648K
  class space    used 8223K, committed 9088K, reserved 1048576K
}
Event: 7117.351 GC heap after
{Heap after GC invocations=2655 (full 5):
 PSYoungGen      total 2048K, used 512K [0x00000000d5580000, 0x00000000d5880000, 0x0000000100000000)
  eden space 1024K, 0% used [0x00000000d5580000,0x00000000d5580000,0x00000000d5680000)
  from space 1024K, 50% used [0x00000000d5780000,0x00000000d5800000,0x00000000d5880000)
  to   space 1024K, 0% used [0x00000000d5680000,0x00000000d5680000,0x00000000d5780000)
 ParOldGen       total 1006592K, used 1006483K [0x0000000080000000, 0x00000000bd700000, 0x00000000d5580000)
  object space 1006592K, 99% used [0x0000000080000000,0x00000000bd6e4cc8,0x00000000bd700000)
 Metaspace       used 81704K, committed 83456K, reserved 1179648K
  class space    used 8223K, committed 9088K, reserved 1048576K
}
Event: 7117.377 GC heap before
{Heap before GC invocations=2656 (full 5):
 PSYoungGen      total 2048K, used 1536K [0x00000000d5580000, 0x00000000d5880000, 0x0000000100000000)
  eden space 1024K, 100% used [0x00000000d5580000,0x00000000d5680000,0x00000000d5680000)
  from space 1024K, 50% used [0x00000000d5780000,0x00000000d5800000,0x00000000d5880000)
  to   space 1024K, 0% used [0x00000000d5680000,0x00000000d5680000,0x00000000d5780000)
 ParOldGen       total 1006592K, used 1006483K [0x0000000080000000, 0x00000000bd700000, 0x00000000d5580000)
  object space 1006592K, 99% used [0x0000000080000000,0x00000000bd6e4cc8,0x00000000bd700000)
 Metaspace       used 81704K, committed 83456K, reserved 1179648K
  class space    used 8223K, committed 9088K, reserved 1048576K
}
Event: 7117.386 GC heap after
{Heap after GC invocations=2656 (full 5):
 PSYoungGen      total 2048K, used 1024K [0x00000000d5580000, 0x00000000d5b00000, 0x0000000100000000)
  eden space 1024K, 0% used [0x00000000d5580000,0x00000000d5580000,0x00000000d5680000)
  from space 1024K, 100% used [0x00000000d5680000,0x00000000d5780000,0x00000000d5780000)
  to   space 2048K, 0% used [0x00000000d5900000,0x00000000d5900000,0x00000000d5b00000)
 ParOldGen       total 1007104K, used 1007019K [0x0000000080000000, 0x00000000bd780000, 0x00000000d5580000)
  object space 1007104K, 99% used [0x0000000080000000,0x00000000bd76acc8,0x00000000bd780000)
 Metaspace       used 81704K, committed 83456K, reserved 1179648K
  class space    used 8223K, committed 9088K, reserved 1048576K
}
Event: 7117.411 GC heap before
{Heap before GC invocations=2657 (full 5):
 PSYoungGen      total 2048K, used 2048K [0x00000000d5580000, 0x00000000d5b00000, 0x0000000100000000)
  eden space 1024K, 100% used [0x00000000d5580000,0x00000000d5680000,0x00000000d5680000)
  from space 1024K, 100% used [0x00000000d5680000,0x00000000d5780000,0x00000000d5780000)
  to   space 2048K, 0% used [0x00000000d5900000,0x00000000d5900000,0x00000000d5b00000)
 ParOldGen       total 1007104K, used 1007019K [0x0000000080000000, 0x00000000bd780000, 0x00000000d5580000)
  object space 1007104K, 99% used [0x0000000080000000,0x00000000bd76acc8,0x00000000bd780000)
 Metaspace       used 81704K, committed 83456K, reserved 1179648K
  class space    used 8223K, committed 9088K, reserved 1048576K
}
Event: 7117.425 GC heap after
{Heap after GC invocations=2657 (full 5):
 PSYoungGen      total 3072K, used 1120K [0x00000000d5580000, 0x00000000d5a80000, 0x0000000100000000)
  eden space 1536K, 0% used [0x00000000d5580000,0x00000000d5580000,0x00000000d5700000)
  from space 1536K, 72% used [0x00000000d5900000,0x00000000d5a18000,0x00000000d5a80000)
  to   space 1536K, 0% used [0x00000000d5780000,0x00000000d5780000,0x00000000d5900000)
 ParOldGen       total 1008128K, used 1008027K [0x0000000080000000, 0x00000000bd880000, 0x00000000d5580000)
  object space 1008128K, 99% used [0x0000000080000000,0x00000000bd866cc8,0x00000000bd880000)
 Metaspace       used 81704K, committed 83456K, reserved 1179648K
  class space    used 8223K, committed 9088K, reserved 1048576K
}
Event: 7119.011 GC heap before
{Heap before GC invocations=2658 (full 5):
 PSYoungGen      total 3072K, used 2656K [0x00000000d5580000, 0x00000000d5a80000, 0x0000000100000000)
  eden space 1536K, 100% used [0x00000000d5580000,0x00000000d5700000,0x00000000d5700000)
  from space 1536K, 72% used [0x00000000d5900000,0x00000000d5a18000,0x00000000d5a80000)
  to   space 1536K, 0% used [0x00000000d5780000,0x00000000d5780000,0x00000000d5900000)
 ParOldGen       total 1008128K, used 1008027K [0x0000000080000000, 0x00000000bd880000, 0x00000000d5580000)
  object space 1008128K, 99% used [0x0000000080000000,0x00000000bd866cc8,0x00000000bd880000)
 Metaspace       used 81704K, committed 83456K, reserved 1179648K
  class space    used 8223K, committed 9088K, reserved 1048576K
}
Event: 7119.032 GC heap after
{Heap after GC invocations=2658 (full 5):
 PSYoungGen      total 2560K, used 928K [0x00000000d5580000, 0x00000000d5980000, 0x0000000100000000)
  eden space 1536K, 0% used [0x00000000d5580000,0x00000000d5580000,0x00000000d5700000)
  from space 1024K, 90% used [0x00000000d5780000,0x00000000d5868000,0x00000000d5880000)
  to   space 1024K, 0% used [0x00000000d5880000,0x00000000d5880000,0x00000000d5980000)
 ParOldGen       total 1009152K, used 1009059K [0x0000000080000000, 0x00000000bd980000, 0x00000000d5580000)
  object space 1009152K, 99% used [0x0000000080000000,0x00000000bd968cc8,0x00000000bd980000)
 Metaspace       used 81704K, committed 83456K, reserved 1179648K
  class space    used 8223K, committed 9088K, reserved 1048576K
}
Event: 7122.319 GC heap before
{Heap before GC invocations=2659 (full 5):
 PSYoungGen      total 2560K, used 2464K [0x00000000d5580000, 0x00000000d5980000, 0x0000000100000000)
  eden space 1536K, 100% used [0x00000000d5580000,0x00000000d5700000,0x00000000d5700000)
  from space 1024K, 90% used [0x00000000d5780000,0x00000000d5868000,0x00000000d5880000)
  to   space 1024K, 0% used [0x00000000d5880000,0x00000000d5880000,0x00000000d5980000)
 ParOldGen       total 1009152K, used 1009059K [0x0000000080000000, 0x00000000bd980000, 0x00000000d5580000)
  object space 1009152K, 99% used [0x0000000080000000,0x00000000bd968cc8,0x00000000bd980000)
 Metaspace       used 81704K, committed 83456K, reserved 1179648K
  class space    used 8223K, committed 9088K, reserved 1048576K
}
Event: 7122.369 GC heap after
{Heap after GC invocations=2659 (full 5):
 PSYoungGen      total 2048K, used 160K [0x00000000d5580000, 0x00000000d5900000, 0x0000000100000000)
  eden space 1536K, 0% used [0x00000000d5580000,0x00000000d5580000,0x00000000d5700000)
  from space 512K, 31% used [0x00000000d5880000,0x00000000d58a8000,0x00000000d5900000)
  to   space 512K, 0% used [0x00000000d5800000,0x00000000d5800000,0x00000000d5880000)
 ParOldGen       total 1010176K, used 1009891K [0x0000000080000000, 0x00000000bda80000, 0x00000000d5580000)
  object space 1010176K, 99% used [0x0000000080000000,0x00000000bda38cc8,0x00000000bda80000)
 Metaspace       used 81704K, committed 83456K, reserved 1179648K
  class space    used 8223K, committed 9088K, reserved 1048576K
}
Event: 7123.920 GC heap before
{Heap before GC invocations=2660 (full 5):
 PSYoungGen      total 2048K, used 1696K [0x00000000d5580000, 0x00000000d5900000, 0x0000000100000000)
  eden space 1536K, 100% used [0x00000000d5580000,0x00000000d5700000,0x00000000d5700000)
  from space 512K, 31% used [0x00000000d5880000,0x00000000d58a8000,0x00000000d5900000)
  to   space 512K, 0% used [0x00000000d5800000,0x00000000d5800000,0x00000000d5880000)
 ParOldGen       total 1010176K, used 1009891K [0x0000000080000000, 0x00000000bda80000, 0x00000000d5580000)
  object space 1010176K, 99% used [0x0000000080000000,0x00000000bda38cc8,0x00000000bda80000)
 Metaspace       used 81704K, committed 83456K, reserved 1179648K
  class space    used 8223K, committed 9088K, reserved 1048576K
}
Event: 7123.937 GC heap after
{Heap after GC invocations=2660 (full 5):
 PSYoungGen      total 2048K, used 512K [0x00000000d5580000, 0x00000000d5900000, 0x0000000100000000)
  eden space 1536K, 0% used [0x00000000d5580000,0x00000000d5580000,0x00000000d5700000)
  from space 512K, 100% used [0x00000000d5800000,0x00000000d5880000,0x00000000d5880000)
  to   space 512K, 0% used [0x00000000d5880000,0x00000000d5880000,0x00000000d5900000)
 ParOldGen       total 1010176K, used 1009899K [0x0000000080000000, 0x00000000bda80000, 0x00000000d5580000)
  object space 1010176K, 99% used [0x0000000080000000,0x00000000bda3acc8,0x00000000bda80000)
 Metaspace       used 81704K, committed 83456K, reserved 1179648K
  class space    used 8223K, committed 9088K, reserved 1048576K
}
Event: 7124.042 GC heap before
{Heap before GC invocations=2661 (full 5):
 PSYoungGen      total 2048K, used 2048K [0x00000000d5580000, 0x00000000d5900000, 0x0000000100000000)
  eden space 1536K, 100% used [0x00000000d5580000,0x00000000d5700000,0x00000000d5700000)
  from space 512K, 100% used [0x00000000d5800000,0x00000000d5880000,0x00000000d5880000)
  to   space 512K, 0% used [0x00000000d5880000,0x00000000d5880000,0x00000000d5900000)
 ParOldGen       total 1010176K, used 1009899K [0x0000000080000000, 0x00000000bda80000, 0x00000000d5580000)
  object space 1010176K, 99% used [0x0000000080000000,0x00000000bda3acc8,0x00000000bda80000)
 Metaspace       used 81704K, committed 83456K, reserved 1179648K
  class space    used 8223K, committed 9088K, reserved 1048576K
}
Event: 7124.054 GC heap after
{Heap after GC invocations=2661 (full 5):
 PSYoungGen      total 2048K, used 512K [0x00000000d5580000, 0x00000000d5900000, 0x0000000100000000)
  eden space 1536K, 0% used [0x00000000d5580000,0x00000000d5580000,0x00000000d5700000)
  from space 512K, 100% used [0x00000000d5880000,0x00000000d5900000,0x00000000d5900000)
  to   space 1024K, 0% used [0x00000000d5700000,0x00000000d5700000,0x00000000d5800000)
 ParOldGen       total 1010688K, used 1010331K [0x0000000080000000, 0x00000000bdb00000, 0x00000000d5580000)
  object space 1010688K, 99% used [0x0000000080000000,0x00000000bdaa6cd8,0x00000000bdb00000)
 Metaspace       used 81704K, committed 83456K, reserved 1179648K
  class space    used 8223K, committed 9088K, reserved 1048576K
}
Event: 7162.370 GC heap before
{Heap before GC invocations=2662 (full 5):
 PSYoungGen      total 2048K, used 2047K [0x00000000d5580000, 0x00000000d5900000, 0x0000000100000000)
  eden space 1536K, 99% used [0x00000000d5580000,0x00000000d56fff88,0x00000000d5700000)
  from space 512K, 100% used [0x00000000d5880000,0x00000000d5900000,0x00000000d5900000)
  to   space 1024K, 0% used [0x00000000d5700000,0x00000000d5700000,0x00000000d5800000)
 ParOldGen       total 1010688K, used 1010331K [0x0000000080000000, 0x00000000bdb00000, 0x00000000d5580000)
  object space 1010688K, 99% used [0x0000000080000000,0x00000000bdaa6cd8,0x00000000bdb00000)
 Metaspace       used 81704K, committed 83456K, reserved 1179648K
  class space    used 8223K, committed 9088K, reserved 1048576K
}
Event: 7162.408 GC heap after
{Heap after GC invocations=2662 (full 5):
 PSYoungGen      total 2560K, used 448K [0x00000000d5580000, 0x00000000d5900000, 0x0000000100000000)
  eden space 1536K, 0% used [0x00000000d5580000,0x00000000d5580000,0x00000000d5700000)
  from space 1024K, 43% used [0x00000000d5700000,0x00000000d5770000,0x00000000d5800000)
  to   space 512K, 0% used [0x00000000d5880000,0x00000000d5880000,0x00000000d5900000)
 ParOldGen       total 1011200K, used 1010803K [0x0000000080000000, 0x00000000bdb80000, 0x00000000d5580000)
  object space 1011200K, 99% used [0x0000000080000000,0x00000000bdb1ccf8,0x00000000bdb80000)
 Metaspace       used 81704K, committed 83456K, reserved 1179648K
  class space    used 8223K, committed 9088K, reserved 1048576K
}

Dll operation events (11 events):
Event: 0.017 Loaded shared library c:\Users\DELL\.vscode\extensions\redhat.java-1.47.0-win32-x64\jre\21.0.8-win32-x86_64\bin\java.dll
Event: 0.218 Loaded shared library c:\Users\DELL\.vscode\extensions\redhat.java-1.47.0-win32-x64\jre\21.0.8-win32-x86_64\bin\zip.dll
Event: 0.274 Loaded shared library C:\Users\DELL\.vscode\extensions\redhat.java-1.47.0-win32-x64\jre\21.0.8-win32-x86_64\bin\instrument.dll
Event: 0.283 Loaded shared library C:\Users\DELL\.vscode\extensions\redhat.java-1.47.0-win32-x64\jre\21.0.8-win32-x86_64\bin\net.dll
Event: 0.286 Loaded shared library C:\Users\DELL\.vscode\extensions\redhat.java-1.47.0-win32-x64\jre\21.0.8-win32-x86_64\bin\nio.dll
Event: 0.293 Loaded shared library C:\Users\DELL\.vscode\extensions\redhat.java-1.47.0-win32-x64\jre\21.0.8-win32-x86_64\bin\zip.dll
Event: 0.322 Loaded shared library C:\Users\DELL\.vscode\extensions\redhat.java-1.47.0-win32-x64\jre\21.0.8-win32-x86_64\bin\jimage.dll
Event: 0.475 Loaded shared library c:\Users\DELL\.vscode\extensions\redhat.java-1.47.0-win32-x64\jre\21.0.8-win32-x86_64\bin\verify.dll
Event: 13.138 Loaded shared library C:\Users\DELL\AppData\Roaming\Code\User\globalStorage\redhat.java\1.47.0\config_win\org.eclipse.equinox.launcher\org.eclipse.equinox.launcher.win32.win32.x86_64_1.2.1400.v20250801-0854\eclipse_11916.dll
Event: 33.086 Loaded shared library C:\Users\DELL\AppData\Local\Temp\jna-2094529\jna54612738476479977.dll
Event: 64.574 Loaded shared library C:\Users\DELL\.vscode\extensions\redhat.java-1.47.0-win32-x64\jre\21.0.8-win32-x86_64\bin\sunmscapi.dll

Deoptimization events (20 events):
Event: 7016.735 Thread 0x000001ecef92b6e0 DEOPT PACKING pc=0x000001ec99bd7794 sp=0x0000008318dfdb90
Event: 7016.736 Thread 0x000001ecef92b6e0 DEOPT UNPACKING pc=0x000001ec97f76da2 sp=0x0000008318dfdac8 mode 2
Event: 7016.742 Thread 0x000001ecef92b6e0 Uncommon trap: trap_request=0xffffffbe fr.pc=0x000001ec99bd7794 relative=0x0000000000000874
Event: 7016.742 Thread 0x000001ecef92b6e0 Uncommon trap: reason=profile_predicate action=maybe_recompile pc=0x000001ec99bd7794 method=org.eclipse.jdt.core.compiler.CharOperation.toCharArrays(Ljava/util/List;)[[C @ 43 c2
Event: 7016.743 Thread 0x000001ecef92b6e0 DEOPT PACKING pc=0x000001ec99bd7794 sp=0x0000008318dfdd90
Event: 7016.743 Thread 0x000001ecef92b6e0 DEOPT UNPACKING pc=0x000001ec97f76da2 sp=0x0000008318dfdcc8 mode 2
Event: 7016.751 Thread 0x000001ecef92b6e0 Uncommon trap: trap_request=0xffffffbe fr.pc=0x000001ec99bd7794 relative=0x0000000000000874
Event: 7016.751 Thread 0x000001ecef92b6e0 Uncommon trap: reason=profile_predicate action=maybe_recompile pc=0x000001ec99bd7794 method=org.eclipse.jdt.core.compiler.CharOperation.toCharArrays(Ljava/util/List;)[[C @ 43 c2
Event: 7016.751 Thread 0x000001ecef92b6e0 DEOPT PACKING pc=0x000001ec99bd7794 sp=0x0000008318dfd860
Event: 7016.751 Thread 0x000001ecef92b6e0 DEOPT UNPACKING pc=0x000001ec97f76da2 sp=0x0000008318dfd798 mode 2
Event: 7016.785 Thread 0x000001ecee4dd140 Uncommon trap: trap_request=0xffffffbe fr.pc=0x000001ec99bd8838 relative=0x0000000000000818
Event: 7016.785 Thread 0x000001ecee4dd140 Uncommon trap: reason=profile_predicate action=maybe_recompile pc=0x000001ec99bd8838 method=org.eclipse.jdt.core.compiler.CharOperation.toCharArrays(Ljava/util/List;)[[C @ 43 c2
Event: 7016.785 Thread 0x000001ecee4dd140 DEOPT PACKING pc=0x000001ec99bd8838 sp=0x00000083191fe600
Event: 7016.785 Thread 0x000001ecee4dd140 DEOPT UNPACKING pc=0x000001ec97f76da2 sp=0x00000083191fe5b8 mode 2
Event: 7104.127 Thread 0x000001eceb6647f0 DEOPT PACKING pc=0x000001ec925dcf17 sp=0x0000008316cfe0a0
Event: 7104.127 Thread 0x000001eceb6647f0 DEOPT UNPACKING pc=0x000001ec97f778e2 sp=0x0000008316cfd560 mode 0
Event: 7107.401 Thread 0x000001eceb6647f0 DEOPT PACKING pc=0x000001ec925dcf17 sp=0x0000008316cfe090
Event: 7107.401 Thread 0x000001eceb6647f0 DEOPT UNPACKING pc=0x000001ec97f778e2 sp=0x0000008316cfd550 mode 0
Event: 7109.614 Thread 0x000001ecee4dde60 DEOPT PACKING pc=0x000001ec925dcf17 sp=0x0000008316efe1e0
Event: 7109.691 Thread 0x000001ecee4dde60 DEOPT UNPACKING pc=0x000001ec97f778e2 sp=0x0000008316efd6a0 mode 0

Classes loaded (20 events):
Event: 290.870 Loading class java/util/Collections$EmptyListIterator
Event: 290.870 Loading class java/util/Collections$EmptyListIterator done
Event: 291.402 Loading class java/io/CharArrayReader
Event: 291.402 Loading class java/io/CharArrayReader done
Event: 291.402 Loading class java/util/regex/Pattern$Bound
Event: 291.403 Loading class java/util/regex/Pattern$Bound done
Event: 905.445 Loading class java/util/stream/ReduceOps$5
Event: 905.445 Loading class java/util/stream/ReduceOps$5 done
Event: 905.446 Loading class java/util/stream/ReduceOps$CountingSink$OfRef
Event: 905.446 Loading class java/util/stream/ReduceOps$CountingSink
Event: 905.446 Loading class java/util/stream/ReduceOps$CountingSink done
Event: 905.446 Loading class java/util/stream/ReduceOps$CountingSink$OfRef done
Event: 1383.497 Loading class java/util/Spliterators$IntArraySpliterator
Event: 1383.498 Loading class java/util/Spliterators$IntArraySpliterator done
Event: 1995.033 Loading class java/nio/channels/CompletionHandler
Event: 1995.034 Loading class java/nio/channels/CompletionHandler done
Event: 2573.699 Loading class java/util/stream/ReferencePipeline$15
Event: 2573.701 Loading class java/util/stream/ReferencePipeline$15 done
Event: 2573.704 Loading class java/util/stream/ReferencePipeline$15$1
Event: 2573.705 Loading class java/util/stream/ReferencePipeline$15$1 done

Classes unloaded (20 events):
Event: 2092.794 Thread 0x000001eca4262db0 Unloading class 0x000001eca6017400 'java/lang/invoke/LambdaForm$MH+0x000001eca6017400'
Event: 2092.794 Thread 0x000001eca4262db0 Unloading class 0x000001eca6016400 'java/lang/invoke/LambdaForm$MH+0x000001eca6016400'
Event: 2092.794 Thread 0x000001eca4262db0 Unloading class 0x000001eca600d800 'java/lang/invoke/LambdaForm$MH+0x000001eca600d800'
Event: 2092.794 Thread 0x000001eca4262db0 Unloading class 0x000001eca600d400 'java/lang/invoke/LambdaForm$MH+0x000001eca600d400'
Event: 2092.794 Thread 0x000001eca4262db0 Unloading class 0x000001eca600d000 'java/lang/invoke/LambdaForm$MH+0x000001eca600d000'
Event: 2092.794 Thread 0x000001eca4262db0 Unloading class 0x000001eca600cc00 'java/lang/invoke/LambdaForm$MH+0x000001eca600cc00'
Event: 2092.794 Thread 0x000001eca4262db0 Unloading class 0x000001eca600c800 'java/lang/invoke/LambdaForm$BMH+0x000001eca600c800'
Event: 2092.794 Thread 0x000001eca4262db0 Unloading class 0x000001eca600c000 'java/lang/invoke/LambdaForm$DMH+0x000001eca600c000'
Event: 2092.795 Thread 0x000001eca4262db0 Unloading class 0x000001eca6008c00 'java/lang/invoke/LambdaForm$MH+0x000001eca6008c00'
Event: 2092.795 Thread 0x000001eca4262db0 Unloading class 0x000001eca6008800 'java/lang/invoke/LambdaForm$MH+0x000001eca6008800'
Event: 2092.795 Thread 0x000001eca4262db0 Unloading class 0x000001eca6008400 'java/lang/invoke/LambdaForm$MH+0x000001eca6008400'
Event: 2092.795 Thread 0x000001eca4262db0 Unloading class 0x000001eca6007000 'java/lang/invoke/LambdaForm$MH+0x000001eca6007000'
Event: 2092.795 Thread 0x000001eca4262db0 Unloading class 0x000001eca6006800 'java/lang/invoke/LambdaForm$MH+0x000001eca6006800'
Event: 2092.795 Thread 0x000001eca4262db0 Unloading class 0x000001eca6006400 'java/lang/invoke/LambdaForm$MH+0x000001eca6006400'
Event: 2092.795 Thread 0x000001eca4262db0 Unloading class 0x000001eca6006000 'java/lang/invoke/LambdaForm$MH+0x000001eca6006000'
Event: 2092.795 Thread 0x000001eca4262db0 Unloading class 0x000001eca6005c00 'java/lang/invoke/LambdaForm$BMH+0x000001eca6005c00'
Event: 2092.795 Thread 0x000001eca4262db0 Unloading class 0x000001eca6004800 'java/lang/invoke/LambdaForm$DMH+0x000001eca6004800'
Event: 2092.795 Thread 0x000001eca4262db0 Unloading class 0x000001eca6002400 'java/lang/invoke/LambdaForm$MH+0x000001eca6002400'
Event: 2092.795 Thread 0x000001eca4262db0 Unloading class 0x000001eca6002000 'java/lang/invoke/LambdaForm$MH+0x000001eca6002000'
Event: 2092.795 Thread 0x000001eca4262db0 Unloading class 0x000001eca6001800 'java/lang/invoke/LambdaForm$MH+0x000001eca6001800'

Classes redefined (0 events):
No events

Internal exceptions (20 events):
Event: 5307.207 Thread 0x000001eceb65ffc0 Exception <a 'sun/nio/fs/WindowsException'{0x00000000d587bae8}> (0x00000000d587bae8) 
thrown [s\src\hotspot\share\prims\jni.cpp, line 520]
Event: 5431.379 Thread 0x000001eceb65ffc0 Exception <a 'sun/nio/fs/WindowsException'{0x00000000d574f778}> (0x00000000d574f778) 
thrown [s\src\hotspot\share\prims\jni.cpp, line 520]
Event: 5431.582 Thread 0x000001eceb65ffc0 Exception <a 'sun/nio/fs/WindowsException'{0x00000000d584f798}> (0x00000000d584f798) 
thrown [s\src\hotspot\share\prims\jni.cpp, line 520]
Event: 5451.276 Thread 0x000001eceb65ffc0 Exception <a 'sun/nio/fs/WindowsException'{0x00000000d56ba4f8}> (0x00000000d56ba4f8) 
thrown [s\src\hotspot\share\prims\jni.cpp, line 520]
Event: 5451.615 Thread 0x000001eceb65ffc0 Exception <a 'sun/nio/fs/WindowsException'{0x00000000d55abf20}> (0x00000000d55abf20) 
thrown [s\src\hotspot\share\prims\jni.cpp, line 520]
Event: 6344.595 Thread 0x000001ecef925b00 Exception <a 'java/lang/NullPointerException'{0x00000000d5869ff0}> (0x00000000d5869ff0) 
thrown [s\src\hotspot\share\interpreter\linkResolver.cpp, line 1456]
Event: 6522.105 Thread 0x000001eceb65ffc0 Exception <a 'sun/nio/fs/WindowsException'{0x00000000d5580768}> (0x00000000d5580768) 
thrown [s\src\hotspot\share\prims\jni.cpp, line 520]
Event: 6522.523 Thread 0x000001eceb65ffc0 Exception <a 'sun/nio/fs/WindowsException'{0x00000000d55efa08}> (0x00000000d55efa08) 
thrown [s\src\hotspot\share\prims\jni.cpp, line 520]
Event: 6862.124 Thread 0x000001eceb65ffc0 Exception <a 'sun/nio/fs/WindowsException'{0x00000000d5839a00}> (0x00000000d5839a00) 
thrown [s\src\hotspot\share\prims\jni.cpp, line 520]
Event: 6863.553 Thread 0x000001eceb65ffc0 Exception <a 'sun/nio/fs/WindowsException'{0x00000000d5887830}> (0x00000000d5887830) 
thrown [s\src\hotspot\share\prims\jni.cpp, line 520]
Event: 6962.685 Thread 0x000001eceb65f2a0 Exception <a 'java/lang/NullPointerException'{0x00000000d5874ba8}> (0x00000000d5874ba8) 
thrown [s\src\hotspot\share\interpreter\linkResolver.cpp, line 1456]
Event: 6962.902 Thread 0x000001eceb65f2a0 Exception <a 'java/lang/NullPointerException'{0x00000000d57552e0}> (0x00000000d57552e0) 
thrown [s\src\hotspot\share\interpreter\linkResolver.cpp, line 1456]
Event: 6969.226 Thread 0x000001eceb65f2a0 Exception <a 'java/lang/NullPointerException'{0x00000000d56df378}> (0x00000000d56df378) 
thrown [s\src\hotspot\share\interpreter\linkResolver.cpp, line 1456]
Event: 6970.403 Thread 0x000001eceb65f2a0 Exception <a 'java/lang/NullPointerException'{0x00000000d59b9a98}> (0x00000000d59b9a98) 
thrown [s\src\hotspot\share\interpreter\linkResolver.cpp, line 1456]
Event: 6972.637 Thread 0x000001eceb65f2a0 Exception <a 'java/lang/NullPointerException'{0x00000000d591b4f0}> (0x00000000d591b4f0) 
thrown [s\src\hotspot\share\interpreter\linkResolver.cpp, line 1456]
Event: 7016.867 Thread 0x000001eceb65ffc0 Exception <a 'sun/nio/fs/WindowsException'{0x00000000d55e1b18}> (0x00000000d55e1b18) 
thrown [s\src\hotspot\share\prims\jni.cpp, line 520]
Event: 7017.768 Thread 0x000001eceb65ffc0 Exception <a 'sun/nio/fs/WindowsException'{0x00000000d561e8e0}> (0x00000000d561e8e0) 
thrown [s\src\hotspot\share\prims\jni.cpp, line 520]
Event: 7106.317 Thread 0x000001eceb6647f0 Exception <a 'java/lang/NullPointerException'{0x00000000d5834350}> (0x00000000d5834350) 
thrown [s\src\hotspot\share\interpreter\linkResolver.cpp, line 1456]
Event: 7109.032 Thread 0x000001ecee4dde60 Exception <a 'java/lang/NullPointerException'{0x00000000d56f84f0}> (0x00000000d56f84f0) 
thrown [s\src\hotspot\share\interpreter\linkResolver.cpp, line 1456]
Event: 7109.709 Thread 0x000001ecee4dde60 Exception <a 'java/lang/NullPointerException'{0x00000000d559faf0}> (0x00000000d559faf0) 
thrown [s\src\hotspot\share\interpreter\linkResolver.cpp, line 1456]

ZGC Phase Switch (0 events):
No events

VM Operations (20 events):
Event: 7117.411 Executing VM operation: ParallelGCFailedAllocation (Allocation Failure)
Event: 7117.425 Executing VM operation: ParallelGCFailedAllocation (Allocation Failure) done
Event: 7119.011 Executing VM operation: ParallelGCFailedAllocation (Allocation Failure)
Event: 7119.032 Executing VM operation: ParallelGCFailedAllocation (Allocation Failure) done
Event: 7122.319 Executing VM operation: ParallelGCFailedAllocation (Allocation Failure)
Event: 7122.369 Executing VM operation: ParallelGCFailedAllocation (Allocation Failure) done
Event: 7123.920 Executing VM operation: ParallelGCFailedAllocation (Allocation Failure)
Event: 7123.937 Executing VM operation: ParallelGCFailedAllocation (Allocation Failure) done
Event: 7124.042 Executing VM operation: ParallelGCFailedAllocation (Allocation Failure)
Event: 7124.054 Executing VM operation: ParallelGCFailedAllocation (Allocation Failure) done
Event: 7157.083 Executing VM operation: HandshakeAllThreads (HandshakeForDeflation)
Event: 7157.083 Executing VM operation: HandshakeAllThreads (HandshakeForDeflation) done
Event: 7157.083 Executing VM operation: RendezvousGCThreads
Event: 7157.083 Executing VM operation: RendezvousGCThreads done
Event: 7162.356 Executing VM operation: ParallelGCFailedAllocation (Allocation Failure)
Event: 7162.409 Executing VM operation: ParallelGCFailedAllocation (Allocation Failure) done
Event: 7698.358 Executing VM operation: HandshakeAllThreads (HandshakeForDeflation)
Event: 7698.359 Executing VM operation: HandshakeAllThreads (HandshakeForDeflation) done
Event: 7698.359 Executing VM operation: RendezvousGCThreads
Event: 7698.359 Executing VM operation: RendezvousGCThreads done

Memory protections (0 events):
No events

Nmethod flushes (20 events):
Event: 2093.040 Thread 0x000001eca4262db0 flushing  nmethod 0x000001ec92af0390
Event: 2093.040 Thread 0x000001eca4262db0 flushing  nmethod 0x000001ec92af2a90
Event: 2093.040 Thread 0x000001eca4262db0 flushing  nmethod 0x000001ec92b0a390
Event: 2093.040 Thread 0x000001eca4262db0 flushing  nmethod 0x000001ec92b21b90
Event: 2093.040 Thread 0x000001eca4262db0 flushing  nmethod 0x000001ec92b23990
Event: 2093.040 Thread 0x000001eca4262db0 flushing  nmethod 0x000001ec92b29410
Event: 2093.040 Thread 0x000001eca4262db0 flushing  nmethod 0x000001ec92b6fd10
Event: 2093.040 Thread 0x000001eca4262db0 flushing  nmethod 0x000001ec92b70090
Event: 2093.040 Thread 0x000001eca4262db0 flushing  nmethod 0x000001ec92b71810
Event: 2093.040 Thread 0x000001eca4262db0 flushing  nmethod 0x000001ec92b75a90
Event: 2093.040 Thread 0x000001eca4262db0 flushing  nmethod 0x000001ec92b98c90
Event: 2093.040 Thread 0x000001eca4262db0 flushing  nmethod 0x000001ec92cbd190
Event: 2093.040 Thread 0x000001eca4262db0 flushing  nmethod 0x000001ec92ccb210
Event: 2093.040 Thread 0x000001eca4262db0 flushing  nmethod 0x000001ec92cdd690
Event: 2093.040 Thread 0x000001eca4262db0 flushing  nmethod 0x000001ec92ce9190
Event: 2093.040 Thread 0x000001eca4262db0 flushing  nmethod 0x000001ec92d0bb10
Event: 2093.040 Thread 0x000001eca4262db0 flushing  nmethod 0x000001ec92d43a90
Event: 2093.040 Thread 0x000001eca4262db0 flushing  nmethod 0x000001ec92df7a10
Event: 2093.040 Thread 0x000001eca4262db0 flushing  nmethod 0x000001ec92e07490
Event: 2093.040 Thread 0x000001eca4262db0 flushing  nmethod 0x000001ec92e09a90

Events (20 events):
Event: 6922.179 Thread 0x000001ecee4dd140 Thread exited: 0x000001ecee4dd140
Event: 6922.271 Thread 0x000001ecee4dcab0 Thread exited: 0x000001ecee4dcab0
Event: 6957.350 Thread 0x000001eceb65f2a0 Thread added: 0x000001ecee4dde60
Event: 6968.684 Thread 0x000001eca4272020 Thread added: 0x000001ecebd01ae0
Event: 6972.600 Thread 0x000001ecebd01ae0 Thread exited: 0x000001ecebd01ae0
Event: 7016.724 Thread 0x000001ecef92b6e0 Thread added: 0x000001ecee4dcab0
Event: 7016.769 Thread 0x000001ecef92b6e0 Thread added: 0x000001ecee4dd140
Event: 7076.624 Thread 0x000001eceb65def0 Thread exited: 0x000001eceb65def0
Event: 7076.845 Thread 0x000001ecee4dd140 Thread exited: 0x000001ecee4dd140
Event: 7116.962 Thread 0x000001ecee4dde60 Thread added: 0x000001ecee4de4f0
Event: 7162.177 Thread 0x000001ecee4dd7d0 Thread exited: 0x000001ecee4dd7d0
Event: 7163.068 Thread 0x000001ecebfcc480 Thread added: 0x000001ecee4df8a0
Event: 7163.135 Thread 0x000001ecee4df8a0 Thread exited: 0x000001ecee4df8a0
Event: 7163.151 Thread 0x000001ecebfcc480 Thread added: 0x000001ecee4dd7d0
Event: 7163.372 Thread 0x000001ecee4dd7d0 Thread exited: 0x000001ecee4dd7d0
Event: 7188.736 Thread 0x000001ecee4dde60 Thread exited: 0x000001ecee4dde60
Event: 7248.710 Thread 0x000001eceb65f2a0 Thread exited: 0x000001eceb65f2a0
Event: 7308.772 Thread 0x000001ecee4de4f0 Thread exited: 0x000001ecee4de4f0
Event: 7316.749 Thread 0x000001ecee4dcab0 Thread exited: 0x000001ecee4dcab0
Event: 7368.775 Thread 0x000001eceb6647f0 Thread exited: 0x000001eceb6647f0


Dynamic libraries:
0x00007ff78e5c0000 - 0x00007ff78e5ce000 	c:\Users\DELL\.vscode\extensions\redhat.java-1.47.0-win32-x64\jre\21.0.8-win32-x86_64\bin\java.exe
0x00007fff9e170000 - 0x00007fff9e387000 	C:\WINDOWS\SYSTEM32\ntdll.dll
0x00007fff9d4f0000 - 0x00007fff9d5b4000 	C:\WINDOWS\System32\KERNEL32.DLL
0x00007fff9b750000 - 0x00007fff9bb20000 	C:\WINDOWS\System32\KERNELBASE.dll
0x00007fff9bcb0000 - 0x00007fff9bdc1000 	C:\WINDOWS\System32\ucrtbase.dll
0x00007fff8fee0000 - 0x00007fff8fef8000 	c:\Users\DELL\.vscode\extensions\redhat.java-1.47.0-win32-x64\jre\21.0.8-win32-x86_64\bin\jli.dll
0x00007fff8fec0000 - 0x00007fff8fede000 	c:\Users\DELL\.vscode\extensions\redhat.java-1.47.0-win32-x64\jre\21.0.8-win32-x86_64\bin\VCRUNTIME140.dll
0x00007fff9cbd0000 - 0x00007fff9cd81000 	C:\WINDOWS\System32\USER32.dll
0x00007fff9bb20000 - 0x00007fff9bb46000 	C:\WINDOWS\System32\win32u.dll
0x00007fff9d320000 - 0x00007fff9d349000 	C:\WINDOWS\System32\GDI32.dll
0x00007fff82e00000 - 0x00007fff8309c000 	C:\WINDOWS\WinSxS\amd64_microsoft.windows.common-controls_6595b64144ccf1df_6.0.22621.5840_none_2710ea077384a4fe\COMCTL32.dll
0x00007fff9b270000 - 0x00007fff9b393000 	C:\WINDOWS\System32\gdi32full.dll
0x00007fff9df40000 - 0x00007fff9dfe7000 	C:\WINDOWS\System32\msvcrt.dll
0x00007fff9bb50000 - 0x00007fff9bbea000 	C:\WINDOWS\System32\msvcp_win.dll
0x00007fff9cd90000 - 0x00007fff9cdc1000 	C:\WINDOWS\System32\IMM32.DLL
0x00007fff94e40000 - 0x00007fff94e4c000 	c:\Users\DELL\.vscode\extensions\redhat.java-1.47.0-win32-x64\jre\21.0.8-win32-x86_64\bin\vcruntime140_1.dll
0x00007fff8fe30000 - 0x00007fff8febd000 	c:\Users\DELL\.vscode\extensions\redhat.java-1.47.0-win32-x64\jre\21.0.8-win32-x86_64\bin\msvcp140.dll
0x00007fff4c860000 - 0x00007fff4d5f7000 	c:\Users\DELL\.vscode\extensions\redhat.java-1.47.0-win32-x64\jre\21.0.8-win32-x86_64\bin\server\jvm.dll
0x00007fff9dcd0000 - 0x00007fff9dd81000 	C:\WINDOWS\System32\ADVAPI32.dll
0x00007fff9dff0000 - 0x00007fff9e098000 	C:\WINDOWS\System32\sechost.dll
0x00007fff9bdd0000 - 0x00007fff9bdf8000 	C:\WINDOWS\System32\bcrypt.dll
0x00007fff9d1f0000 - 0x00007fff9d308000 	C:\WINDOWS\System32\RPCRT4.dll
0x00007fff9d640000 - 0x00007fff9d6b1000 	C:\WINDOWS\System32\WS2_32.dll
0x00007fff9b140000 - 0x00007fff9b18d000 	C:\WINDOWS\SYSTEM32\POWRPROF.dll
0x00007fff950d0000 - 0x00007fff95104000 	C:\WINDOWS\SYSTEM32\WINMM.dll
0x00007fff92b40000 - 0x00007fff92b4a000 	C:\WINDOWS\SYSTEM32\VERSION.dll
0x00007fff9b120000 - 0x00007fff9b133000 	C:\WINDOWS\SYSTEM32\UMPDC.dll
0x00007fff9a200000 - 0x00007fff9a218000 	C:\WINDOWS\SYSTEM32\kernel.appcore.dll
0x00007fff932d0000 - 0x00007fff932da000 	c:\Users\DELL\.vscode\extensions\redhat.java-1.47.0-win32-x64\jre\21.0.8-win32-x86_64\bin\jimage.dll
0x00007fff98cf0000 - 0x00007fff98f23000 	C:\WINDOWS\SYSTEM32\DBGHELP.DLL
0x00007fff9cdf0000 - 0x00007fff9d181000 	C:\WINDOWS\System32\combase.dll
0x00007fff9de60000 - 0x00007fff9df38000 	C:\WINDOWS\System32\OLEAUT32.dll
0x00007fff69ea0000 - 0x00007fff69ed2000 	C:\WINDOWS\SYSTEM32\dbgcore.DLL
0x00007fff9b3a0000 - 0x00007fff9b41b000 	C:\WINDOWS\System32\bcryptPrimitives.dll
0x00007fff8fdc0000 - 0x00007fff8fdcf000 	c:\Users\DELL\.vscode\extensions\redhat.java-1.47.0-win32-x64\jre\21.0.8-win32-x86_64\bin\instrument.dll
0x00007fff8fbb0000 - 0x00007fff8fbcf000 	c:\Users\DELL\.vscode\extensions\redhat.java-1.47.0-win32-x64\jre\21.0.8-win32-x86_64\bin\java.dll
0x00007fff9be00000 - 0x00007fff9c6a1000 	C:\WINDOWS\System32\SHELL32.dll
0x00007fff9b610000 - 0x00007fff9b74f000 	C:\WINDOWS\System32\wintypes.dll
0x00007fff990f0000 - 0x00007fff99a0a000 	C:\WINDOWS\SYSTEM32\windows.storage.dll
0x00007fff9dbc0000 - 0x00007fff9dcca000 	C:\WINDOWS\System32\SHCORE.dll
0x00007fff9c6b0000 - 0x00007fff9c719000 	C:\WINDOWS\System32\shlwapi.dll
0x00007fff9b1a0000 - 0x00007fff9b1c5000 	C:\WINDOWS\SYSTEM32\profapi.dll
0x00007fff8fe10000 - 0x00007fff8fe28000 	c:\Users\DELL\.vscode\extensions\redhat.java-1.47.0-win32-x64\jre\21.0.8-win32-x86_64\bin\zip.dll
0x00007fff8fe00000 - 0x00007fff8fe10000 	C:\Users\DELL\.vscode\extensions\redhat.java-1.47.0-win32-x64\jre\21.0.8-win32-x86_64\bin\net.dll
0x00007fff96760000 - 0x00007fff9688c000 	C:\WINDOWS\SYSTEM32\WINHTTP.dll
0x00007fff9a6d0000 - 0x00007fff9a739000 	C:\WINDOWS\system32\mswsock.dll
0x00007fff8fde0000 - 0x00007fff8fdf6000 	C:\Users\DELL\.vscode\extensions\redhat.java-1.47.0-win32-x64\jre\21.0.8-win32-x86_64\bin\nio.dll
0x00007fff8fdd0000 - 0x00007fff8fde0000 	c:\Users\DELL\.vscode\extensions\redhat.java-1.47.0-win32-x64\jre\21.0.8-win32-x86_64\bin\verify.dll
0x00007fff8fcf0000 - 0x00007fff8fd34000 	C:\Users\DELL\AppData\Roaming\Code\User\globalStorage\redhat.java\1.47.0\config_win\org.eclipse.equinox.launcher\org.eclipse.equinox.launcher.win32.win32.x86_64_1.2.1400.v20250801-0854\eclipse_11916.dll
0x00007fff9d350000 - 0x00007fff9d4f0000 	C:\WINDOWS\System32\ole32.dll
0x00007fff9a920000 - 0x00007fff9a93b000 	C:\WINDOWS\SYSTEM32\CRYPTSP.dll
0x00007fff9a160000 - 0x00007fff9a197000 	C:\WINDOWS\system32\rsaenh.dll
0x00007fff9a7a0000 - 0x00007fff9a7c8000 	C:\WINDOWS\SYSTEM32\USERENV.dll
0x00007fff9a940000 - 0x00007fff9a94c000 	C:\WINDOWS\SYSTEM32\CRYPTBASE.dll
0x00007fff99c70000 - 0x00007fff99c9d000 	C:\WINDOWS\SYSTEM32\IPHLPAPI.DLL
0x00007fff9d310000 - 0x00007fff9d319000 	C:\WINDOWS\System32\NSI.dll
0x00007fff959d0000 - 0x00007fff95a19000 	C:\Users\DELL\AppData\Local\Temp\jna-2094529\jna54612738476479977.dll
0x00007fff9de40000 - 0x00007fff9de48000 	C:\WINDOWS\System32\PSAPI.DLL
0x00007fff960c0000 - 0x00007fff960d9000 	C:\WINDOWS\SYSTEM32\dhcpcsvc6.DLL
0x00007fff95a20000 - 0x00007fff95a3f000 	C:\WINDOWS\SYSTEM32\dhcpcsvc.DLL
0x00007fff6a930000 - 0x00007fff6a93e000 	C:\Users\DELL\.vscode\extensions\redhat.java-1.47.0-win32-x64\jre\21.0.8-win32-x86_64\bin\sunmscapi.dll
0x00007fff9b420000 - 0x00007fff9b588000 	C:\WINDOWS\System32\CRYPT32.dll
0x00007fff9ab30000 - 0x00007fff9ab5d000 	C:\WINDOWS\SYSTEM32\ncrypt.dll
0x00007fff9aaf0000 - 0x00007fff9ab27000 	C:\WINDOWS\SYSTEM32\NTASN1.dll

JVMTI agents:
c:\Users\DELL\.vscode\extensions\redhat.java-1.47.0-win32-x64\lombok\lombok-1.18.39-4050.jar path:c:\Users\DELL\.vscode\extensions\redhat.java-1.47.0-win32-x64\jre\21.0.8-win32-x86_64\bin\instrument.dll, loaded, initialized, instrumentlib options:none

dbghelp: loaded successfully - version: 4.0.5 - missing functions: none
symbol engine: initialized successfully - sym options: 0x614 - pdb path: .;c:\Users\DELL\.vscode\extensions\redhat.java-1.47.0-win32-x64\jre\21.0.8-win32-x86_64\bin;C:\WINDOWS\SYSTEM32;C:\WINDOWS\WinSxS\amd64_microsoft.windows.common-controls_6595b64144ccf1df_6.0.22621.5840_none_2710ea077384a4fe;c:\Users\DELL\.vscode\extensions\redhat.java-1.47.0-win32-x64\jre\21.0.8-win32-x86_64\bin\server;C:\Users\DELL\AppData\Roaming\Code\User\globalStorage\redhat.java\1.47.0\config_win\org.eclipse.equinox.launcher\org.eclipse.equinox.launcher.win32.win32.x86_64_1.2.1400.v20250801-0854;C:\Users\DELL\AppData\Local\Temp\jna-2094529

VM Arguments:
jvm_args: --add-modules=ALL-SYSTEM --add-opens=java.base/java.util=ALL-UNNAMED --add-opens=java.base/java.lang=ALL-UNNAMED --add-opens=java.base/sun.nio.fs=ALL-UNNAMED -Declipse.application=org.eclipse.jdt.ls.core.id1 -Dosgi.bundles.defaultStartLevel=4 -Declipse.product=org.eclipse.jdt.ls.core.product -Djava.import.generatesMetadataFilesAtProjectRoot=false -DDetectVMInstallationsJob.disabled=true -Dfile.encoding=utf8 -XX:+UseParallelGC -XX:GCTimeRatio=4 -XX:AdaptiveSizePolicyWeight=90 -Dsun.zip.disableMemoryMapping=true -Xmx2G -Xms100m -Xlog:disable -javaagent:c:\Users\DELL\.vscode\extensions\redhat.java-1.47.0-win32-x64\lombok\lombok-1.18.39-4050.jar -XX:+HeapDumpOnOutOfMemoryError -XX:HeapDumpPath=c:\Users\DELL\AppData\Roaming\Code\User\workspaceStorage\8b73f063377c099f78fcd21a2df6fb00\redhat.java -Daether.dependencyCollector.impl=bf 
java_command: c:\Users\DELL\.vscode\extensions\redhat.java-1.47.0-win32-x64\server\plugins\org.eclipse.equinox.launcher_1.7.100.v20251014-1222.jar -configuration c:\Users\DELL\AppData\Roaming\Code\User\globalStorage\redhat.java\1.47.0\config_win -data c:\Users\DELL\AppData\Roaming\Code\User\workspaceStorage\8b73f063377c099f78fcd21a2df6fb00\redhat.java\jdt_ws --pipe=\\.\pipe\lsp-84cf5ef04b01106a1ae0d2f80ed85237-sock
java_class_path (initial): c:\Users\DELL\.vscode\extensions\redhat.java-1.47.0-win32-x64\server\plugins\org.eclipse.equinox.launcher_1.7.100.v20251014-1222.jar
Launcher Type: SUN_STANDARD

[Global flags]
    uintx AdaptiveSizePolicyWeight                 = 90                                        {product} {command line}
     intx CICompilerCount                          = 4                                         {product} {ergonomic}
    uintx GCTimeRatio                              = 4                                         {product} {command line}
     bool HeapDumpOnOutOfMemoryError               = true                                   {manageable} {command line}
    ccstr HeapDumpPath                             = c:\Users\DELL\AppData\Roaming\Code\User\workspaceStorage\8b73f063377c099f78fcd21a2df6fb00\redhat.java         {manageable} {command line}
   size_t InitialHeapSize                          = 104857600                                 {product} {command line}
   size_t MaxHeapSize                              = 2147483648                                {product} {command line}
   size_t MaxNewSize                               = 715653120                                 {product} {ergonomic}
   size_t MinHeapDeltaBytes                        = 524288                                    {product} {ergonomic}
   size_t MinHeapSize                              = 104857600                                 {product} {command line}
   size_t NewSize                                  = 34603008                                  {product} {ergonomic}
    uintx NonNMethodCodeHeapSize                   = 5839372                                {pd product} {ergonomic}
    uintx NonProfiledCodeHeapSize                  = 122909434                              {pd product} {ergonomic}
   size_t OldSize                                  = 70254592                                  {product} {ergonomic}
    uintx ProfiledCodeHeapSize                     = 122909434                              {pd product} {ergonomic}
    uintx ReservedCodeCacheSize                    = 251658240                              {pd product} {ergonomic}
     bool SegmentedCodeCache                       = true                                      {product} {ergonomic}
   size_t SoftMaxHeapSize                          = 2147483648                             {manageable} {ergonomic}
     bool UseCompressedOops                        = true                           {product lp64_product} {ergonomic}
     bool UseLargePagesIndividualAllocation        = false                                  {pd product} {ergonomic}
     bool UseParallelGC                            = true                                      {product} {command line}

Logging:
Log output configuration:
 #0: stdout all=off uptime,level,tags foldmultilines=false
 #1: stderr all=off uptime,level,tags foldmultilines=false

Environment Variables:
JAVA_HOME=C:\Program Files\Java\jdk-21.0.8
PATH=C:\Program Files\Java\jdk-21.0.8\bin;C:\WINDOWS\System32\Wbem;C:\WINDOWS\System32\WindowsPowerShell\v1.0\;C:\WINDOWS\System32\OpenSSH\;C:\MinGW\bin;C:\ProgramData\chocolatey\bin;C:\Program Files\nvm;C:\Program Files\nodejs;C:\Program Files (x86)\Microsoft SQL Server\160\Tools\Binn\;C:\Program Files\Microsoft SQL Server\160\Tools\Binn\;C:\Program Files\Microsoft SQL Server\Client SDK\ODBC\170\Tools\Binn\;C:\Program Files\Microsoft SQL Server\160\DTS\Binn\;C:\Program Files (x86)\Microsoft SQL Server\160\DTS\Binn\;C:\Program Files\Git\cmd;C:\Program Files\gradle-9.1.0\bin;C:\Program Files\Docker\Docker\resources\bin;C:\Program Files\Java\jdk-21.0.8\bin;C:\Program Files\MySQL\MySQL Shell 8.0\bin\;C:\Users\DELL\AppData\Local\Programs\Python\Python311\Scripts\;C:\Users\DELL\AppData\Local\Programs\Python\Python311\;C:\Program Files (x86)\VMware\VMware Workstation\bin\;C:\Program Files (x86)\Common Files\Oracle\Java\javapath;C:\WINDOWS\system32;C:\WINDOWS;C:\WINDOWS\System32\Wbem;C:\WINDOWS\System32\WindowsPowerShell\v1.0\;C:\WINDOWS\System32\OpenSSH\;C:\Program Files\dotnet\;C:\MinGW\bin;C:\Program Files\Git\cmd;C:\Program Files\Cloudflare\Cloudflare WARP\;C:\ProgramData\chocolatey\bin;C:\Program Files\nvm;C:\Program Files\nodejs;C:\Users\DELL\AppData\Local\Microsoft\WindowsApps;C:\Users\DELL\.dotnet\tools;C:\Users\DELL\AppData\Local\Programs\Microsoft VS Code\bin;C:\Program Files (x86)\MongoDB Atlas CLI\;C:\Program Files\nvm;C:\Program Files\nodejs;C:\Program Files\nvm\v16.0.0;C:\Program Files\Azure Data Studio\bin;
USERNAME=DELL
OS=Windows_NT
PROCESSOR_IDENTIFIER=Intel64 Family 6 Model 140 Stepping 1, GenuineIntel
TMP=C:\Users\DELL\AppData\Local\Temp
TEMP=C:\Users\DELL\AppData\Local\Temp




Periodic native trim disabled

---------------  S Y S T E M  ---------------

OS:
 Windows 11 , 64 bit Build 22621 (10.0.22621.5415)
OS uptime: 0 days 2:10 hours
Hyper-V role detected

CPU: total 8 (initial active 8) (4 cores per cpu, 2 threads per core) family 6 model 140 stepping 1 microcode 0xbc, cx8, cmov, fxsr, ht, mmx, 3dnowpref, sse, sse2, sse3, ssse3, sse4.1, sse4.2, popcnt, lzcnt, tsc, tscinvbit, avx, avx2, aes, erms, clmul, bmi1, bmi2, adx, avx512f, avx512dq, avx512cd, avx512bw, avx512vl, sha, fma, vzeroupper, avx512_vpopcntdq, avx512_vpclmulqdq, avx512_vaes, avx512_vnni, clflush, clflushopt, clwb, avx512_vbmi2, avx512_vbmi, hv, rdtscp, rdpid, fsrm, gfni, avx512_bitalg, f16c, cet_ibt, cet_ss, avx512_ifma
Processor Information for the first 8 processors :
  Max Mhz: 2419, Current Mhz: 2419, Mhz Limit: 2419

Memory: 4k page, system-wide physical 7914M (407M free)
TotalPageFile size 20502M (AvailPageFile size 1M)
current process WorkingSet (physical memory assigned to process): 21M, peak: 1065M
current process commit charge ("private bytes"): 1358M, peak: 1360M

vm_info: OpenJDK 64-Bit Server VM (21.0.8+9-LTS) for windows-amd64 JRE (21.0.8+9-LTS), built on 2025-07-15T00:00:00Z by "admin" with MS VC++ 17.7 (VS2022)

END.
