#
# There is insufficient memory for the Java Runtime Environment to continue.
# Native memory allocation (malloc) failed to allocate 1048576 bytes. Error detail: AllocateHeap
# Possible reasons:
#   The system is out of physical RAM or swap space
#   This process is running with CompressedOops enabled, and the Java Heap may be blocking the growth of the native heap
# Possible solutions:
#   Reduce memory load on the system
#   Increase physical memory or swap space
#   Check if swap backing store is full
#   Decrease Java heap size (-Xmx/-Xms)
#   Decrease number of Java threads
#   Decrease Java thread stack sizes (-Xss)
#   Set larger code cache with -XX:ReservedCodeCacheSize=
#   JVM is running with Unscaled Compressed Oops mode in which the Java heap is
#     placed in the first 4GB address space. The Java Heap base address is the
#     maximum limit for the native heap growth. Please use -XX:HeapBaseMinAddress
#     to set the Java Heap base and to place the Java Heap above 4GB virtual address.
# This output file may be truncated or incomplete.
#
#  Out of Memory Error (allocation.cpp:44), pid=22500, tid=20668
#
# JRE version: OpenJDK Runtime Environment Temurin-21.0.8+9 (21.0.8+9) (build 21.0.8+9-LTS)
# Java VM: OpenJDK 64-Bit Server VM Temurin-21.0.8+9 (21.0.8+9-LTS, mixed mode, sharing, tiered, compressed oops, compressed class ptrs, parallel gc, windows-amd64)
# No core dump will be written. Minidumps are not enabled by default on client versions of Windows
#

---------------  S U M M A R Y ------------

Command Line: --add-modules=ALL-SYSTEM --add-opens=java.base/java.util=ALL-UNNAMED --add-opens=java.base/java.lang=ALL-UNNAMED --add-opens=java.base/sun.nio.fs=ALL-UNNAMED -Declipse.application=org.eclipse.jdt.ls.core.id1 -Dosgi.bundles.defaultStartLevel=4 -Declipse.product=org.eclipse.jdt.ls.core.product -Djava.import.generatesMetadataFilesAtProjectRoot=false -DDetectVMInstallationsJob.disabled=true -Dfile.encoding=utf8 -XX:+UseParallelGC -XX:GCTimeRatio=4 -XX:AdaptiveSizePolicyWeight=90 -Dsun.zip.disableMemoryMapping=true -Xmx2G -Xms100m -Xlog:disable -javaagent:c:\Users\DELL\.vscode\extensions\redhat.java-1.47.0-win32-x64\lombok\lombok-1.18.39-4050.jar -XX:+HeapDumpOnOutOfMemoryError -XX:HeapDumpPath=c:\Users\DELL\AppData\Roaming\Code\User\workspaceStorage\8b73f063377c099f78fcd21a2df6fb00\redhat.java -Daether.dependencyCollector.impl=bf c:\Users\DELL\.vscode\extensions\redhat.java-1.47.0-win32-x64\server\plugins\org.eclipse.equinox.launcher_1.7.100.v20251014-1222.jar -configuration c:\Users\DELL\AppData\Roaming\Code\User\globalStorage\redhat.java\1.47.0\config_win -data c:\Users\DELL\AppData\Roaming\Code\User\workspaceStorage\8b73f063377c099f78fcd21a2df6fb00\redhat.java\jdt_ws --pipe=\\.\pipe\lsp-6eeb3ac702b4d3db0cfc8ba8f7d681fe-sock

Host: 11th Gen Intel(R) Core(TM) i5-1135G7 @ 2.40GHz, 8 cores, 7G,  Windows 11 , 64 bit Build 22621 (10.0.22621.5415)
Time: Sat Nov  1 12:58:02 2025 SE Asia Standard Time elapsed time: 200.204944 seconds (0d 0h 3m 20s)

---------------  T H R E A D  ---------------

Current thread (0x0000017a7a6d5ae0):  JavaThread "Attach Listener" daemon [_thread_in_vm, id=20668, stack(0x00000067c6100000,0x00000067c6200000) (1024K)]

Stack: [0x00000067c6100000,0x00000067c6200000]
Native frames: (J=compiled Java code, j=interpreted, Vv=VM code, C=native code)
V  [jvm.dll+0x6d2449]
V  [jvm.dll+0x8ae341]
V  [jvm.dll+0x8b08be]
V  [jvm.dll+0x8b0fa3]
V  [jvm.dll+0x280c96]
V  [jvm.dll+0xc0347]
V  [jvm.dll+0x6d2cf9]
V  [jvm.dll+0x131116]
V  [jvm.dll+0x3f2d16]
V  [jvm.dll+0x857e6b]
V  [jvm.dll+0x6d0b0d]
C  [ucrtbase.dll+0x29333]
C  [KERNEL32.DLL+0x1259d]
C  [ntdll.dll+0x5af78]


---------------  P R O C E S S  ---------------

Threads class SMR info:
_java_thread_list=0x0000017a6199fb70, length=47, elements={
0x0000017a63c718b0, 0x0000017a63d2b160, 0x0000017a63d2ca60, 0x0000017a7a6d4bd0,
0x0000017a7a6d5ae0, 0x0000017a7a6d69f0, 0x0000017a7a6da460, 0x0000017a7a6db1e0,
0x0000017a7a70e8f0, 0x0000017a4509ca20, 0x0000017a45296b60, 0x0000017a456b3880,
0x0000017a456f52b0, 0x0000017a452bac20, 0x0000017a456d3220, 0x0000017a45116d10,
0x0000017a45a44e70, 0x0000017a45475d40, 0x0000017a455c2210, 0x0000017a45422ec0,
0x0000017a45421b10, 0x0000017a45420df0, 0x0000017a454221a0, 0x0000017a47208400,
0x0000017a47205610, 0x0000017a47205ca0, 0x0000017a47206330, 0x0000017a47204f80,
0x0000017a472069c0, 0x0000017a47207050, 0x0000017a472076e0, 0x0000017a47207d70,
0x0000017a48979050, 0x0000017a4897d1f0, 0x0000017a4897d880, 0x0000017a489796e0,
0x0000017a48979d70, 0x0000017a4897c4d0, 0x0000017a48977610, 0x0000017a4897df10,
0x0000017a4897e5a0, 0x0000017a4897aa90, 0x0000017a48977ca0, 0x0000017a489789c0,
0x0000017a4897b7b0, 0x0000017a48978330, 0x0000017a4897a400
}

Java Threads: ( => current thread )
  0x0000017a63c718b0 JavaThread "main"                              [_thread_blocked, id=3460, stack(0x00000067c5a00000,0x00000067c5b00000) (1024K)]
  0x0000017a63d2b160 JavaThread "Reference Handler"          daemon [_thread_blocked, id=22604, stack(0x00000067c5e00000,0x00000067c5f00000) (1024K)]
  0x0000017a63d2ca60 JavaThread "Finalizer"                  daemon [_thread_blocked, id=7896, stack(0x00000067c5f00000,0x00000067c6000000) (1024K)]
  0x0000017a7a6d4bd0 JavaThread "Signal Dispatcher"          daemon [_thread_blocked, id=24560, stack(0x00000067c6000000,0x00000067c6100000) (1024K)]
=>0x0000017a7a6d5ae0 JavaThread "Attach Listener"            daemon [_thread_in_vm, id=20668, stack(0x00000067c6100000,0x00000067c6200000) (1024K)]
  0x0000017a7a6d69f0 JavaThread "Service Thread"             daemon [_thread_blocked, id=11268, stack(0x00000067c6200000,0x00000067c6300000) (1024K)]
  0x0000017a7a6da460 JavaThread "Monitor Deflation Thread"   daemon [_thread_blocked, id=18408, stack(0x00000067c6300000,0x00000067c6400000) (1024K)]
  0x0000017a7a6db1e0 JavaThread "C2 CompilerThread0"         daemon [_thread_blocked, id=22584, stack(0x00000067c6400000,0x00000067c6500000) (1024K)]
  0x0000017a7a70e8f0 JavaThread "C1 CompilerThread0"         daemon [_thread_blocked, id=1216, stack(0x00000067c6500000,0x00000067c6600000) (1024K)]
  0x0000017a4509ca20 JavaThread "Common-Cleaner"             daemon [_thread_blocked, id=1400, stack(0x00000067c6600000,0x00000067c6700000) (1024K)]
  0x0000017a45296b60 JavaThread "Notification Thread"        daemon [_thread_blocked, id=11448, stack(0x00000067c6700000,0x00000067c6800000) (1024K)]
  0x0000017a456b3880 JavaThread "Active Thread: Equinox Container: 9edfc3c7-9286-4d33-8e11-cae154482b37"        [_thread_blocked, id=22404, stack(0x00000067c6e00000,0x00000067c6f00000) (1024K)]
  0x0000017a456f52b0 JavaThread "Refresh Thread: Equinox Container: 9edfc3c7-9286-4d33-8e11-cae154482b37" daemon [_thread_blocked, id=24160, stack(0x00000067c7000000,0x00000067c7100000) (1024K)]
  0x0000017a452bac20 JavaThread "Framework Event Dispatcher: Equinox Container: 9edfc3c7-9286-4d33-8e11-cae154482b37" daemon [_thread_blocked, id=8660, stack(0x00000067c7100000,0x00000067c7200000) (1024K)]
  0x0000017a456d3220 JavaThread "Start Level: Equinox Container: 9edfc3c7-9286-4d33-8e11-cae154482b37" daemon [_thread_blocked, id=18692, stack(0x00000067c7200000,0x00000067c7300000) (1024K)]
  0x0000017a45116d10 JavaThread "Bundle File Closer"         daemon [_thread_blocked, id=23916, stack(0x00000067c7300000,0x00000067c7400000) (1024K)]
  0x0000017a45a44e70 JavaThread "SCR Component Actor"        daemon [_thread_blocked, id=4060, stack(0x00000067c7400000,0x00000067c7500000) (1024K)]
  0x0000017a45475d40 JavaThread "Worker-JM"                         [_thread_blocked, id=16744, stack(0x00000067c7500000,0x00000067c7600000) (1024K)]
  0x0000017a455c2210 JavaThread "JNA Cleaner"                daemon [_thread_blocked, id=19024, stack(0x00000067c7600000,0x00000067c7700000) (1024K)]
  0x0000017a45422ec0 JavaThread "Worker-0"                          [_thread_blocked, id=19408, stack(0x00000067c7700000,0x00000067c7800000) (1024K)]
  0x0000017a45421b10 JavaThread "Java indexing"              daemon [_thread_blocked, id=13436, stack(0x00000067c7a00000,0x00000067c7b00000) (1024K)]
  0x0000017a45420df0 JavaThread "Thread-1"                   daemon [_thread_in_native, id=3116, stack(0x00000067c7e00000,0x00000067c7f00000) (1024K)]
  0x0000017a454221a0 JavaThread "Thread-2"                   daemon [_thread_in_native, id=23000, stack(0x00000067c7f00000,0x00000067c8000000) (1024K)]
  0x0000017a47208400 JavaThread "Thread-3"                   daemon [_thread_in_native, id=10304, stack(0x00000067c8000000,0x00000067c8100000) (1024K)]
  0x0000017a47205610 JavaThread "Thread-4"                   daemon [_thread_in_native, id=14780, stack(0x00000067c8100000,0x00000067c8200000) (1024K)]
  0x0000017a47205ca0 JavaThread "Thread-5"                   daemon [_thread_in_native, id=22316, stack(0x00000067c8200000,0x00000067c8300000) (1024K)]
  0x0000017a47206330 JavaThread "Thread-6"                   daemon [_thread_in_native, id=7472, stack(0x00000067c8300000,0x00000067c8400000) (1024K)]
  0x0000017a47204f80 JavaThread "Thread-7"                   daemon [_thread_in_native, id=19844, stack(0x00000067c8400000,0x00000067c8500000) (1024K)]
  0x0000017a472069c0 JavaThread "Thread-8"                   daemon [_thread_in_native, id=23088, stack(0x00000067c8500000,0x00000067c8600000) (1024K)]
  0x0000017a47207050 JavaThread "Thread-9"                   daemon [_thread_in_native, id=22860, stack(0x00000067c8600000,0x00000067c8700000) (1024K)]
  0x0000017a472076e0 JavaThread "pool-2-thread-1"                   [_thread_blocked, id=21132, stack(0x00000067c8700000,0x00000067c8800000) (1024K)]
  0x0000017a47207d70 JavaThread "WorkspaceEventsHandler"            [_thread_blocked, id=22156, stack(0x00000067c8800000,0x00000067c8900000) (1024K)]
  0x0000017a48979050 JavaThread "pool-1-thread-1"                   [_thread_blocked, id=16936, stack(0x00000067c8900000,0x00000067c8a00000) (1024K)]
  0x0000017a4897d1f0 JavaThread "ForkJoinPool.commonPool-worker-1" daemon [_thread_blocked, id=23424, stack(0x00000067c8a00000,0x00000067c8b00000) (1024K)]
  0x0000017a4897d880 JavaThread "ForkJoinPool.commonPool-worker-3" daemon [_thread_blocked, id=7576, stack(0x00000067c8c00000,0x00000067c8d00000) (1024K)]
  0x0000017a489796e0 JavaThread "ForkJoinPool.commonPool-worker-4" daemon [_thread_blocked, id=20556, stack(0x00000067c8d00000,0x00000067c8e00000) (1024K)]
  0x0000017a48979d70 JavaThread "ForkJoinPool.commonPool-worker-5" daemon [_thread_blocked, id=22328, stack(0x00000067c8e00000,0x00000067c8f00000) (1024K)]
  0x0000017a4897c4d0 JavaThread "ForkJoinPool.commonPool-worker-6" daemon [_thread_blocked, id=22480, stack(0x00000067c8f00000,0x00000067c9000000) (1024K)]
  0x0000017a48977610 JavaThread "ForkJoinPool.commonPool-worker-7" daemon [_thread_blocked, id=14200, stack(0x00000067c9000000,0x00000067c9100000) (1024K)]
  0x0000017a4897df10 JavaThread "Compiler Source File Reader" daemon [_thread_blocked, id=23668, stack(0x00000067c9100000,0x00000067c9200000) (1024K)]
  0x0000017a4897e5a0 JavaThread "Worker-6"                          [_thread_blocked, id=19260, stack(0x00000067c9300000,0x00000067c9400000) (1024K)]
  0x0000017a4897aa90 JavaThread "Cleaner-0"                  daemon [_thread_blocked, id=23796, stack(0x00000067c9600000,0x00000067c9700000) (1024K)]
  0x0000017a48977ca0 JavaThread "Compiler Source File Reader" daemon [_thread_blocked, id=24480, stack(0x00000067c9700000,0x00000067c9800000) (1024K)]
  0x0000017a489789c0 JavaThread "Compiler Source File Reader" daemon [_thread_blocked, id=7416, stack(0x00000067c5900000,0x00000067c5a00000) (1024K)]
  0x0000017a4897b7b0 JavaThread "Compiler Source File Reader" daemon [_thread_blocked, id=16336, stack(0x00000067c9800000,0x00000067c9900000) (1024K)]
  0x0000017a48978330 JavaThread "Compiler Source File Reader" daemon [_thread_blocked, id=10356, stack(0x00000067c9400000,0x00000067c9500000) (1024K)]
  0x0000017a4897a400 JavaThread "Compiler Source File Reader" daemon [_thread_blocked, id=16068, stack(0x00000067c9900000,0x00000067c9a00000) (1024K)]
Total: 47

Other Threads:
  0x0000017a63d11760 VMThread "VM Thread"                           [id=14216, stack(0x00000067c5d00000,0x00000067c5e00000) (1024K)]
  0x0000017a63cdd140 WatcherThread "VM Periodic Task Thread"        [id=16516, stack(0x00000067c5c00000,0x00000067c5d00000) (1024K)]
  0x0000017a63c8ebb0 WorkerThread "GC Thread#0"                     [id=14324, stack(0x00000067c5b00000,0x00000067c5c00000) (1024K)]
  0x0000017a457282e0 WorkerThread "GC Thread#1"                     [id=23728, stack(0x00000067c6800000,0x00000067c6900000) (1024K)]
  0x0000017a45728680 WorkerThread "GC Thread#2"                     [id=2088, stack(0x00000067c6900000,0x00000067c6a00000) (1024K)]
  0x0000017a45728a20 WorkerThread "GC Thread#3"                     [id=18720, stack(0x00000067c6a00000,0x00000067c6b00000) (1024K)]
  0x0000017a4574eb30 WorkerThread "GC Thread#4"                     [id=21788, stack(0x00000067c6b00000,0x00000067c6c00000) (1024K)]
  0x0000017a4574eed0 WorkerThread "GC Thread#5"                     [id=8632, stack(0x00000067c6c00000,0x00000067c6d00000) (1024K)]
  0x0000017a4574f270 WorkerThread "GC Thread#6"                     [id=18504, stack(0x00000067c6d00000,0x00000067c6e00000) (1024K)]
  0x0000017a7a6de9e0 WorkerThread "GC Thread#7"                     [id=24080, stack(0x00000067c6f00000,0x00000067c7000000) (1024K)]
Total: 10

Threads with active compile tasks:
Total: 0

VM state: not at safepoint (normal execution)

VM Mutex/Monitor currently owned by a thread: None

Heap address: 0x0000000080000000, size: 2048 MB, Compressed Oops mode: 32-bit

CDS archive(s) mapped at: [0x0000017a00000000-0x0000017a00ba0000-0x0000017a00ba0000), size 12189696, SharedBaseAddress: 0x0000017a00000000, ArchiveRelocationMode: 1.
Compressed class space mapped at: 0x0000017a01000000-0x0000017a41000000, reserved size: 1073741824
Narrow klass base: 0x0000017a00000000, Narrow klass shift: 0, Narrow klass range: 0x100000000

GC Precious Log:
 CardTable entry size: 512
 CPUs: 8 total, 8 available
 Memory: 7914M
 Large Page Support: Disabled
 NUMA Support: Disabled
 Compressed Oops: Enabled (32-bit)
 Alignments: Space 512K, Generation 512K, Heap 2M
 Heap Min Capacity: 100M
 Heap Initial Capacity: 100M
 Heap Max Capacity: 2G
 Pre-touch: Disabled
 Parallel Workers: 8

Heap:
 PSYoungGen      total 22528K, used 2409K [0x00000000d5580000, 0x00000000d7200000, 0x0000000100000000)
  eden space 22016K, 8% used [0x00000000d5580000,0x00000000d57626b0,0x00000000d6b00000)
  from space 512K, 93% used [0x00000000d7180000,0x00000000d71f8000,0x00000000d7200000)
  to   space 1024K, 0% used [0x00000000d7000000,0x00000000d7000000,0x00000000d7100000)
 ParOldGen       total 162816K, used 162749K [0x0000000080000000, 0x0000000089f00000, 0x00000000d5580000)
  object space 162816K, 99% used [0x0000000080000000,0x0000000089eef498,0x0000000089f00000)
 Metaspace       used 67488K, committed 69120K, reserved 1114112K
  class space    used 7029K, committed 7744K, reserved 1048576K

Card table byte_map: [0x0000017a63640000,0x0000017a63a50000] _byte_map_base: 0x0000017a63240000

Marking Bits: (ParMarkBitMap*) 0x00007ffa54fea340
 Begin Bits: [0x0000017a76110000, 0x0000017a78110000)
 End Bits:   [0x0000017a78110000, 0x0000017a7a110000)

Polling page: 0x0000017a63430000

Metaspace:

Usage:
  Non-class:     59.04 MB used.
      Class:      6.86 MB used.
       Both:     65.91 MB used.

Virtual space:
  Non-class space:       64.00 MB reserved,      59.94 MB ( 94%) committed,  1 nodes.
      Class space:        1.00 GB reserved,       7.56 MB ( <1%) committed,  1 nodes.
             Both:        1.06 GB reserved,      67.50 MB (  6%) committed. 

Chunk freelists:
   Non-Class:  3.78 MB
       Class:  8.39 MB
        Both:  12.17 MB

MaxMetaspaceSize: unlimited
CompressedClassSpaceSize: 1.00 GB
Initial GC threshold: 21.00 MB
Current GC threshold: 97.31 MB
CDS: on
 - commit_granule_bytes: 65536.
 - commit_granule_words: 8192.
 - virtual_space_node_default_size: 8388608.
 - enlarge_chunks_in_place: 1.
 - use_allocation_guard: 0.


Internal statistics:

num_allocs_failed_limit: 11.
num_arena_births: 1252.
num_arena_deaths: 14.
num_vsnodes_births: 2.
num_vsnodes_deaths: 0.
num_space_committed: 1080.
num_space_uncommitted: 0.
num_chunks_returned_to_freelist: 25.
num_chunks_taken_from_freelist: 4446.
num_chunk_merges: 17.
num_chunk_splits: 2748.
num_chunks_enlarged: 1591.
num_inconsistent_stats: 0.

CodeHeap 'non-profiled nmethods': size=120000Kb used=6726Kb max_used=6726Kb free=113273Kb
 bounds [0x0000017a6e930000, 0x0000017a6efd0000, 0x0000017a75e60000]
CodeHeap 'profiled nmethods': size=120000Kb used=29307Kb max_used=29307Kb free=90692Kb
 bounds [0x0000017a66e60000, 0x0000017a68b00000, 0x0000017a6e390000]
CodeHeap 'non-nmethods': size=5760Kb used=1469Kb max_used=1548Kb free=4290Kb
 bounds [0x0000017a6e390000, 0x0000017a6e600000, 0x0000017a6e930000]
CodeCache: size=245760Kb, used=37502Kb, max_used=37581Kb, free=208255Kb
 total_blobs=13895, nmethods=13119, adapters=679, full_count=0
Compilation: enabled, stopped_count=0, restarted_count=0

Compilation events (20 events):
Event: 120.282 Thread 0x0000017a47ec5e50 nmethod 13888 0x0000017a6efaf610 code [0x0000017a6efaf7a0, 0x0000017a6efaf828]
Event: 120.432 Thread 0x0000017a7a6db1e0 nmethod 13815 0x0000017a6efaf910 code [0x0000017a6efb03c0, 0x0000017a6efb8060]
Event: 121.479 Thread 0x0000017a7a70e8f0 13894       3       java.nio.HeapByteBuffer::put (12 bytes)
Event: 121.480 Thread 0x0000017a7a70e8f0 nmethod 13894 0x0000017a68afaa90 code [0x0000017a68afac80, 0x0000017a68afb140]
Event: 121.483 Thread 0x0000017a7a70e8f0 13895       3       java.net.URI::relativize (6 bytes)
Event: 121.483 Thread 0x0000017a7a70e8f0 nmethod 13895 0x0000017a68afb310 code [0x0000017a68afb4c0, 0x0000017a68afb5f8]
Event: 121.484 Thread 0x0000017a7a70e8f0 13896       3       java.net.URI::relativize (154 bytes)
Event: 121.485 Thread 0x0000017a7a6db1e0 13897       4       org.eclipse.core.internal.resources.AliasManager$LocationMap$$Lambda/0x0000017a0122bab8::compare (14 bytes)
Event: 121.486 Thread 0x0000017a7a70e8f0 nmethod 13896 0x0000017a68afb690 code [0x0000017a68afb9e0, 0x0000017a68afcb00]
Event: 121.486 Thread 0x0000017a7a70e8f0 13898       3       org.eclipse.core.runtime.URIUtil::toFile (21 bytes)
Event: 121.487 Thread 0x0000017a7a70e8f0 nmethod 13898 0x0000017a68afd210 code [0x0000017a68afd420, 0x0000017a68afd870]
Event: 121.556 Thread 0x0000017a7a6db1e0 nmethod 13897 0x0000017a6efbe110 code [0x0000017a6efbe5e0, 0x0000017a6efbfac8]
Event: 121.557 Thread 0x0000017a7a6db1e0 13899       4       java.lang.String::encode (48 bytes)
Event: 121.562 Thread 0x0000017a7a6db1e0 nmethod 13899 0x0000017a6efc0e90 code [0x0000017a6efc1060, 0x0000017a6efc13e8]
Event: 145.312 Thread 0x0000017a7a70e8f0 13900       3       java.util.concurrent.ScheduledThreadPoolExecutor::canRunInCurrentRunState (61 bytes)
Event: 145.314 Thread 0x0000017a7a70e8f0 nmethod 13900 0x0000017a68afda90 code [0x0000017a68afdca0, 0x0000017a68afe450]
Event: 155.319 Thread 0x0000017a7a70e8f0 13901       3       java.util.concurrent.locks.AbstractQueuedSynchronizer$ConditionObject::canReacquire (38 bytes)
Event: 155.320 Thread 0x0000017a7a70e8f0 nmethod 13901 0x0000017a68afe690 code [0x0000017a68afe860, 0x0000017a68afeba8]
Event: 175.334 Thread 0x0000017a7a70e8f0 13902       1       java.util.concurrent.ThreadPoolExecutor::getQueue (5 bytes)
Event: 175.334 Thread 0x0000017a7a70e8f0 nmethod 13902 0x0000017a6efc1610 code [0x0000017a6efc17a0, 0x0000017a6efc1868]

GC Heap History (20 events):
Event: 62.697 GC heap before
{Heap before GC invocations=56 (full 3):
 PSYoungGen      total 24064K, used 23808K [0x00000000d5580000, 0x00000000d7780000, 0x0000000100000000)
  eden space 22016K, 100% used [0x00000000d5580000,0x00000000d6b00000,0x00000000d6b00000)
  from space 2048K, 87% used [0x00000000d7580000,0x00000000d7740040,0x00000000d7780000)
  to   space 3072K, 0% used [0x00000000d7180000,0x00000000d7180000,0x00000000d7480000)
 ParOldGen       total 143872K, used 143650K [0x0000000080000000, 0x0000000088c80000, 0x00000000d5580000)
  object space 143872K, 99% used [0x0000000080000000,0x0000000088c48b30,0x0000000088c80000)
 Metaspace       used 65678K, committed 67264K, reserved 1114112K
  class space    used 6952K, committed 7680K, reserved 1048576K
}
Event: 62.704 GC heap after
{Heap after GC invocations=56 (full 3):
 PSYoungGen      total 25088K, used 3040K [0x00000000d5580000, 0x00000000d7600000, 0x0000000100000000)
  eden space 22016K, 0% used [0x00000000d5580000,0x00000000d5580000,0x00000000d6b00000)
  from space 3072K, 98% used [0x00000000d7180000,0x00000000d7478040,0x00000000d7480000)
  to   space 1536K, 0% used [0x00000000d7480000,0x00000000d7480000,0x00000000d7600000)
 ParOldGen       total 145920K, used 145524K [0x0000000080000000, 0x0000000088e80000, 0x00000000d5580000)
  object space 145920K, 99% used [0x0000000080000000,0x0000000088e1d1e0,0x0000000088e80000)
 Metaspace       used 65678K, committed 67264K, reserved 1114112K
  class space    used 6952K, committed 7680K, reserved 1048576K
}
Event: 62.999 GC heap before
{Heap before GC invocations=57 (full 3):
 PSYoungGen      total 25088K, used 25056K [0x00000000d5580000, 0x00000000d7600000, 0x0000000100000000)
  eden space 22016K, 100% used [0x00000000d5580000,0x00000000d6b00000,0x00000000d6b00000)
  from space 3072K, 98% used [0x00000000d7180000,0x00000000d7478040,0x00000000d7480000)
  to   space 1536K, 0% used [0x00000000d7480000,0x00000000d7480000,0x00000000d7600000)
 ParOldGen       total 145920K, used 145524K [0x0000000080000000, 0x0000000088e80000, 0x00000000d5580000)
  object space 145920K, 99% used [0x0000000080000000,0x0000000088e1d1e0,0x0000000088e80000)
 Metaspace       used 65882K, committed 67456K, reserved 1114112K
  class space    used 6962K, committed 7680K, reserved 1048576K
}
Event: 63.007 GC heap after
{Heap after GC invocations=57 (full 3):
 PSYoungGen      total 23552K, used 1536K [0x00000000d5580000, 0x00000000d7700000, 0x0000000100000000)
  eden space 22016K, 0% used [0x00000000d5580000,0x00000000d5580000,0x00000000d6b00000)
  from space 1536K, 100% used [0x00000000d7480000,0x00000000d7600000,0x00000000d7600000)
  to   space 6144K, 0% used [0x00000000d6b00000,0x00000000d6b00000,0x00000000d7100000)
 ParOldGen       total 149504K, used 149433K [0x0000000080000000, 0x0000000089200000, 0x00000000d5580000)
  object space 149504K, 99% used [0x0000000080000000,0x00000000891ee6d0,0x0000000089200000)
 Metaspace       used 65882K, committed 67456K, reserved 1114112K
  class space    used 6962K, committed 7680K, reserved 1048576K
}
Event: 63.591 GC heap before
{Heap before GC invocations=58 (full 3):
 PSYoungGen      total 23552K, used 23551K [0x00000000d5580000, 0x00000000d7700000, 0x0000000100000000)
  eden space 22016K, 99% used [0x00000000d5580000,0x00000000d6affff8,0x00000000d6b00000)
  from space 1536K, 100% used [0x00000000d7480000,0x00000000d7600000,0x00000000d7600000)
  to   space 6144K, 0% used [0x00000000d6b00000,0x00000000d6b00000,0x00000000d7100000)
 ParOldGen       total 149504K, used 149433K [0x0000000080000000, 0x0000000089200000, 0x00000000d5580000)
  object space 149504K, 99% used [0x0000000080000000,0x00000000891ee6d0,0x0000000089200000)
 Metaspace       used 66164K, committed 67712K, reserved 1114112K
  class space    used 6977K, committed 7680K, reserved 1048576K
}
Event: 63.596 GC heap after
{Heap after GC invocations=58 (full 3):
 PSYoungGen      total 28160K, used 1584K [0x00000000d5580000, 0x00000000d7500000, 0x0000000100000000)
  eden space 22016K, 0% used [0x00000000d5580000,0x00000000d5580000,0x00000000d6b00000)
  from space 6144K, 25% used [0x00000000d6b00000,0x00000000d6c8c070,0x00000000d7100000)
  to   space 3072K, 0% used [0x00000000d7200000,0x00000000d7200000,0x00000000d7500000)
 ParOldGen       total 151040K, used 150981K [0x0000000080000000, 0x0000000089380000, 0x00000000d5580000)
  object space 151040K, 99% used [0x0000000080000000,0x0000000089371548,0x0000000089380000)
 Metaspace       used 66164K, committed 67712K, reserved 1114112K
  class space    used 6977K, committed 7680K, reserved 1048576K
}
Event: 64.155 GC heap before
{Heap before GC invocations=59 (full 3):
 PSYoungGen      total 28160K, used 23600K [0x00000000d5580000, 0x00000000d7500000, 0x0000000100000000)
  eden space 22016K, 99% used [0x00000000d5580000,0x00000000d6afffe8,0x00000000d6b00000)
  from space 6144K, 25% used [0x00000000d6b00000,0x00000000d6c8c070,0x00000000d7100000)
  to   space 3072K, 0% used [0x00000000d7200000,0x00000000d7200000,0x00000000d7500000)
 ParOldGen       total 151040K, used 150981K [0x0000000080000000, 0x0000000089380000, 0x00000000d5580000)
  object space 151040K, 99% used [0x0000000080000000,0x0000000089371548,0x0000000089380000)
 Metaspace       used 66543K, committed 68160K, reserved 1114112K
  class space    used 7001K, committed 7744K, reserved 1048576K
}
Event: 64.160 GC heap after
{Heap after GC invocations=59 (full 3):
 PSYoungGen      total 24576K, used 2490K [0x00000000d5580000, 0x00000000d7480000, 0x0000000100000000)
  eden space 22016K, 0% used [0x00000000d5580000,0x00000000d5580000,0x00000000d6b00000)
  from space 2560K, 97% used [0x00000000d7200000,0x00000000d746ea58,0x00000000d7480000)
  to   space 3072K, 0% used [0x00000000d6e80000,0x00000000d6e80000,0x00000000d7180000)
 ParOldGen       total 152576K, used 152429K [0x0000000080000000, 0x0000000089500000, 0x00000000d5580000)
  object space 152576K, 99% used [0x0000000080000000,0x00000000894db628,0x0000000089500000)
 Metaspace       used 66543K, committed 68160K, reserved 1114112K
  class space    used 7001K, committed 7744K, reserved 1048576K
}
Event: 64.971 GC heap before
{Heap before GC invocations=60 (full 3):
 PSYoungGen      total 24576K, used 24506K [0x00000000d5580000, 0x00000000d7480000, 0x0000000100000000)
  eden space 22016K, 100% used [0x00000000d5580000,0x00000000d6b00000,0x00000000d6b00000)
  from space 2560K, 97% used [0x00000000d7200000,0x00000000d746ea58,0x00000000d7480000)
  to   space 3072K, 0% used [0x00000000d6e80000,0x00000000d6e80000,0x00000000d7180000)
 ParOldGen       total 152576K, used 152429K [0x0000000080000000, 0x0000000089500000, 0x00000000d5580000)
  object space 152576K, 99% used [0x0000000080000000,0x00000000894db628,0x0000000089500000)
 Metaspace       used 66724K, committed 68416K, reserved 1114112K
  class space    used 7001K, committed 7744K, reserved 1048576K
}
Event: 64.975 GC heap after
{Heap after GC invocations=60 (full 3):
 PSYoungGen      total 25088K, used 3046K [0x00000000d5580000, 0x00000000d7800000, 0x0000000100000000)
  eden space 22016K, 0% used [0x00000000d5580000,0x00000000d5580000,0x00000000d6b00000)
  from space 3072K, 99% used [0x00000000d6e80000,0x00000000d7179aa0,0x00000000d7180000)
  to   space 6656K, 0% used [0x00000000d7180000,0x00000000d7180000,0x00000000d7800000)
 ParOldGen       total 155136K, used 155087K [0x0000000080000000, 0x0000000089780000, 0x00000000d5580000)
  object space 155136K, 99% used [0x0000000080000000,0x0000000089773ef8,0x0000000089780000)
 Metaspace       used 66724K, committed 68416K, reserved 1114112K
  class space    used 7001K, committed 7744K, reserved 1048576K
}
Event: 65.341 GC heap before
{Heap before GC invocations=61 (full 3):
 PSYoungGen      total 25088K, used 25062K [0x00000000d5580000, 0x00000000d7800000, 0x0000000100000000)
  eden space 22016K, 100% used [0x00000000d5580000,0x00000000d6b00000,0x00000000d6b00000)
  from space 3072K, 99% used [0x00000000d6e80000,0x00000000d7179aa0,0x00000000d7180000)
  to   space 6656K, 0% used [0x00000000d7180000,0x00000000d7180000,0x00000000d7800000)
 ParOldGen       total 155136K, used 155087K [0x0000000080000000, 0x0000000089780000, 0x00000000d5580000)
  object space 155136K, 99% used [0x0000000080000000,0x0000000089773ef8,0x0000000089780000)
 Metaspace       used 66831K, committed 68480K, reserved 1114112K
  class space    used 7006K, committed 7744K, reserved 1048576K
}
Event: 65.343 GC heap after
{Heap after GC invocations=61 (full 3):
 PSYoungGen      total 23552K, used 1152K [0x00000000d5580000, 0x00000000d7300000, 0x0000000100000000)
  eden space 22016K, 0% used [0x00000000d5580000,0x00000000d5580000,0x00000000d6b00000)
  from space 1536K, 75% used [0x00000000d7180000,0x00000000d72a0000,0x00000000d7300000)
  to   space 3072K, 0% used [0x00000000d6d00000,0x00000000d6d00000,0x00000000d7000000)
 ParOldGen       total 156160K, used 155699K [0x0000000080000000, 0x0000000089880000, 0x00000000d5580000)
  object space 156160K, 99% used [0x0000000080000000,0x000000008980cc70,0x0000000089880000)
 Metaspace       used 66831K, committed 68480K, reserved 1114112K
  class space    used 7006K, committed 7744K, reserved 1048576K
}
Event: 68.953 GC heap before
{Heap before GC invocations=62 (full 3):
 PSYoungGen      total 23552K, used 23168K [0x00000000d5580000, 0x00000000d7300000, 0x0000000100000000)
  eden space 22016K, 100% used [0x00000000d5580000,0x00000000d6b00000,0x00000000d6b00000)
  from space 1536K, 75% used [0x00000000d7180000,0x00000000d72a0000,0x00000000d7300000)
  to   space 3072K, 0% used [0x00000000d6d00000,0x00000000d6d00000,0x00000000d7000000)
 ParOldGen       total 156160K, used 155699K [0x0000000080000000, 0x0000000089880000, 0x00000000d5580000)
  object space 156160K, 99% used [0x0000000080000000,0x000000008980cc70,0x0000000089880000)
 Metaspace       used 66939K, committed 68544K, reserved 1114112K
  class space    used 7008K, committed 7744K, reserved 1048576K
}
Event: 68.961 GC heap after
{Heap after GC invocations=62 (full 3):
 PSYoungGen      total 25088K, used 3060K [0x00000000d5580000, 0x00000000d7a00000, 0x0000000100000000)
  eden space 22016K, 0% used [0x00000000d5580000,0x00000000d5580000,0x00000000d6b00000)
  from space 3072K, 99% used [0x00000000d6d00000,0x00000000d6ffd008,0x00000000d7000000)
  to   space 7680K, 0% used [0x00000000d7280000,0x00000000d7280000,0x00000000d7a00000)
 ParOldGen       total 159232K, used 159100K [0x0000000080000000, 0x0000000089b80000, 0x00000000d5580000)
  object space 159232K, 99% used [0x0000000080000000,0x0000000089b5f0b8,0x0000000089b80000)
 Metaspace       used 66939K, committed 68544K, reserved 1114112K
  class space    used 7008K, committed 7744K, reserved 1048576K
}
Event: 69.365 GC heap before
{Heap before GC invocations=63 (full 3):
 PSYoungGen      total 25088K, used 25076K [0x00000000d5580000, 0x00000000d7a00000, 0x0000000100000000)
  eden space 22016K, 100% used [0x00000000d5580000,0x00000000d6b00000,0x00000000d6b00000)
  from space 3072K, 99% used [0x00000000d6d00000,0x00000000d6ffd008,0x00000000d7000000)
  to   space 7680K, 0% used [0x00000000d7280000,0x00000000d7280000,0x00000000d7a00000)
 ParOldGen       total 159232K, used 159100K [0x0000000080000000, 0x0000000089b80000, 0x00000000d5580000)
  object space 159232K, 99% used [0x0000000080000000,0x0000000089b5f0b8,0x0000000089b80000)
 Metaspace       used 67038K, committed 68672K, reserved 1114112K
  class space    used 7008K, committed 7744K, reserved 1048576K
}
Event: 69.373 GC heap after
{Heap after GC invocations=63 (full 3):
 PSYoungGen      total 23552K, used 1344K [0x00000000d5580000, 0x00000000d7400000, 0x0000000100000000)
  eden space 22016K, 0% used [0x00000000d5580000,0x00000000d5580000,0x00000000d6b00000)
  from space 1536K, 87% used [0x00000000d7280000,0x00000000d73d0020,0x00000000d7400000)
  to   space 3584K, 0% used [0x00000000d6d00000,0x00000000d6d00000,0x00000000d7080000)
 ParOldGen       total 161280K, used 161011K [0x0000000080000000, 0x0000000089d80000, 0x00000000d5580000)
  object space 161280K, 99% used [0x0000000080000000,0x0000000089d3cd58,0x0000000089d80000)
 Metaspace       used 67038K, committed 68672K, reserved 1114112K
  class space    used 7008K, committed 7744K, reserved 1048576K
}
Event: 117.496 GC heap before
{Heap before GC invocations=64 (full 3):
 PSYoungGen      total 23552K, used 23360K [0x00000000d5580000, 0x00000000d7400000, 0x0000000100000000)
  eden space 22016K, 100% used [0x00000000d5580000,0x00000000d6b00000,0x00000000d6b00000)
  from space 1536K, 87% used [0x00000000d7280000,0x00000000d73d0020,0x00000000d7400000)
  to   space 3584K, 0% used [0x00000000d6d00000,0x00000000d6d00000,0x00000000d7080000)
 ParOldGen       total 161280K, used 161011K [0x0000000080000000, 0x0000000089d80000, 0x00000000d5580000)
  object space 161280K, 99% used [0x0000000080000000,0x0000000089d3cd58,0x0000000089d80000)
 Metaspace       used 67227K, committed 68800K, reserved 1114112K
  class space    used 7017K, committed 7744K, reserved 1048576K
}
Event: 117.500 GC heap after
{Heap after GC invocations=64 (full 3):
 PSYoungGen      total 25600K, used 672K [0x00000000d5580000, 0x00000000d7300000, 0x0000000100000000)
  eden space 22016K, 0% used [0x00000000d5580000,0x00000000d5580000,0x00000000d6b00000)
  from space 3584K, 18% used [0x00000000d6d00000,0x00000000d6da8000,0x00000000d7080000)
  to   space 1536K, 0% used [0x00000000d7180000,0x00000000d7180000,0x00000000d7300000)
 ParOldGen       total 162304K, used 162229K [0x0000000080000000, 0x0000000089e80000, 0x00000000d5580000)
  object space 162304K, 99% used [0x0000000080000000,0x0000000089e6d478,0x0000000089e80000)
 Metaspace       used 67227K, committed 68800K, reserved 1114112K
  class space    used 7017K, committed 7744K, reserved 1048576K
}
Event: 120.043 GC heap before
{Heap before GC invocations=65 (full 3):
 PSYoungGen      total 25600K, used 22688K [0x00000000d5580000, 0x00000000d7300000, 0x0000000100000000)
  eden space 22016K, 100% used [0x00000000d5580000,0x00000000d6b00000,0x00000000d6b00000)
  from space 3584K, 18% used [0x00000000d6d00000,0x00000000d6da8000,0x00000000d7080000)
  to   space 1536K, 0% used [0x00000000d7180000,0x00000000d7180000,0x00000000d7300000)
 ParOldGen       total 162304K, used 162229K [0x0000000080000000, 0x0000000089e80000, 0x00000000d5580000)
  object space 162304K, 99% used [0x0000000080000000,0x0000000089e6d478,0x0000000089e80000)
 Metaspace       used 67469K, committed 69120K, reserved 1114112K
  class space    used 7029K, committed 7744K, reserved 1048576K
}
Event: 120.047 GC heap after
{Heap after GC invocations=65 (full 3):
 PSYoungGen      total 22528K, used 480K [0x00000000d5580000, 0x00000000d7200000, 0x0000000100000000)
  eden space 22016K, 0% used [0x00000000d5580000,0x00000000d5580000,0x00000000d6b00000)
  from space 512K, 93% used [0x00000000d7180000,0x00000000d71f8000,0x00000000d7200000)
  to   space 1024K, 0% used [0x00000000d7000000,0x00000000d7000000,0x00000000d7100000)
 ParOldGen       total 162816K, used 162749K [0x0000000080000000, 0x0000000089f00000, 0x00000000d5580000)
  object space 162816K, 99% used [0x0000000080000000,0x0000000089eef498,0x0000000089f00000)
 Metaspace       used 67469K, committed 69120K, reserved 1114112K
  class space    used 7029K, committed 7744K, reserved 1048576K
}

Dll operation events (11 events):
Event: 0.022 Loaded shared library c:\Users\DELL\.vscode\extensions\redhat.java-1.47.0-win32-x64\jre\21.0.8-win32-x86_64\bin\java.dll
Event: 0.277 Loaded shared library c:\Users\DELL\.vscode\extensions\redhat.java-1.47.0-win32-x64\jre\21.0.8-win32-x86_64\bin\zip.dll
Event: 0.333 Loaded shared library C:\Users\DELL\.vscode\extensions\redhat.java-1.47.0-win32-x64\jre\21.0.8-win32-x86_64\bin\instrument.dll
Event: 0.356 Loaded shared library C:\Users\DELL\.vscode\extensions\redhat.java-1.47.0-win32-x64\jre\21.0.8-win32-x86_64\bin\net.dll
Event: 0.361 Loaded shared library C:\Users\DELL\.vscode\extensions\redhat.java-1.47.0-win32-x64\jre\21.0.8-win32-x86_64\bin\nio.dll
Event: 0.367 Loaded shared library C:\Users\DELL\.vscode\extensions\redhat.java-1.47.0-win32-x64\jre\21.0.8-win32-x86_64\bin\zip.dll
Event: 0.413 Loaded shared library C:\Users\DELL\.vscode\extensions\redhat.java-1.47.0-win32-x64\jre\21.0.8-win32-x86_64\bin\jimage.dll
Event: 0.570 Loaded shared library c:\Users\DELL\.vscode\extensions\redhat.java-1.47.0-win32-x64\jre\21.0.8-win32-x86_64\bin\verify.dll
Event: 14.368 Loaded shared library C:\Users\DELL\AppData\Roaming\Code\User\globalStorage\redhat.java\1.47.0\config_win\org.eclipse.equinox.launcher\org.eclipse.equinox.launcher.win32.win32.x86_64_1.2.1400.v20250801-0854\eclipse_11916.dll
Event: 41.778 Loaded shared library C:\Users\DELL\AppData\Local\Temp\jna-2094529\jna18299499099160603531.dll
Event: 58.890 Loaded shared library C:\Users\DELL\.vscode\extensions\redhat.java-1.47.0-win32-x64\jre\21.0.8-win32-x86_64\bin\sunmscapi.dll

Deoptimization events (20 events):
Event: 117.719 Thread 0x0000017a45420760 DEOPT PACKING pc=0x0000017a6ef45f9c sp=0x00000067c7dfe870
Event: 117.719 Thread 0x0000017a45420760 DEOPT UNPACKING pc=0x0000017a6e3e6da2 sp=0x00000067c7dfe850 mode 2
Event: 117.723 Thread 0x0000017a45420760 Uncommon trap: trap_request=0xffffffd6 fr.pc=0x0000017a6ef45f9c relative=0x000000000000077c
Event: 117.723 Thread 0x0000017a45420760 Uncommon trap: reason=array_check action=maybe_recompile pc=0x0000017a6ef45f9c method=java.util.TimSort.binarySort([Ljava/lang/Object;IIILjava/util/Comparator;)V @ 193 c2
Event: 117.723 Thread 0x0000017a45420760 DEOPT PACKING pc=0x0000017a6ef45f9c sp=0x00000067c7dfe7f0
Event: 117.723 Thread 0x0000017a45420760 DEOPT UNPACKING pc=0x0000017a6e3e6da2 sp=0x00000067c7dfe7d0 mode 2
Event: 117.724 Thread 0x0000017a45420760 Uncommon trap: trap_request=0xffffffd6 fr.pc=0x0000017a6eef3cd8 relative=0x00000000000005b8
Event: 117.724 Thread 0x0000017a45420760 Uncommon trap: reason=array_check action=maybe_recompile pc=0x0000017a6eef3cd8 method=java.util.TimSort.binarySort([Ljava/lang/Object;IIILjava/util/Comparator;)V @ 215 c2
Event: 117.724 Thread 0x0000017a45420760 DEOPT PACKING pc=0x0000017a6eef3cd8 sp=0x00000067c7dfe2b0
Event: 117.724 Thread 0x0000017a45420760 DEOPT UNPACKING pc=0x0000017a6e3e6da2 sp=0x00000067c7dfe280 mode 2
Event: 118.076 Thread 0x0000017a489796e0 DEOPT PACKING pc=0x0000017a689b9083 sp=0x00000067c8dfdee0
Event: 118.076 Thread 0x0000017a489796e0 DEOPT UNPACKING pc=0x0000017a6e3e78e2 sp=0x00000067c8dfd348 mode 0
Event: 119.239 Thread 0x0000017a489796e0 DEOPT PACKING pc=0x0000017a6845f369 sp=0x00000067c8dfdd20
Event: 119.240 Thread 0x0000017a489796e0 DEOPT UNPACKING pc=0x0000017a6e3e78e2 sp=0x00000067c8dfd240 mode 0
Event: 119.281 Thread 0x0000017a489796e0 DEOPT PACKING pc=0x0000017a68459917 sp=0x00000067c8dfe090
Event: 119.281 Thread 0x0000017a489796e0 DEOPT UNPACKING pc=0x0000017a6e3e78e2 sp=0x00000067c8dfd550 mode 0
Event: 120.126 Thread 0x0000017a4897b120 Uncommon trap: trap_request=0xffffff45 fr.pc=0x0000017a6ef3f8b4 relative=0x0000000000000094
Event: 120.126 Thread 0x0000017a4897b120 Uncommon trap: reason=unstable_if action=reinterpret pc=0x0000017a6ef3f8b4 method=java.util.LinkedHashMap.afterNodeInsertion(Z)V @ 18 c2
Event: 120.126 Thread 0x0000017a4897b120 DEOPT PACKING pc=0x0000017a6ef3f8b4 sp=0x00000067c8bfee50
Event: 120.126 Thread 0x0000017a4897b120 DEOPT UNPACKING pc=0x0000017a6e3e6da2 sp=0x00000067c8bfedd0 mode 2

Classes loaded (20 events):
Event: 59.133 Loading class javax/crypto/NullCipher
Event: 59.133 Loading class javax/crypto/NullCipher done
Event: 59.133 Loading class sun/security/util/ArrayUtil
Event: 59.134 Loading class sun/security/util/ArrayUtil done
Event: 59.207 Loading class jdk/internal/ref/CleanerImpl$InnocuousThreadFactory
Event: 59.208 Loading class jdk/internal/ref/CleanerImpl$InnocuousThreadFactory done
Event: 59.429 Loading class java/util/zip/GZIPInputStream$1
Event: 59.429 Loading class java/util/zip/GZIPInputStream$1 done
Event: 60.850 Loading class java/util/stream/ReferencePipeline$4
Event: 60.850 Loading class java/util/stream/ReferencePipeline$4 done
Event: 60.851 Loading class java/util/stream/Nodes$IntFixedNodeBuilder
Event: 60.852 Loading class java/util/stream/Node$Builder$OfInt
Event: 60.853 Loading class java/util/stream/Node$Builder$OfInt done
Event: 60.853 Loading class java/util/stream/Nodes$IntArrayNode
Event: 60.853 Loading class java/util/stream/Nodes$IntArrayNode done
Event: 60.853 Loading class java/util/stream/Nodes$IntFixedNodeBuilder done
Event: 60.853 Loading class java/util/stream/ReferencePipeline$4$1
Event: 60.854 Loading class java/util/stream/ReferencePipeline$4$1 done
Event: 61.224 Loading class sun/nio/fs/WindowsFileCopy
Event: 61.235 Loading class sun/nio/fs/WindowsFileCopy done

Classes unloaded (7 events):
Event: 43.047 Thread 0x0000017a63d11760 Unloading class 0x0000017a011a6c00 'java/lang/invoke/LambdaForm$MH+0x0000017a011a6c00'
Event: 43.047 Thread 0x0000017a63d11760 Unloading class 0x0000017a011a6800 'java/lang/invoke/LambdaForm$MH+0x0000017a011a6800'
Event: 43.047 Thread 0x0000017a63d11760 Unloading class 0x0000017a011a6400 'java/lang/invoke/LambdaForm$MH+0x0000017a011a6400'
Event: 43.047 Thread 0x0000017a63d11760 Unloading class 0x0000017a011a6000 'java/lang/invoke/LambdaForm$MH+0x0000017a011a6000'
Event: 43.047 Thread 0x0000017a63d11760 Unloading class 0x0000017a011a5c00 'java/lang/invoke/LambdaForm$BMH+0x0000017a011a5c00'
Event: 43.047 Thread 0x0000017a63d11760 Unloading class 0x0000017a011a5800 'java/lang/invoke/LambdaForm$DMH+0x0000017a011a5800'
Event: 43.047 Thread 0x0000017a63d11760 Unloading class 0x0000017a011a4400 'java/lang/invoke/LambdaForm$DMH+0x0000017a011a4400'

Classes redefined (0 events):
No events

Internal exceptions (20 events):
Event: 61.061 Thread 0x0000017a4897cb60 Exception <a 'java/lang/NoSuchMethodError'{0x00000000d66beb20}: 'java.lang.Object java.lang.invoke.DirectMethodHandle$Holder.invokeStatic(java.lang.Object, java.lang.Object, int, java.lang.Object, java.lang.Object)'> (0x00000000d66beb20) 
thrown [s\src\hotspot\share\interpreter\linkResolver.cpp, line 773]
Event: 61.238 Thread 0x0000017a45421b10 Exception <a 'sun/nio/fs/WindowsException'{0x00000000d6884f40}> (0x00000000d6884f40) 
thrown [s\src\hotspot\share\prims\jni.cpp, line 520]
Event: 61.324 Thread 0x0000017a48979050 Exception <a 'sun/nio/fs/WindowsException'{0x00000000d5597810}> (0x00000000d5597810) 
thrown [s\src\hotspot\share\prims\jni.cpp, line 520]
Event: 61.811 Thread 0x0000017a45421b10 Exception <a 'sun/nio/fs/WindowsException'{0x00000000d685fe58}> (0x00000000d685fe58) 
thrown [s\src\hotspot\share\prims\jni.cpp, line 520]
Event: 61.997 Thread 0x0000017a45421b10 Implicit null exception at 0x0000017a6ed5a8aa to 0x0000017a6ed5ab6c
Event: 61.998 Thread 0x0000017a45421b10 Exception <a 'java/lang/NoSuchMethodError'{0x00000000d5a5d018}: 'void java.lang.invoke.DelegatingMethodHandle$Holder.reinvoke_L(java.lang.Object, java.lang.Object, java.lang.Object, int, java.lang.Object, int, int)'> (0x00000000d5a5d018) 
thrown [s\src\hotspot\share\interpreter\linkResolver.cpp, line 773]
Event: 62.937 Thread 0x0000017a48979050 Exception <a 'java/lang/IncompatibleClassChangeError'{0x00000000d5ad7508}: Found class java.lang.Object, but interface was expected> (0x00000000d5ad7508) 
thrown [s\src\hotspot\share\interpreter\linkResolver.cpp, line 840]
Event: 62.948 Thread 0x0000017a4897b120 Exception <a 'java/lang/NoSuchMethodError'{0x00000000d67cbd90}: 'java.lang.Object java.lang.invoke.DirectMethodHandle$Holder.invokeSpecial(java.lang.Object, java.lang.Object, java.lang.Object, java.lang.Object, int, java.lang.Object, java.lang.Object)'> (0x00000000d67cbd90) 
thrown [s\src\hotspot\share\interpreter\linkResolver.cpp, line 773]
Event: 62.948 Thread 0x0000017a4897d1f0 Exception <a 'java/lang/NoSuchMethodError'{0x00000000d67b4e50}: 'java.lang.Object java.lang.invoke.DirectMethodHandle$Holder.invokeSpecial(java.lang.Object, java.lang.Object, java.lang.Object, java.lang.Object, int, java.lang.Object, java.lang.Object)'> (0x00000000d67b4e50) 
thrown [s\src\hotspot\share\interpreter\linkResolver.cpp, line 773]
Event: 63.378 Thread 0x0000017a48979050 Exception <a 'sun/nio/fs/WindowsException'{0x00000000d5f5e7f0}> (0x00000000d5f5e7f0) 
thrown [s\src\hotspot\share\prims\jni.cpp, line 520]
Event: 64.711 Thread 0x0000017a45421b10 Exception <a 'sun/nio/fs/WindowsException'{0x00000000d609d0f8}> (0x00000000d609d0f8) 
thrown [s\src\hotspot\share\prims\jni.cpp, line 520]
Event: 65.017 Thread 0x0000017a45421b10 Exception <a 'sun/nio/fs/WindowsException'{0x00000000d567d0f8}> (0x00000000d567d0f8) 
thrown [s\src\hotspot\share\prims\jni.cpp, line 520]
Event: 65.980 Thread 0x0000017a4897c4d0 Exception <a 'java/lang/ArrayIndexOutOfBoundsException'{0x00000000d5ebcc20}> (0x00000000d5ebcc20) 
thrown [s\src\hotspot\share\runtime\sharedRuntime.cpp, line 625]
Event: 68.716 Thread 0x0000017a48979050 Exception <a 'sun/nio/fs/WindowsException'{0x00000000d6045800}> (0x00000000d6045800) 
thrown [s\src\hotspot\share\prims\jni.cpp, line 520]
Event: 68.877 Thread 0x0000017a45421b10 Exception <a 'sun/nio/fs/WindowsException'{0x00000000d65bd538}> (0x00000000d65bd538) 
thrown [s\src\hotspot\share\prims\jni.cpp, line 520]
Event: 69.183 Thread 0x0000017a45421b10 Exception <a 'sun/nio/fs/WindowsException'{0x00000000d600e858}> (0x00000000d600e858) 
thrown [s\src\hotspot\share\prims\jni.cpp, line 520]
Event: 70.986 Thread 0x0000017a4897d880 Exception <a 'java/lang/ArrayIndexOutOfBoundsException'{0x00000000d6204940}> (0x00000000d6204940) 
thrown [s\src\hotspot\share\runtime\sharedRuntime.cpp, line 625]
Event: 117.478 Thread 0x0000017a48979050 Exception <a 'java/lang/IncompatibleClassChangeError'{0x00000000d6a9df58}: Found class java.lang.Object, but interface was expected> (0x00000000d6a9df58) 
thrown [s\src\hotspot\share\interpreter\linkResolver.cpp, line 840]
Event: 117.544 Thread 0x0000017a4897b120 Exception <a 'java/lang/ArrayIndexOutOfBoundsException'{0x00000000d55e7810}> (0x00000000d55e7810) 
thrown [s\src\hotspot\share\runtime\sharedRuntime.cpp, line 625]
Event: 119.468 Thread 0x0000017a4897b120 Exception <a 'java/lang/ArrayIndexOutOfBoundsException'{0x00000000d6380df8}> (0x00000000d6380df8) 
thrown [s\src\hotspot\share\runtime\sharedRuntime.cpp, line 625]

ZGC Phase Switch (0 events):
No events

VM Operations (20 events):
Event: 99.679 Executing VM operation: Cleanup
Event: 99.679 Executing VM operation: Cleanup done
Event: 117.496 Executing VM operation: ParallelGCFailedAllocation (Allocation Failure)
Event: 117.501 Executing VM operation: ParallelGCFailedAllocation (Allocation Failure) done
Event: 118.501 Executing VM operation: Cleanup
Event: 118.501 Executing VM operation: Cleanup done
Event: 119.514 Executing VM operation: Cleanup
Event: 119.514 Executing VM operation: Cleanup done
Event: 120.043 Executing VM operation: ParallelGCFailedAllocation (Allocation Failure)
Event: 120.047 Executing VM operation: ParallelGCFailedAllocation (Allocation Failure) done
Event: 120.392 Executing VM operation: HandshakeAllThreads (HandshakeForDeflation)
Event: 120.392 Executing VM operation: HandshakeAllThreads (HandshakeForDeflation) done
Event: 120.392 Executing VM operation: RendezvousGCThreads
Event: 120.392 Executing VM operation: RendezvousGCThreads done
Event: 121.398 Executing VM operation: Cleanup
Event: 121.398 Executing VM operation: Cleanup done
Event: 122.408 Executing VM operation: Cleanup
Event: 122.408 Executing VM operation: Cleanup done
Event: 135.528 Executing VM operation: Cleanup
Event: 135.528 Executing VM operation: Cleanup done

Memory protections (0 events):
No events

Nmethod flushes (20 events):
Event: 57.475 Thread 0x0000017a63d11760 flushing  nmethod 0x0000017a6772a890
Event: 57.475 Thread 0x0000017a63d11760 flushing  nmethod 0x0000017a6772ad90
Event: 57.475 Thread 0x0000017a63d11760 flushing  nmethod 0x0000017a6772c090
Event: 57.475 Thread 0x0000017a63d11760 flushing  nmethod 0x0000017a6772dd10
Event: 57.475 Thread 0x0000017a63d11760 flushing  nmethod 0x0000017a67767e10
Event: 57.475 Thread 0x0000017a63d11760 flushing  nmethod 0x0000017a6776fe90
Event: 57.475 Thread 0x0000017a63d11760 flushing  nmethod 0x0000017a67770290
Event: 57.475 Thread 0x0000017a63d11760 flushing  nmethod 0x0000017a67773710
Event: 57.475 Thread 0x0000017a63d11760 flushing  nmethod 0x0000017a67774210
Event: 57.475 Thread 0x0000017a63d11760 flushing  nmethod 0x0000017a67788010
Event: 57.475 Thread 0x0000017a63d11760 flushing  nmethod 0x0000017a67788810
Event: 57.475 Thread 0x0000017a63d11760 flushing  nmethod 0x0000017a67788b90
Event: 57.475 Thread 0x0000017a63d11760 flushing  nmethod 0x0000017a67789610
Event: 57.475 Thread 0x0000017a63d11760 flushing  nmethod 0x0000017a6778cd10
Event: 57.475 Thread 0x0000017a63d11760 flushing  nmethod 0x0000017a6778d110
Event: 57.475 Thread 0x0000017a63d11760 flushing  nmethod 0x0000017a6778d490
Event: 57.475 Thread 0x0000017a63d11760 flushing  nmethod 0x0000017a6778da10
Event: 57.475 Thread 0x0000017a63d11760 flushing  nmethod 0x0000017a6778de10
Event: 57.475 Thread 0x0000017a63d11760 flushing  nmethod 0x0000017a677a1a90
Event: 57.475 Thread 0x0000017a63d11760 flushing osr nmethod 0x0000017a677ae010

Events (20 events):
Event: 62.229 Thread 0x0000017a45423550 Thread added: 0x0000017a48978330
Event: 62.230 Thread 0x0000017a45423550 Thread added: 0x0000017a4897a400
Event: 65.978 Thread 0x0000017a46caddb0 Thread exited: 0x0000017a46caddb0
Event: 117.325 Thread 0x0000017a7a70e8f0 Thread added: 0x0000017a47ec8060
Event: 117.704 Thread 0x0000017a47ec8060 Thread exited: 0x0000017a47ec8060
Event: 117.717 Thread 0x0000017a7a70e8f0 Thread added: 0x0000017a47ec72c0
Event: 118.032 Thread 0x0000017a47ec72c0 Thread exited: 0x0000017a47ec72c0
Event: 118.046 Thread 0x0000017a7a6db1e0 Thread added: 0x0000017a47ec5780
Event: 119.186 Thread 0x0000017a47ec5780 Thread exited: 0x0000017a47ec5780
Event: 119.247 Thread 0x0000017a7a70e8f0 Thread added: 0x0000017a47ec50b0
Event: 119.527 Thread 0x0000017a47ec50b0 Thread exited: 0x0000017a47ec50b0
Event: 119.649 Thread 0x0000017a7a70e8f0 Thread added: 0x0000017a47ec5e50
Event: 121.479 Thread 0x0000017a47ec5e50 Thread exited: 0x0000017a47ec5e50
Event: 129.220 Thread 0x0000017a4897cb60 Thread exited: 0x0000017a4897cb60
Event: 129.420 Thread 0x0000017a45423550 Thread exited: 0x0000017a45423550
Event: 129.693 Thread 0x0000017a45421480 Thread exited: 0x0000017a45421480
Event: 129.945 Thread 0x0000017a45422830 Thread exited: 0x0000017a45422830
Event: 177.716 Thread 0x0000017a454200d0 Thread exited: 0x0000017a454200d0
Event: 177.776 Thread 0x0000017a45420760 Thread exited: 0x0000017a45420760
Event: 180.139 Thread 0x0000017a4897b120 Thread exited: 0x0000017a4897b120


Dynamic libraries:
0x00007ff7aea70000 - 0x00007ff7aea7e000 	c:\Users\DELL\.vscode\extensions\redhat.java-1.47.0-win32-x64\jre\21.0.8-win32-x86_64\bin\java.exe
0x00007ffae83b0000 - 0x00007ffae85c7000 	C:\WINDOWS\SYSTEM32\ntdll.dll
0x00007ffae7080000 - 0x00007ffae7144000 	C:\WINDOWS\System32\KERNEL32.DLL
0x00007ffae56f0000 - 0x00007ffae5ac0000 	C:\WINDOWS\System32\KERNELBASE.dll
0x00007ffae5f20000 - 0x00007ffae6031000 	C:\WINDOWS\System32\ucrtbase.dll
0x00007ffadc580000 - 0x00007ffadc598000 	c:\Users\DELL\.vscode\extensions\redhat.java-1.47.0-win32-x64\jre\21.0.8-win32-x86_64\bin\jli.dll
0x00007ffae6750000 - 0x00007ffae6901000 	C:\WINDOWS\System32\USER32.dll
0x00007ffae5ac0000 - 0x00007ffae5ae6000 	C:\WINDOWS\System32\win32u.dll
0x00007ffae6160000 - 0x00007ffae6189000 	C:\WINDOWS\System32\GDI32.dll
0x00007ffae5c60000 - 0x00007ffae5d83000 	C:\WINDOWS\System32\gdi32full.dll
0x00007ffae5d90000 - 0x00007ffae5e2a000 	C:\WINDOWS\System32\msvcp_win.dll
0x00007ffad6020000 - 0x00007ffad603e000 	c:\Users\DELL\.vscode\extensions\redhat.java-1.47.0-win32-x64\jre\21.0.8-win32-x86_64\bin\VCRUNTIME140.dll
0x00007ffacb1a0000 - 0x00007ffacb43c000 	C:\WINDOWS\WinSxS\amd64_microsoft.windows.common-controls_6595b64144ccf1df_6.0.22621.5840_none_2710ea077384a4fe\COMCTL32.dll
0x00007ffae8130000 - 0x00007ffae81d7000 	C:\WINDOWS\System32\msvcrt.dll
0x00007ffae6710000 - 0x00007ffae6741000 	C:\WINDOWS\System32\IMM32.DLL
0x00007ffadccc0000 - 0x00007ffadcccc000 	c:\Users\DELL\.vscode\extensions\redhat.java-1.47.0-win32-x64\jre\21.0.8-win32-x86_64\bin\vcruntime140_1.dll
0x00007ffaa92e0000 - 0x00007ffaa936d000 	c:\Users\DELL\.vscode\extensions\redhat.java-1.47.0-win32-x64\jre\21.0.8-win32-x86_64\bin\msvcp140.dll
0x00007ffa54330000 - 0x00007ffa550c7000 	c:\Users\DELL\.vscode\extensions\redhat.java-1.47.0-win32-x64\jre\21.0.8-win32-x86_64\bin\server\jvm.dll
0x00007ffae71e0000 - 0x00007ffae7291000 	C:\WINDOWS\System32\ADVAPI32.dll
0x00007ffae72a0000 - 0x00007ffae7348000 	C:\WINDOWS\System32\sechost.dll
0x00007ffae5e30000 - 0x00007ffae5e58000 	C:\WINDOWS\System32\bcrypt.dll
0x00007ffae6370000 - 0x00007ffae6488000 	C:\WINDOWS\System32\RPCRT4.dll
0x00007ffae7160000 - 0x00007ffae71d1000 	C:\WINDOWS\System32\WS2_32.dll
0x00007ffadfb00000 - 0x00007ffadfb34000 	C:\WINDOWS\SYSTEM32\WINMM.dll
0x00007ffae08a0000 - 0x00007ffae08aa000 	C:\WINDOWS\SYSTEM32\VERSION.dll
0x00007ffae5380000 - 0x00007ffae53cd000 	C:\WINDOWS\SYSTEM32\POWRPROF.dll
0x00007ffae5360000 - 0x00007ffae5373000 	C:\WINDOWS\SYSTEM32\UMPDC.dll
0x00007ffae4440000 - 0x00007ffae4458000 	C:\WINDOWS\SYSTEM32\kernel.appcore.dll
0x00007ffad7530000 - 0x00007ffad753a000 	c:\Users\DELL\.vscode\extensions\redhat.java-1.47.0-win32-x64\jre\21.0.8-win32-x86_64\bin\jimage.dll
0x00007ffae2d60000 - 0x00007ffae2f93000 	C:\WINDOWS\SYSTEM32\DBGHELP.DLL
0x00007ffae6ce0000 - 0x00007ffae7071000 	C:\WINDOWS\System32\combase.dll
0x00007ffae8290000 - 0x00007ffae8368000 	C:\WINDOWS\System32\OLEAUT32.dll
0x00007ffadc080000 - 0x00007ffadc0b2000 	C:\WINDOWS\SYSTEM32\dbgcore.DLL
0x00007ffae54b0000 - 0x00007ffae552b000 	C:\WINDOWS\System32\bcryptPrimitives.dll
0x00007ffad6010000 - 0x00007ffad601f000 	c:\Users\DELL\.vscode\extensions\redhat.java-1.47.0-win32-x64\jre\21.0.8-win32-x86_64\bin\instrument.dll
0x00007ffad5ff0000 - 0x00007ffad600f000 	c:\Users\DELL\.vscode\extensions\redhat.java-1.47.0-win32-x64\jre\21.0.8-win32-x86_64\bin\java.dll
0x00007ffae77d0000 - 0x00007ffae8071000 	C:\WINDOWS\System32\SHELL32.dll
0x00007ffae55b0000 - 0x00007ffae56ef000 	C:\WINDOWS\System32\wintypes.dll
0x00007ffae3330000 - 0x00007ffae3c4a000 	C:\WINDOWS\SYSTEM32\windows.storage.dll
0x00007ffae6b40000 - 0x00007ffae6c4a000 	C:\WINDOWS\System32\SHCORE.dll
0x00007ffae6ab0000 - 0x00007ffae6b19000 	C:\WINDOWS\System32\shlwapi.dll
0x00007ffae53e0000 - 0x00007ffae5405000 	C:\WINDOWS\SYSTEM32\profapi.dll
0x00007ffad5fd0000 - 0x00007ffad5fe8000 	c:\Users\DELL\.vscode\extensions\redhat.java-1.47.0-win32-x64\jre\21.0.8-win32-x86_64\bin\zip.dll
0x00007ffad2fd0000 - 0x00007ffad2fe0000 	C:\Users\DELL\.vscode\extensions\redhat.java-1.47.0-win32-x64\jre\21.0.8-win32-x86_64\bin\net.dll
0x00007ffadfde0000 - 0x00007ffadff0c000 	C:\WINDOWS\SYSTEM32\WINHTTP.dll
0x00007ffae4910000 - 0x00007ffae4979000 	C:\WINDOWS\system32\mswsock.dll
0x00007ffabb280000 - 0x00007ffabb296000 	C:\Users\DELL\.vscode\extensions\redhat.java-1.47.0-win32-x64\jre\21.0.8-win32-x86_64\bin\nio.dll
0x00007ffad2f50000 - 0x00007ffad2f60000 	c:\Users\DELL\.vscode\extensions\redhat.java-1.47.0-win32-x64\jre\21.0.8-win32-x86_64\bin\verify.dll
0x00007ffab3780000 - 0x00007ffab37c4000 	C:\Users\DELL\AppData\Roaming\Code\User\globalStorage\redhat.java\1.47.0\config_win\org.eclipse.equinox.launcher\org.eclipse.equinox.launcher.win32.win32.x86_64_1.2.1400.v20250801-0854\eclipse_11916.dll
0x00007ffae6910000 - 0x00007ffae6ab0000 	C:\WINDOWS\System32\ole32.dll
0x00007ffae4b30000 - 0x00007ffae4b4b000 	C:\WINDOWS\SYSTEM32\CRYPTSP.dll
0x00007ffae43a0000 - 0x00007ffae43d7000 	C:\WINDOWS\system32\rsaenh.dll
0x00007ffae49d0000 - 0x00007ffae49f8000 	C:\WINDOWS\SYSTEM32\USERENV.dll
0x00007ffae4b50000 - 0x00007ffae4b5c000 	C:\WINDOWS\SYSTEM32\CRYPTBASE.dll
0x00007ffae3ef0000 - 0x00007ffae3f1d000 	C:\WINDOWS\SYSTEM32\IPHLPAPI.DLL
0x00007ffae6c50000 - 0x00007ffae6c59000 	C:\WINDOWS\System32\NSI.dll
0x00007ffab34a0000 - 0x00007ffab34e9000 	C:\Users\DELL\AppData\Local\Temp\jna-2094529\jna18299499099160603531.dll
0x00007ffae6190000 - 0x00007ffae6198000 	C:\WINDOWS\System32\PSAPI.DLL
0x00007ffadfae0000 - 0x00007ffadfaf9000 	C:\WINDOWS\SYSTEM32\dhcpcsvc6.DLL
0x00007ffadf990000 - 0x00007ffadf9af000 	C:\WINDOWS\SYSTEM32\dhcpcsvc.DLL
0x00007ffadcdc0000 - 0x00007ffadcdce000 	C:\Users\DELL\.vscode\extensions\redhat.java-1.47.0-win32-x64\jre\21.0.8-win32-x86_64\bin\sunmscapi.dll
0x00007ffae5af0000 - 0x00007ffae5c58000 	C:\WINDOWS\System32\CRYPT32.dll
0x00007ffae4d70000 - 0x00007ffae4d9d000 	C:\WINDOWS\SYSTEM32\ncrypt.dll
0x00007ffae4d30000 - 0x00007ffae4d67000 	C:\WINDOWS\SYSTEM32\NTASN1.dll

JVMTI agents:
c:\Users\DELL\.vscode\extensions\redhat.java-1.47.0-win32-x64\lombok\lombok-1.18.39-4050.jar path:c:\Users\DELL\.vscode\extensions\redhat.java-1.47.0-win32-x64\jre\21.0.8-win32-x86_64\bin\instrument.dll, loaded, initialized, instrumentlib options:none

dbghelp: loaded successfully - version: 4.0.5 - missing functions: none
symbol engine: initialized successfully - sym options: 0x614 - pdb path: .;c:\Users\DELL\.vscode\extensions\redhat.java-1.47.0-win32-x64\jre\21.0.8-win32-x86_64\bin;C:\WINDOWS\SYSTEM32;C:\WINDOWS\WinSxS\amd64_microsoft.windows.common-controls_6595b64144ccf1df_6.0.22621.5840_none_2710ea077384a4fe;c:\Users\DELL\.vscode\extensions\redhat.java-1.47.0-win32-x64\jre\21.0.8-win32-x86_64\bin\server;C:\Users\DELL\AppData\Roaming\Code\User\globalStorage\redhat.java\1.47.0\config_win\org.eclipse.equinox.launcher\org.eclipse.equinox.launcher.win32.win32.x86_64_1.2.1400.v20250801-0854;C:\Users\DELL\AppData\Local\Temp\jna-2094529

VM Arguments:
jvm_args: --add-modules=ALL-SYSTEM --add-opens=java.base/java.util=ALL-UNNAMED --add-opens=java.base/java.lang=ALL-UNNAMED --add-opens=java.base/sun.nio.fs=ALL-UNNAMED -Declipse.application=org.eclipse.jdt.ls.core.id1 -Dosgi.bundles.defaultStartLevel=4 -Declipse.product=org.eclipse.jdt.ls.core.product -Djava.import.generatesMetadataFilesAtProjectRoot=false -DDetectVMInstallationsJob.disabled=true -Dfile.encoding=utf8 -XX:+UseParallelGC -XX:GCTimeRatio=4 -XX:AdaptiveSizePolicyWeight=90 -Dsun.zip.disableMemoryMapping=true -Xmx2G -Xms100m -Xlog:disable -javaagent:c:\Users\DELL\.vscode\extensions\redhat.java-1.47.0-win32-x64\lombok\lombok-1.18.39-4050.jar -XX:+HeapDumpOnOutOfMemoryError -XX:HeapDumpPath=c:\Users\DELL\AppData\Roaming\Code\User\workspaceStorage\8b73f063377c099f78fcd21a2df6fb00\redhat.java -Daether.dependencyCollector.impl=bf 
java_command: c:\Users\DELL\.vscode\extensions\redhat.java-1.47.0-win32-x64\server\plugins\org.eclipse.equinox.launcher_1.7.100.v20251014-1222.jar -configuration c:\Users\DELL\AppData\Roaming\Code\User\globalStorage\redhat.java\1.47.0\config_win -data c:\Users\DELL\AppData\Roaming\Code\User\workspaceStorage\8b73f063377c099f78fcd21a2df6fb00\redhat.java\jdt_ws --pipe=\\.\pipe\lsp-6eeb3ac702b4d3db0cfc8ba8f7d681fe-sock
java_class_path (initial): c:\Users\DELL\.vscode\extensions\redhat.java-1.47.0-win32-x64\server\plugins\org.eclipse.equinox.launcher_1.7.100.v20251014-1222.jar
Launcher Type: SUN_STANDARD

[Global flags]
    uintx AdaptiveSizePolicyWeight                 = 90                                        {product} {command line}
     intx CICompilerCount                          = 4                                         {product} {ergonomic}
    uintx GCTimeRatio                              = 4                                         {product} {command line}
     bool HeapDumpOnOutOfMemoryError               = true                                   {manageable} {command line}
    ccstr HeapDumpPath                             = c:\Users\DELL\AppData\Roaming\Code\User\workspaceStorage\8b73f063377c099f78fcd21a2df6fb00\redhat.java         {manageable} {command line}
   size_t InitialHeapSize                          = 104857600                                 {product} {command line}
   size_t MaxHeapSize                              = 2147483648                                {product} {command line}
   size_t MaxNewSize                               = 715653120                                 {product} {ergonomic}
   size_t MinHeapDeltaBytes                        = 524288                                    {product} {ergonomic}
   size_t MinHeapSize                              = 104857600                                 {product} {command line}
   size_t NewSize                                  = 34603008                                  {product} {ergonomic}
    uintx NonNMethodCodeHeapSize                   = 5839372                                {pd product} {ergonomic}
    uintx NonProfiledCodeHeapSize                  = 122909434                              {pd product} {ergonomic}
   size_t OldSize                                  = 70254592                                  {product} {ergonomic}
    uintx ProfiledCodeHeapSize                     = 122909434                              {pd product} {ergonomic}
    uintx ReservedCodeCacheSize                    = 251658240                              {pd product} {ergonomic}
     bool SegmentedCodeCache                       = true                                      {product} {ergonomic}
   size_t SoftMaxHeapSize                          = 2147483648                             {manageable} {ergonomic}
     bool UseCompressedOops                        = true                           {product lp64_product} {ergonomic}
     bool UseLargePagesIndividualAllocation        = false                                  {pd product} {ergonomic}
     bool UseParallelGC                            = true                                      {product} {command line}

Logging:
Log output configuration:
 #0: stdout all=off uptime,level,tags foldmultilines=false
 #1: stderr all=off uptime,level,tags foldmultilines=false

Environment Variables:
JAVA_HOME=C:\Program Files\Java\jdk-21.0.8
PATH=C:\Program Files\Java\jdk-21.0.8\bin;C:\WINDOWS\System32\Wbem;C:\WINDOWS\System32\WindowsPowerShell\v1.0\;C:\WINDOWS\System32\OpenSSH\;C:\MinGW\bin;C:\ProgramData\chocolatey\bin;C:\Program Files\nvm;C:\Program Files\nodejs;C:\Program Files (x86)\Microsoft SQL Server\160\Tools\Binn\;C:\Program Files\Microsoft SQL Server\160\Tools\Binn\;C:\Program Files\Microsoft SQL Server\Client SDK\ODBC\170\Tools\Binn\;C:\Program Files\Microsoft SQL Server\160\DTS\Binn\;C:\Program Files (x86)\Microsoft SQL Server\160\DTS\Binn\;C:\Program Files\Git\cmd;C:\Program Files\gradle-9.1.0\bin;C:\Program Files\Docker\Docker\resources\bin;C:\Program Files\Java\jdk-21.0.8\bin;C:\Program Files\MySQL\MySQL Shell 8.0\bin\;C:\Users\DELL\AppData\Local\Programs\Python\Python311\Scripts\;C:\Users\DELL\AppData\Local\Programs\Python\Python311\;C:\Program Files (x86)\VMware\VMware Workstation\bin\;C:\Program Files (x86)\Common Files\Oracle\Java\javapath;C:\WINDOWS\system32;C:\WINDOWS;C:\WINDOWS\System32\Wbem;C:\WINDOWS\System32\WindowsPowerShell\v1.0\;C:\WINDOWS\System32\OpenSSH\;C:\Program Files\dotnet\;C:\MinGW\bin;C:\Program Files\Git\cmd;C:\Program Files\Cloudflare\Cloudflare WARP\;C:\ProgramData\chocolatey\bin;C:\Program Files\nvm;C:\Program Files\nodejs;C:\Users\DELL\AppData\Local\Microsoft\WindowsApps;C:\Users\DELL\.dotnet\tools;C:\Users\DELL\AppData\Local\Programs\Microsoft VS Code\bin;C:\Program Files (x86)\MongoDB Atlas CLI\;C:\Program Files\nvm;C:\Program Files\nodejs;C:\Program Files\nvm\v16.0.0;C:\Program Files\Azure Data Studio\bin;
USERNAME=DELL
OS=Windows_NT
PROCESSOR_IDENTIFIER=Intel64 Family 6 Model 140 Stepping 1, GenuineIntel
TMP=C:\Users\DELL\AppData\Local\Temp
TEMP=C:\Users\DELL\AppData\Local\Temp




Periodic native trim disabled

---------------  S Y S T E M  ---------------

OS:
 Windows 11 , 64 bit Build 22621 (10.0.22621.5415)
OS uptime: 1 days 22:22 hours
Hyper-V role detected

CPU: total 8 (initial active 8) (4 cores per cpu, 2 threads per core) family 6 model 140 stepping 1 microcode 0xbc, cx8, cmov, fxsr, ht, mmx, 3dnowpref, sse, sse2, sse3, ssse3, sse4.1, sse4.2, popcnt, lzcnt, tsc, tscinvbit, avx, avx2, aes, erms, clmul, bmi1, bmi2, adx, avx512f, avx512dq, avx512cd, avx512bw, avx512vl, sha, fma, vzeroupper, avx512_vpopcntdq, avx512_vpclmulqdq, avx512_vaes, avx512_vnni, clflush, clflushopt, clwb, avx512_vbmi2, avx512_vbmi, hv, rdtscp, rdpid, fsrm, gfni, avx512_bitalg, f16c, cet_ibt, cet_ss, avx512_ifma
Processor Information for the first 8 processors :
  Max Mhz: 2419, Current Mhz: 2419, Mhz Limit: 2419

Memory: 4k page, system-wide physical 7914M (401M free)
TotalPageFile size 20502M (AvailPageFile size 0M)
current process WorkingSet (physical memory assigned to process): 158M, peak: 414M
current process commit charge ("private bytes"): 454M, peak: 488M

vm_info: OpenJDK 64-Bit Server VM (21.0.8+9-LTS) for windows-amd64 JRE (21.0.8+9-LTS), built on 2025-07-15T00:00:00Z by "admin" with MS VC++ 17.7 (VS2022)

END.
