#
# There is insufficient memory for the Java Runtime Environment to continue.
# Native memory allocation (malloc) failed to allocate 2109200 bytes. Error detail: Chunk::new
# Possible reasons:
#   The system is out of physical RAM or swap space
#   This process is running with CompressedOops enabled, and the Java Heap may be blocking the growth of the native heap
# Possible solutions:
#   Reduce memory load on the system
#   Increase physical memory or swap space
#   Check if swap backing store is full
#   Decrease Java heap size (-Xmx/-Xms)
#   Decrease number of Java threads
#   Decrease Java thread stack sizes (-Xss)
#   Set larger code cache with -XX:ReservedCodeCacheSize=
#   JVM is running with Unscaled Compressed Oops mode in which the Java heap is
#     placed in the first 4GB address space. The Java Heap base address is the
#     maximum limit for the native heap growth. Please use -XX:HeapBaseMinAddress
#     to set the Java Heap base and to place the Java Heap above 4GB virtual address.
# This output file may be truncated or incomplete.
#
#  Out of Memory Error (arena.cpp:168), pid=18808, tid=7208
#
# JRE version: OpenJDK Runtime Environment Temurin-21.0.8+9 (21.0.8+9) (build 21.0.8+9-LTS)
# Java VM: OpenJDK 64-Bit Server VM Temurin-21.0.8+9 (21.0.8+9-LTS, mixed mode, sharing, tiered, compressed oops, compressed class ptrs, parallel gc, windows-amd64)
# No core dump will be written. Minidumps are not enabled by default on client versions of Windows
#

---------------  S U M M A R Y ------------

Command Line: --add-modules=ALL-SYSTEM --add-opens=java.base/java.util=ALL-UNNAMED --add-opens=java.base/java.lang=ALL-UNNAMED --add-opens=java.base/sun.nio.fs=ALL-UNNAMED -Declipse.application=org.eclipse.jdt.ls.core.id1 -Dosgi.bundles.defaultStartLevel=4 -Declipse.product=org.eclipse.jdt.ls.core.product -Djava.import.generatesMetadataFilesAtProjectRoot=false -DDetectVMInstallationsJob.disabled=true -Dfile.encoding=utf8 -XX:+UseParallelGC -XX:GCTimeRatio=4 -XX:AdaptiveSizePolicyWeight=90 -Dsun.zip.disableMemoryMapping=true -Xmx2G -Xms100m -Xlog:disable -javaagent:c:\Users\DELL\.vscode\extensions\redhat.java-1.47.0-win32-x64\lombok\lombok-1.18.39-4050.jar -XX:+HeapDumpOnOutOfMemoryError -XX:HeapDumpPath=c:\Users\DELL\AppData\Roaming\Code\User\workspaceStorage\8b73f063377c099f78fcd21a2df6fb00\redhat.java -Daether.dependencyCollector.impl=bf c:\Users\DELL\.vscode\extensions\redhat.java-1.47.0-win32-x64\server\plugins\org.eclipse.equinox.launcher_1.7.100.v20251014-1222.jar -configuration c:\Users\DELL\AppData\Roaming\Code\User\globalStorage\redhat.java\1.47.0\config_win -data c:\Users\DELL\AppData\Roaming\Code\User\workspaceStorage\8b73f063377c099f78fcd21a2df6fb00\redhat.java\jdt_ws --pipe=\\.\pipe\lsp-1909423891dff1aa70d4a97e8fb9ca1b-sock

Host: 11th Gen Intel(R) Core(TM) i5-1135G7 @ 2.40GHz, 8 cores, 7G,  Windows 11 , 64 bit Build 22621 (10.0.22621.5415)
Time: Sat Nov  1 12:58:13 2025 SE Asia Standard Time elapsed time: 10.689709 seconds (0d 0h 0m 10s)

---------------  T H R E A D  ---------------

Current thread (0x000001cafb24a2d0):  JavaThread "C2 CompilerThread1" daemon [_thread_in_native, id=7208, stack(0x00000081afc00000,0x00000081afd00000) (1024K)]


Current CompileTask:
C2:10689 3983       4       org.lombokweb.asm.ClassReader::readMethod (1070 bytes)

Stack: [0x00000081afc00000,0x00000081afd00000]
Native frames: (J=compiled Java code, j=interpreted, Vv=VM code, C=native code)
V  [jvm.dll+0x6d2449]
V  [jvm.dll+0x8ae341]
V  [jvm.dll+0x8b08be]
V  [jvm.dll+0x8b0fa3]
V  [jvm.dll+0x280c96]
V  [jvm.dll+0xc581d]
V  [jvm.dll+0xc5d53]
V  [jvm.dll+0x3b919c]
V  [jvm.dll+0x1e1213]
V  [jvm.dll+0x249022]
V  [jvm.dll+0x2484af]
V  [jvm.dll+0x1c89ee]
V  [jvm.dll+0x257d4d]
V  [jvm.dll+0x2562ea]
V  [jvm.dll+0x3f2d16]
V  [jvm.dll+0x857e6b]
V  [jvm.dll+0x6d0b0d]
C  [ucrtbase.dll+0x29333]
C  [KERNEL32.DLL+0x1259d]
C  [ntdll.dll+0x5af78]


---------------  P R O C E S S  ---------------

Threads class SMR info:
_java_thread_list=0x000001cafb6be420, length=25, elements={
0x000001ca9ce38910, 0x000001ca9ceec5c0, 0x000001ca9ceedec0, 0x000001cab3895130,
0x000001cab3896040, 0x000001cab3899780, 0x000001cab389ac10, 0x000001cab389edb0,
0x000001cab38c7880, 0x000001ca9cea69f0, 0x000001caf6525d10, 0x000001cafb198f90,
0x000001cafb185350, 0x000001cafb0504b0, 0x000001cafb050ee0, 0x000001cafb748710,
0x000001caf6a05700, 0x000001caf6de2240, 0x000001caf64fb140, 0x000001cafb8fb210,
0x000001cafb8f9e60, 0x000001cafb8fa4f0, 0x000001cafb24a2d0, 0x000001cafb8fd2e0,
0x000001cafb8fbf30
}

Java Threads: ( => current thread )
  0x000001ca9ce38910 JavaThread "main"                              [_thread_blocked, id=3020, stack(0x00000081adc00000,0x00000081add00000) (1024K)]
  0x000001ca9ceec5c0 JavaThread "Reference Handler"          daemon [_thread_blocked, id=24128, stack(0x00000081ae000000,0x00000081ae100000) (1024K)]
  0x000001ca9ceedec0 JavaThread "Finalizer"                  daemon [_thread_blocked, id=19600, stack(0x00000081ae100000,0x00000081ae200000) (1024K)]
  0x000001cab3895130 JavaThread "Signal Dispatcher"          daemon [_thread_blocked, id=8088, stack(0x00000081ae200000,0x00000081ae300000) (1024K)]
  0x000001cab3896040 JavaThread "Attach Listener"            daemon [_thread_blocked, id=7172, stack(0x00000081ae300000,0x00000081ae400000) (1024K)]
  0x000001cab3899780 JavaThread "Service Thread"             daemon [_thread_blocked, id=2456, stack(0x00000081ae400000,0x00000081ae500000) (1024K)]
  0x000001cab389ac10 JavaThread "Monitor Deflation Thread"   daemon [_thread_blocked, id=2336, stack(0x00000081ae500000,0x00000081ae600000) (1024K)]
  0x000001cab389edb0 JavaThread "C2 CompilerThread0"         daemon [_thread_in_vm, id=15152, stack(0x00000081ae600000,0x00000081ae700000) (1024K)]
  0x000001cab38c7880 JavaThread "C1 CompilerThread0"         daemon [_thread_blocked, id=7264, stack(0x00000081ae700000,0x00000081ae800000) (1024K)]
  0x000001ca9cea69f0 JavaThread "Common-Cleaner"             daemon [_thread_blocked, id=23568, stack(0x00000081ae800000,0x00000081ae900000) (1024K)]
  0x000001caf6525d10 JavaThread "Notification Thread"        daemon [_thread_blocked, id=23504, stack(0x00000081aea00000,0x00000081aeb00000) (1024K)]
  0x000001cafb198f90 JavaThread "Active Thread: Equinox Container: 01ed862d-4bce-4b77-8120-f4db85989fdc"        [_thread_blocked, id=7664, stack(0x00000081af200000,0x00000081af300000) (1024K)]
  0x000001cafb185350 JavaThread "Refresh Thread: Equinox Container: 01ed862d-4bce-4b77-8120-f4db85989fdc" daemon [_thread_blocked, id=17948, stack(0x00000081af400000,0x00000081af500000) (1024K)]
  0x000001cafb0504b0 JavaThread "Framework Event Dispatcher: Equinox Container: 01ed862d-4bce-4b77-8120-f4db85989fdc" daemon [_thread_blocked, id=11704, stack(0x00000081af500000,0x00000081af600000) (1024K)]
  0x000001cafb050ee0 JavaThread "Start Level: Equinox Container: 01ed862d-4bce-4b77-8120-f4db85989fdc" daemon [_thread_in_vm, id=23856, stack(0x00000081af600000,0x00000081af700000) (1024K)]
  0x000001cafb748710 JavaThread "Bundle File Closer"         daemon [_thread_blocked, id=6768, stack(0x00000081af700000,0x00000081af800000) (1024K)]
  0x000001caf6a05700 JavaThread "SCR Component Actor"        daemon [_thread_blocked, id=6288, stack(0x00000081af100000,0x00000081af200000) (1024K)]
  0x000001caf6de2240 JavaThread "Worker-JM"                         [_thread_blocked, id=23200, stack(0x00000081ae900000,0x00000081aea00000) (1024K)]
  0x000001caf64fb140 JavaThread "JNA Cleaner"                daemon [_thread_blocked, id=21120, stack(0x00000081af800000,0x00000081af900000) (1024K)]
  0x000001cafb8fb210 JavaThread "Worker-0: Repository registry initialization"        [_thread_in_native, id=19372, stack(0x00000081af900000,0x00000081afa00000) (1024K)]
  0x000001cafb8f9e60 JavaThread "Worker-1: Updating Maven Dependencies"        [_thread_blocked, id=23628, stack(0x00000081afa00000,0x00000081afb00000) (1024K)]
  0x000001cafb8fa4f0 JavaThread "Worker-2"                          [_thread_blocked, id=11164, stack(0x00000081afb00000,0x00000081afc00000) (1024K)]
=>0x000001cafb24a2d0 JavaThread "C2 CompilerThread1"         daemon [_thread_in_native, id=7208, stack(0x00000081afc00000,0x00000081afd00000) (1024K)]
  0x000001cafb8fd2e0 JavaThread "Java indexing"              daemon [_thread_blocked, id=16488, stack(0x00000081afd00000,0x00000081afe00000) (1024K)]
  0x000001cafb8fbf30 JavaThread "Worker-3"                          [_thread_blocked, id=14732, stack(0x00000081afe00000,0x00000081aff00000) (1024K)]
Total: 25

Other Threads:
  0x000001ca9aad2df0 VMThread "VM Thread"                           [id=21300, stack(0x00000081adf00000,0x00000081ae000000) (1024K)]
  0x000001ca9cea5b20 WatcherThread "VM Periodic Task Thread"        [id=23664, stack(0x00000081ade00000,0x00000081adf00000) (1024K)]
  0x000001ca9aad1bd0 WorkerThread "GC Thread#0"                     [id=22152, stack(0x00000081add00000,0x00000081ade00000) (1024K)]
  0x000001ca9aad26b0 WorkerThread "GC Thread#1"                     [id=13360, stack(0x00000081aeb00000,0x00000081aec00000) (1024K)]
  0x000001ca9aad2a50 WorkerThread "GC Thread#2"                     [id=18248, stack(0x00000081aec00000,0x00000081aed00000) (1024K)]
  0x000001caf6cb5d90 WorkerThread "GC Thread#3"                     [id=12192, stack(0x00000081aed00000,0x00000081aee00000) (1024K)]
  0x000001caf6cb7a90 WorkerThread "GC Thread#4"                     [id=20392, stack(0x00000081aee00000,0x00000081aef00000) (1024K)]
  0x000001caf6cb4090 WorkerThread "GC Thread#5"                     [id=16676, stack(0x00000081aef00000,0x00000081af000000) (1024K)]
  0x000001caf6cb47d0 WorkerThread "GC Thread#6"                     [id=8904, stack(0x00000081af000000,0x00000081af100000) (1024K)]
  0x000001caf6cb4f10 WorkerThread "GC Thread#7"                     [id=14348, stack(0x00000081af300000,0x00000081af400000) (1024K)]
Total: 10

Threads with active compile tasks:
C2 CompilerThread0  10731 4147       4       sun.nio.cs.StreamDecoder::lockedRead (189 bytes)
C2 CompilerThread1  10731 3983       4       org.lombokweb.asm.ClassReader::readMethod (1070 bytes)
Total: 2

VM state: not at safepoint (normal execution)

VM Mutex/Monitor currently owned by a thread: None

Heap address: 0x0000000080000000, size: 2048 MB, Compressed Oops mode: 32-bit

CDS archive(s) mapped at: [0x000001cab4000000-0x000001cab4ba0000-0x000001cab4ba0000), size 12189696, SharedBaseAddress: 0x000001cab4000000, ArchiveRelocationMode: 1.
Compressed class space mapped at: 0x000001cab5000000-0x000001caf5000000, reserved size: 1073741824
Narrow klass base: 0x000001cab4000000, Narrow klass shift: 0, Narrow klass range: 0x100000000

GC Precious Log:
 CardTable entry size: 512
 CPUs: 8 total, 8 available
 Memory: 7914M
 Large Page Support: Disabled
 NUMA Support: Disabled
 Compressed Oops: Enabled (32-bit)
 Alignments: Space 512K, Generation 512K, Heap 2M
 Heap Min Capacity: 100M
 Heap Initial Capacity: 100M
 Heap Max Capacity: 2G
 Pre-touch: Disabled
 Parallel Workers: 8

Heap:
 PSYoungGen      total 25600K, used 18280K [0x00000000d5580000, 0x00000000d7280000, 0x0000000100000000)
  eden space 22528K, 75% used [0x00000000d5580000,0x00000000d661e808,0x00000000d6b80000)
  from space 3072K, 41% used [0x00000000d6d80000,0x00000000d6ebbab0,0x00000000d7080000)
  to   space 2048K, 0% used [0x00000000d7080000,0x00000000d7080000,0x00000000d7280000)
 ParOldGen       total 68608K, used 16962K [0x0000000080000000, 0x0000000084300000, 0x00000000d5580000)
  object space 68608K, 24% used [0x0000000080000000,0x0000000081090860,0x0000000084300000)
 Metaspace       used 32577K, committed 33472K, reserved 1114112K
  class space    used 3356K, committed 3712K, reserved 1048576K

Card table byte_map: [0x000001ca9c800000,0x000001ca9cc10000] _byte_map_base: 0x000001ca9c400000

Marking Bits: (ParMarkBitMap*) 0x00007ffa54fea340
 Begin Bits: [0x000001caaf2d0000, 0x000001cab12d0000)
 End Bits:   [0x000001cab12d0000, 0x000001cab32d0000)

Polling page: 0x000001ca9c5f0000

Metaspace:

Usage:
  Non-class:     28.54 MB used.
      Class:      3.28 MB used.
       Both:     31.81 MB used.

Virtual space:
  Non-class space:       64.00 MB reserved,      29.06 MB ( 45%) committed,  1 nodes.
      Class space:        1.00 GB reserved,       3.62 MB ( <1%) committed,  1 nodes.
             Both:        1.06 GB reserved,      32.69 MB (  3%) committed. 

Chunk freelists:
   Non-Class:  2.06 MB
       Class:  12.38 MB
        Both:  14.44 MB

MaxMetaspaceSize: unlimited
CompressedClassSpaceSize: 1.00 GB
Initial GC threshold: 21.00 MB
Current GC threshold: 35.00 MB
CDS: on
 - commit_granule_bytes: 65536.
 - commit_granule_words: 8192.
 - virtual_space_node_default_size: 8388608.
 - enlarge_chunks_in_place: 1.
 - use_allocation_guard: 0.


Internal statistics:

num_allocs_failed_limit: 3.
num_arena_births: 770.
num_arena_deaths: 14.
num_vsnodes_births: 2.
num_vsnodes_deaths: 0.
num_space_committed: 523.
num_space_uncommitted: 0.
num_chunks_returned_to_freelist: 17.
num_chunks_taken_from_freelist: 2147.
num_chunk_merges: 9.
num_chunk_splits: 1341.
num_chunks_enlarged: 783.
num_inconsistent_stats: 0.

CodeHeap 'non-profiled nmethods': size=120000Kb used=2154Kb max_used=2154Kb free=117845Kb
 bounds [0x000001caa7af0000, 0x000001caa7d60000, 0x000001caaf020000]
CodeHeap 'profiled nmethods': size=120000Kb used=9245Kb max_used=9245Kb free=110754Kb
 bounds [0x000001caa0020000, 0x000001caa0930000, 0x000001caa7550000]
CodeHeap 'non-nmethods': size=5760Kb used=1355Kb max_used=1407Kb free=4404Kb
 bounds [0x000001caa7550000, 0x000001caa77c0000, 0x000001caa7af0000]
CodeCache: size=245760Kb, used=12754Kb, max_used=12806Kb, free=233003Kb
 total_blobs=5051, nmethods=4412, adapters=545, full_count=0
Compilation: enabled, stopped_count=0, restarted_count=0

Compilation events (20 events):
Event: 10.659 Thread 0x000001cab389edb0 nmethod 4193 0x000001caa7d03510 code [0x000001caa7d03880, 0x000001caa7d049f8]
Event: 10.660 Thread 0x000001cab389edb0 4373       4       java.util.HashMap::putVal (300 bytes)
Event: 10.660 Thread 0x000001cab38c7880 4400       3       jdk.internal.reflect.ConstantPool::getUTF8At (10 bytes)
Event: 10.661 Thread 0x000001cab38c7880 nmethod 4400 0x000001caa0914d10 code [0x000001caa0914ec0, 0x000001caa0915008]
Event: 10.663 Thread 0x000001cab38c7880 4401       3       com.google.common.collect.ImmutableMapEntry::getKey (5 bytes)
Event: 10.663 Thread 0x000001cab38c7880 nmethod 4401 0x000001caa0915090 code [0x000001caa0915220, 0x000001caa0915340]
Event: 10.664 Thread 0x000001cab38c7880 4402       3       java.net.URLConnection::setUseCaches (10 bytes)
Event: 10.664 Thread 0x000001cab38c7880 nmethod 4402 0x000001caa0915410 code [0x000001caa09155e0, 0x000001caa0915868]
Event: 10.672 Thread 0x000001cab38c7880 4404       3       com.google.inject.TypeLiteral::equals (30 bytes)
Event: 10.673 Thread 0x000001cab38c7880 nmethod 4404 0x000001caa0915990 code [0x000001caa0915b60, 0x000001caa0915f08]
Event: 10.673 Thread 0x000001cab38c7880 4405       3       com.google.inject.internal.MoreTypes::equals (282 bytes)
Event: 10.675 Thread 0x000001cab38c7880 nmethod 4405 0x000001caa0916010 code [0x000001caa09164e0, 0x000001caa09192a8]
Event: 10.677 Thread 0x000001cab38c7880 4406       3       java.nio.ByteBuffer::<init> (47 bytes)
Event: 10.677 Thread 0x000001cab38c7880 nmethod 4406 0x000001caa0919990 code [0x000001caa0919b40, 0x000001caa0919d30]
Event: 10.680 Thread 0x000001cab389edb0 nmethod 4373 0x000001caa7d05b90 code [0x000001caa7d05da0, 0x000001caa7d06468]
Event: 10.680 Thread 0x000001cab389edb0 4194   !   4       java.nio.charset.CharsetDecoder::decode (275 bytes)
Event: 10.681 Thread 0x000001cab38c7880 4407       3       java.lang.reflect.Executable::isVarArgs (17 bytes)
Event: 10.681 Thread 0x000001cab38c7880 nmethod 4407 0x000001caa0919e10 code [0x000001caa0919fc0, 0x000001caa091a1e0]
Event: 10.684 Thread 0x000001cab38c7880 4408       1       java.util.zip.ZipFile$ZipFileInputStream::size (5 bytes)
Event: 10.684 Thread 0x000001cab38c7880 nmethod 4408 0x000001caa7d06a10 code [0x000001caa7d06ba0, 0x000001caa7d06c68]

GC Heap History (20 events):
Event: 3.301 GC heap before
{Heap before GC invocations=3 (full 0):
 PSYoungGen      total 29696K, used 29618K [0x00000000d5580000, 0x00000000d7680000, 0x0000000100000000)
  eden space 25600K, 99% used [0x00000000d5580000,0x00000000d6e6f198,0x00000000d6e80000)
  from space 4096K, 99% used [0x00000000d7280000,0x00000000d767d810,0x00000000d7680000)
  to   space 4096K, 0% used [0x00000000d6e80000,0x00000000d6e80000,0x00000000d7280000)
 ParOldGen       total 68608K, used 1695K [0x0000000080000000, 0x0000000084300000, 0x00000000d5580000)
  object space 68608K, 2% used [0x0000000080000000,0x00000000801a7f10,0x0000000084300000)
 Metaspace       used 9390K, committed 9728K, reserved 1114112K
  class space    used 1002K, committed 1152K, reserved 1048576K
}
Event: 3.311 GC heap after
{Heap after GC invocations=3 (full 0):
 PSYoungGen      total 29696K, used 4095K [0x00000000d5580000, 0x00000000d7680000, 0x0000000100000000)
  eden space 25600K, 0% used [0x00000000d5580000,0x00000000d5580000,0x00000000d6e80000)
  from space 4096K, 99% used [0x00000000d6e80000,0x00000000d727fcf0,0x00000000d7280000)
  to   space 4096K, 0% used [0x00000000d7280000,0x00000000d7280000,0x00000000d7680000)
 ParOldGen       total 68608K, used 4749K [0x0000000080000000, 0x0000000084300000, 0x00000000d5580000)
  object space 68608K, 6% used [0x0000000080000000,0x00000000804a3790,0x0000000084300000)
 Metaspace       used 9390K, committed 9728K, reserved 1114112K
  class space    used 1002K, committed 1152K, reserved 1048576K
}
Event: 4.303 GC heap before
{Heap before GC invocations=4 (full 0):
 PSYoungGen      total 29696K, used 29695K [0x00000000d5580000, 0x00000000d7680000, 0x0000000100000000)
  eden space 25600K, 100% used [0x00000000d5580000,0x00000000d6e80000,0x00000000d6e80000)
  from space 4096K, 99% used [0x00000000d6e80000,0x00000000d727fcf0,0x00000000d7280000)
  to   space 4096K, 0% used [0x00000000d7280000,0x00000000d7280000,0x00000000d7680000)
 ParOldGen       total 68608K, used 4749K [0x0000000080000000, 0x0000000084300000, 0x00000000d5580000)
  object space 68608K, 6% used [0x0000000080000000,0x00000000804a3790,0x0000000084300000)
 Metaspace       used 12066K, committed 12480K, reserved 1114112K
  class space    used 1287K, committed 1472K, reserved 1048576K
}
Event: 4.314 GC heap after
{Heap after GC invocations=4 (full 0):
 PSYoungGen      total 29696K, used 4091K [0x00000000d5580000, 0x00000000d7680000, 0x0000000100000000)
  eden space 25600K, 0% used [0x00000000d5580000,0x00000000d5580000,0x00000000d6e80000)
  from space 4096K, 99% used [0x00000000d7280000,0x00000000d767eed0,0x00000000d7680000)
  to   space 4096K, 0% used [0x00000000d6e80000,0x00000000d6e80000,0x00000000d7280000)
 ParOldGen       total 68608K, used 6125K [0x0000000080000000, 0x0000000084300000, 0x00000000d5580000)
  object space 68608K, 8% used [0x0000000080000000,0x00000000805fb6a8,0x0000000084300000)
 Metaspace       used 12066K, committed 12480K, reserved 1114112K
  class space    used 1287K, committed 1472K, reserved 1048576K
}
Event: 5.310 GC heap before
{Heap before GC invocations=5 (full 0):
 PSYoungGen      total 29696K, used 29691K [0x00000000d5580000, 0x00000000d7680000, 0x0000000100000000)
  eden space 25600K, 100% used [0x00000000d5580000,0x00000000d6e80000,0x00000000d6e80000)
  from space 4096K, 99% used [0x00000000d7280000,0x00000000d767eed0,0x00000000d7680000)
  to   space 4096K, 0% used [0x00000000d6e80000,0x00000000d6e80000,0x00000000d7280000)
 ParOldGen       total 68608K, used 6125K [0x0000000080000000, 0x0000000084300000, 0x00000000d5580000)
  object space 68608K, 8% used [0x0000000080000000,0x00000000805fb6a8,0x0000000084300000)
 Metaspace       used 15586K, committed 16192K, reserved 1114112K
  class space    used 1622K, committed 1920K, reserved 1048576K
}
Event: 5.318 GC heap after
{Heap after GC invocations=5 (full 0):
 PSYoungGen      total 29184K, used 4087K [0x00000000d5580000, 0x00000000d7c00000, 0x0000000100000000)
  eden space 25088K, 0% used [0x00000000d5580000,0x00000000d5580000,0x00000000d6e00000)
  from space 4096K, 99% used [0x00000000d6e80000,0x00000000d727df40,0x00000000d7280000)
  to   space 7168K, 0% used [0x00000000d7500000,0x00000000d7500000,0x00000000d7c00000)
 ParOldGen       total 68608K, used 8741K [0x0000000080000000, 0x0000000084300000, 0x00000000d5580000)
  object space 68608K, 12% used [0x0000000080000000,0x0000000080889590,0x0000000084300000)
 Metaspace       used 15586K, committed 16192K, reserved 1114112K
  class space    used 1622K, committed 1920K, reserved 1048576K
}
Event: 7.009 GC heap before
{Heap before GC invocations=6 (full 0):
 PSYoungGen      total 29184K, used 29175K [0x00000000d5580000, 0x00000000d7c00000, 0x0000000100000000)
  eden space 25088K, 100% used [0x00000000d5580000,0x00000000d6e00000,0x00000000d6e00000)
  from space 4096K, 99% used [0x00000000d6e80000,0x00000000d727df40,0x00000000d7280000)
  to   space 7168K, 0% used [0x00000000d7500000,0x00000000d7500000,0x00000000d7c00000)
 ParOldGen       total 68608K, used 8741K [0x0000000080000000, 0x0000000084300000, 0x00000000d5580000)
  object space 68608K, 12% used [0x0000000080000000,0x0000000080889590,0x0000000084300000)
 Metaspace       used 18708K, committed 19392K, reserved 1114112K
  class space    used 1964K, committed 2240K, reserved 1048576K
}
Event: 7.019 GC heap after
{Heap after GC invocations=6 (full 0):
 PSYoungGen      total 30208K, used 5128K [0x00000000d5580000, 0x00000000d7a80000, 0x0000000100000000)
  eden space 24576K, 0% used [0x00000000d5580000,0x00000000d5580000,0x00000000d6d80000)
  from space 5632K, 91% used [0x00000000d7500000,0x00000000d7a023a0,0x00000000d7a80000)
  to   space 6144K, 0% used [0x00000000d6e80000,0x00000000d6e80000,0x00000000d7480000)
 ParOldGen       total 68608K, used 8749K [0x0000000080000000, 0x0000000084300000, 0x00000000d5580000)
  object space 68608K, 12% used [0x0000000080000000,0x000000008088b590,0x0000000084300000)
 Metaspace       used 18708K, committed 19392K, reserved 1114112K
  class space    used 1964K, committed 2240K, reserved 1048576K
}
Event: 7.484 GC heap before
{Heap before GC invocations=7 (full 0):
 PSYoungGen      total 30208K, used 21577K [0x00000000d5580000, 0x00000000d7a80000, 0x0000000100000000)
  eden space 24576K, 66% used [0x00000000d5580000,0x00000000d65900f0,0x00000000d6d80000)
  from space 5632K, 91% used [0x00000000d7500000,0x00000000d7a023a0,0x00000000d7a80000)
  to   space 6144K, 0% used [0x00000000d6e80000,0x00000000d6e80000,0x00000000d7480000)
 ParOldGen       total 68608K, used 8749K [0x0000000080000000, 0x0000000084300000, 0x00000000d5580000)
  object space 68608K, 12% used [0x0000000080000000,0x000000008088b590,0x0000000084300000)
 Metaspace       used 20678K, committed 21504K, reserved 1114112K
  class space    used 2212K, committed 2560K, reserved 1048576K
}
Event: 7.495 GC heap after
{Heap after GC invocations=7 (full 0):
 PSYoungGen      total 29184K, used 4126K [0x00000000d5580000, 0x00000000d7680000, 0x0000000100000000)
  eden space 24576K, 0% used [0x00000000d5580000,0x00000000d5580000,0x00000000d6d80000)
  from space 4608K, 89% used [0x00000000d6e80000,0x00000000d7287b18,0x00000000d7300000)
  to   space 3584K, 0% used [0x00000000d7300000,0x00000000d7300000,0x00000000d7680000)
 ParOldGen       total 68608K, used 10151K [0x0000000080000000, 0x0000000084300000, 0x00000000d5580000)
  object space 68608K, 14% used [0x0000000080000000,0x00000000809e9e40,0x0000000084300000)
 Metaspace       used 20678K, committed 21504K, reserved 1114112K
  class space    used 2212K, committed 2560K, reserved 1048576K
}
Event: 7.495 GC heap before
{Heap before GC invocations=8 (full 1):
 PSYoungGen      total 29184K, used 4126K [0x00000000d5580000, 0x00000000d7680000, 0x0000000100000000)
  eden space 24576K, 0% used [0x00000000d5580000,0x00000000d5580000,0x00000000d6d80000)
  from space 4608K, 89% used [0x00000000d6e80000,0x00000000d7287b18,0x00000000d7300000)
  to   space 3584K, 0% used [0x00000000d7300000,0x00000000d7300000,0x00000000d7680000)
 ParOldGen       total 68608K, used 10151K [0x0000000080000000, 0x0000000084300000, 0x00000000d5580000)
  object space 68608K, 14% used [0x0000000080000000,0x00000000809e9e40,0x0000000084300000)
 Metaspace       used 20678K, committed 21504K, reserved 1114112K
  class space    used 2212K, committed 2560K, reserved 1048576K
}
Event: 7.608 GC heap after
{Heap after GC invocations=8 (full 1):
 PSYoungGen      total 29184K, used 0K [0x00000000d5580000, 0x00000000d7680000, 0x0000000100000000)
  eden space 24576K, 0% used [0x00000000d5580000,0x00000000d5580000,0x00000000d6d80000)
  from space 4608K, 0% used [0x00000000d6e80000,0x00000000d6e80000,0x00000000d7300000)
  to   space 3584K, 0% used [0x00000000d7300000,0x00000000d7300000,0x00000000d7680000)
 ParOldGen       total 68608K, used 13592K [0x0000000080000000, 0x0000000084300000, 0x00000000d5580000)
  object space 68608K, 19% used [0x0000000080000000,0x0000000080d46380,0x0000000084300000)
 Metaspace       used 20666K, committed 21504K, reserved 1114112K
  class space    used 2209K, committed 2560K, reserved 1048576K
}
Event: 8.293 GC heap before
{Heap before GC invocations=9 (full 1):
 PSYoungGen      total 29184K, used 24569K [0x00000000d5580000, 0x00000000d7680000, 0x0000000100000000)
  eden space 24576K, 99% used [0x00000000d5580000,0x00000000d6d7e5a8,0x00000000d6d80000)
  from space 4608K, 0% used [0x00000000d6e80000,0x00000000d6e80000,0x00000000d7300000)
  to   space 3584K, 0% used [0x00000000d7300000,0x00000000d7300000,0x00000000d7680000)
 ParOldGen       total 68608K, used 13592K [0x0000000080000000, 0x0000000084300000, 0x00000000d5580000)
  object space 68608K, 19% used [0x0000000080000000,0x0000000080d46380,0x0000000084300000)
 Metaspace       used 23220K, committed 24128K, reserved 1114112K
  class space    used 2379K, committed 2752K, reserved 1048576K
}
Event: 8.295 GC heap after
{Heap after GC invocations=9 (full 1):
 PSYoungGen      total 25088K, used 687K [0x00000000d5580000, 0x00000000d7400000, 0x0000000100000000)
  eden space 24064K, 0% used [0x00000000d5580000,0x00000000d5580000,0x00000000d6d00000)
  from space 1024K, 67% used [0x00000000d7300000,0x00000000d73abfc8,0x00000000d7400000)
  to   space 2048K, 0% used [0x00000000d7000000,0x00000000d7000000,0x00000000d7200000)
 ParOldGen       total 68608K, used 13600K [0x0000000080000000, 0x0000000084300000, 0x00000000d5580000)
  object space 68608K, 19% used [0x0000000080000000,0x0000000080d48380,0x0000000084300000)
 Metaspace       used 23220K, committed 24128K, reserved 1114112K
  class space    used 2379K, committed 2752K, reserved 1048576K
}
Event: 8.719 GC heap before
{Heap before GC invocations=10 (full 1):
 PSYoungGen      total 25088K, used 24751K [0x00000000d5580000, 0x00000000d7400000, 0x0000000100000000)
  eden space 24064K, 100% used [0x00000000d5580000,0x00000000d6d00000,0x00000000d6d00000)
  from space 1024K, 67% used [0x00000000d7300000,0x00000000d73abfc8,0x00000000d7400000)
  to   space 2048K, 0% used [0x00000000d7000000,0x00000000d7000000,0x00000000d7200000)
 ParOldGen       total 68608K, used 13600K [0x0000000080000000, 0x0000000084300000, 0x00000000d5580000)
  object space 68608K, 19% used [0x0000000080000000,0x0000000080d48380,0x0000000084300000)
 Metaspace       used 26285K, committed 27200K, reserved 1114112K
  class space    used 2682K, committed 3072K, reserved 1048576K
}
Event: 8.722 GC heap after
{Heap after GC invocations=10 (full 1):
 PSYoungGen      total 25600K, used 2039K [0x00000000d5580000, 0x00000000d7380000, 0x0000000100000000)
  eden space 23552K, 0% used [0x00000000d5580000,0x00000000d5580000,0x00000000d6c80000)
  from space 2048K, 99% used [0x00000000d7000000,0x00000000d71fde28,0x00000000d7200000)
  to   space 1536K, 0% used [0x00000000d7200000,0x00000000d7200000,0x00000000d7380000)
 ParOldGen       total 68608K, used 14187K [0x0000000080000000, 0x0000000084300000, 0x00000000d5580000)
  object space 68608K, 20% used [0x0000000080000000,0x0000000080ddae38,0x0000000084300000)
 Metaspace       used 26285K, committed 27200K, reserved 1114112K
  class space    used 2682K, committed 3072K, reserved 1048576K
}
Event: 9.313 GC heap before
{Heap before GC invocations=11 (full 1):
 PSYoungGen      total 25600K, used 25591K [0x00000000d5580000, 0x00000000d7380000, 0x0000000100000000)
  eden space 23552K, 100% used [0x00000000d5580000,0x00000000d6c80000,0x00000000d6c80000)
  from space 2048K, 99% used [0x00000000d7000000,0x00000000d71fde28,0x00000000d7200000)
  to   space 1536K, 0% used [0x00000000d7200000,0x00000000d7200000,0x00000000d7380000)
 ParOldGen       total 68608K, used 14187K [0x0000000080000000, 0x0000000084300000, 0x00000000d5580000)
  object space 68608K, 20% used [0x0000000080000000,0x0000000080ddae38,0x0000000084300000)
 Metaspace       used 28522K, committed 29376K, reserved 1114112K
  class space    used 2885K, committed 3264K, reserved 1048576K
}
Event: 9.319 GC heap after
{Heap after GC invocations=11 (full 1):
 PSYoungGen      total 24576K, used 1524K [0x00000000d5580000, 0x00000000d7380000, 0x0000000100000000)
  eden space 23040K, 0% used [0x00000000d5580000,0x00000000d5580000,0x00000000d6c00000)
  from space 1536K, 99% used [0x00000000d7200000,0x00000000d737d240,0x00000000d7380000)
  to   space 3072K, 0% used [0x00000000d6d80000,0x00000000d6d80000,0x00000000d7080000)
 ParOldGen       total 68608K, used 15590K [0x0000000080000000, 0x0000000084300000, 0x00000000d5580000)
  object space 68608K, 22% used [0x0000000080000000,0x0000000080f399e0,0x0000000084300000)
 Metaspace       used 28522K, committed 29376K, reserved 1114112K
  class space    used 2885K, committed 3264K, reserved 1048576K
}
Event: 10.191 GC heap before
{Heap before GC invocations=12 (full 1):
 PSYoungGen      total 24576K, used 24564K [0x00000000d5580000, 0x00000000d7380000, 0x0000000100000000)
  eden space 23040K, 100% used [0x00000000d5580000,0x00000000d6c00000,0x00000000d6c00000)
  from space 1536K, 99% used [0x00000000d7200000,0x00000000d737d240,0x00000000d7380000)
  to   space 3072K, 0% used [0x00000000d6d80000,0x00000000d6d80000,0x00000000d7080000)
 ParOldGen       total 68608K, used 15590K [0x0000000080000000, 0x0000000084300000, 0x00000000d5580000)
  object space 68608K, 22% used [0x0000000080000000,0x0000000080f399e0,0x0000000084300000)
 Metaspace       used 30642K, committed 31552K, reserved 1114112K
  class space    used 3147K, committed 3520K, reserved 1048576K
}
Event: 10.196 GC heap after
{Heap after GC invocations=12 (full 1):
 PSYoungGen      total 25600K, used 1262K [0x00000000d5580000, 0x00000000d7280000, 0x0000000100000000)
  eden space 22528K, 0% used [0x00000000d5580000,0x00000000d5580000,0x00000000d6b80000)
  from space 3072K, 41% used [0x00000000d6d80000,0x00000000d6ebbab0,0x00000000d7080000)
  to   space 2048K, 0% used [0x00000000d7080000,0x00000000d7080000,0x00000000d7280000)
 ParOldGen       total 68608K, used 16962K [0x0000000080000000, 0x0000000084300000, 0x00000000d5580000)
  object space 68608K, 24% used [0x0000000080000000,0x0000000081090860,0x0000000084300000)
 Metaspace       used 30642K, committed 31552K, reserved 1114112K
  class space    used 3147K, committed 3520K, reserved 1048576K
}

Dll operation events (10 events):
Event: 0.028 Loaded shared library c:\Users\DELL\.vscode\extensions\redhat.java-1.47.0-win32-x64\jre\21.0.8-win32-x86_64\bin\java.dll
Event: 0.265 Loaded shared library c:\Users\DELL\.vscode\extensions\redhat.java-1.47.0-win32-x64\jre\21.0.8-win32-x86_64\bin\zip.dll
Event: 0.311 Loaded shared library C:\Users\DELL\.vscode\extensions\redhat.java-1.47.0-win32-x64\jre\21.0.8-win32-x86_64\bin\instrument.dll
Event: 0.320 Loaded shared library C:\Users\DELL\.vscode\extensions\redhat.java-1.47.0-win32-x64\jre\21.0.8-win32-x86_64\bin\net.dll
Event: 0.324 Loaded shared library C:\Users\DELL\.vscode\extensions\redhat.java-1.47.0-win32-x64\jre\21.0.8-win32-x86_64\bin\nio.dll
Event: 0.331 Loaded shared library C:\Users\DELL\.vscode\extensions\redhat.java-1.47.0-win32-x64\jre\21.0.8-win32-x86_64\bin\zip.dll
Event: 0.369 Loaded shared library C:\Users\DELL\.vscode\extensions\redhat.java-1.47.0-win32-x64\jre\21.0.8-win32-x86_64\bin\jimage.dll
Event: 0.512 Loaded shared library c:\Users\DELL\.vscode\extensions\redhat.java-1.47.0-win32-x64\jre\21.0.8-win32-x86_64\bin\verify.dll
Event: 2.690 Loaded shared library C:\Users\DELL\AppData\Roaming\Code\User\globalStorage\redhat.java\1.47.0\config_win\org.eclipse.equinox.launcher\org.eclipse.equinox.launcher.win32.win32.x86_64_1.2.1400.v20250801-0854\eclipse_11916.dll
Event: 6.085 Loaded shared library C:\Users\DELL\AppData\Local\Temp\jna-2094529\jna2238813319065125970.dll

Deoptimization events (20 events):
Event: 10.135 Thread 0x000001cafb050ee0 Uncommon trap: trap_request=0xffffff45 fr.pc=0x000001caa7bd992c relative=0x000000000000046c
Event: 10.135 Thread 0x000001cafb050ee0 Uncommon trap: reason=unstable_if action=reinterpret pc=0x000001caa7bd992c method=java.lang.AbstractStringBuilder.isLatin1()Z @ 10 c2
Event: 10.135 Thread 0x000001cafb050ee0 DEOPT PACKING pc=0x000001caa7bd992c sp=0x00000081af6fe3b0
Event: 10.135 Thread 0x000001cafb050ee0 DEOPT UNPACKING pc=0x000001caa75a6da2 sp=0x00000081af6fe318 mode 2
Event: 10.198 Thread 0x000001cafb050ee0 Uncommon trap: trap_request=0xffffffc6 fr.pc=0x000001caa7ba5ed8 relative=0x0000000000000a58
Event: 10.198 Thread 0x000001cafb050ee0 Uncommon trap: reason=bimorphic_or_optimized_type_check action=maybe_recompile pc=0x000001caa7ba5ed8 method=java.util.HashMap.putVal(ILjava/lang/Object;Ljava/lang/Object;ZZ)Ljava/lang/Object; @ 56 c2
Event: 10.198 Thread 0x000001cafb050ee0 DEOPT PACKING pc=0x000001caa7ba5ed8 sp=0x00000081af6fdac0
Event: 10.198 Thread 0x000001cafb050ee0 DEOPT UNPACKING pc=0x000001caa75a6da2 sp=0x00000081af6fda28 mode 2
Event: 10.198 Thread 0x000001cafb050ee0 Uncommon trap: trap_request=0xffffffc6 fr.pc=0x000001caa7ba5ed8 relative=0x0000000000000a58
Event: 10.198 Thread 0x000001cafb050ee0 Uncommon trap: reason=bimorphic_or_optimized_type_check action=maybe_recompile pc=0x000001caa7ba5ed8 method=java.util.HashMap.putVal(ILjava/lang/Object;Ljava/lang/Object;ZZ)Ljava/lang/Object; @ 56 c2
Event: 10.198 Thread 0x000001cafb050ee0 DEOPT PACKING pc=0x000001caa7ba5ed8 sp=0x00000081af6fdac0
Event: 10.198 Thread 0x000001cafb050ee0 DEOPT UNPACKING pc=0x000001caa75a6da2 sp=0x00000081af6fda28 mode 2
Event: 10.198 Thread 0x000001cafb050ee0 Uncommon trap: trap_request=0xffffffc6 fr.pc=0x000001caa7ba5ed8 relative=0x0000000000000a58
Event: 10.198 Thread 0x000001cafb050ee0 Uncommon trap: reason=bimorphic_or_optimized_type_check action=maybe_recompile pc=0x000001caa7ba5ed8 method=java.util.HashMap.putVal(ILjava/lang/Object;Ljava/lang/Object;ZZ)Ljava/lang/Object; @ 56 c2
Event: 10.198 Thread 0x000001cafb050ee0 DEOPT PACKING pc=0x000001caa7ba5ed8 sp=0x00000081af6fdac0
Event: 10.198 Thread 0x000001cafb050ee0 DEOPT UNPACKING pc=0x000001caa75a6da2 sp=0x00000081af6fda28 mode 2
Event: 10.294 Thread 0x000001cafb8fb210 Uncommon trap: trap_request=0xffffff45 fr.pc=0x000001caa7ce6b1c relative=0x000000000000139c
Event: 10.294 Thread 0x000001cafb8fb210 Uncommon trap: reason=unstable_if action=reinterpret pc=0x000001caa7ce6b1c method=sun.nio.cs.StreamDecoder.lockedRead0()I @ 30 c2
Event: 10.294 Thread 0x000001cafb8fb210 DEOPT PACKING pc=0x000001caa7ce6b1c sp=0x00000081af9fe300
Event: 10.294 Thread 0x000001cafb8fb210 DEOPT UNPACKING pc=0x000001caa75a6da2 sp=0x00000081af9fe148 mode 2

Classes loaded (20 events):
Event: 10.673 Loading class jdk/xml/internal/XMLSecurityManager$NameMap
Event: 10.673 Loading class jdk/xml/internal/XMLSecurityManager$NameMap done
Event: 10.674 Loading class jdk/xml/internal/JdkProperty
Event: 10.674 Loading class jdk/xml/internal/JdkProperty done
Event: 10.676 Loading class javax/xml/catalog/CatalogFeatures$State
Event: 10.677 Loading class javax/xml/catalog/CatalogFeatures$State done
Event: 10.677 Loading class javax/xml/catalog/Util
Event: 10.678 Loading class javax/xml/catalog/Util done
Event: 10.678 Loading class javax/xml/catalog/CatalogMessages
Event: 10.679 Loading class javax/xml/catalog/CatalogMessages done
Event: 10.681 Loading class com/sun/org/apache/xalan/internal/xsltc/trax/TransformerImpl
Event: 10.682 Loading class com/sun/org/apache/xalan/internal/xsltc/DOMCache
Event: 10.682 Loading class com/sun/org/apache/xalan/internal/xsltc/DOMCache done
Event: 10.682 Loading class javax/xml/transform/Transformer
Event: 10.683 Loading class javax/xml/transform/Transformer done
Event: 10.683 Loading class com/sun/org/apache/xalan/internal/xsltc/trax/TransformerImpl done
Event: 10.683 Loading class com/sun/org/apache/xml/internal/serializer/OutputPropertiesFactory
Event: 10.684 Loading class com/sun/org/apache/xml/internal/serializer/OutputPropertiesFactory done
Event: 10.686 Loading class com/sun/org/apache/xml/internal/utils/XMLReaderManager
Event: 10.688 Loading class com/sun/org/apache/xml/internal/utils/XMLReaderManager done

Classes unloaded (7 events):
Event: 7.514 Thread 0x000001ca9aad2df0 Unloading class 0x000001cab51aac00 'java/lang/invoke/LambdaForm$MH+0x000001cab51aac00'
Event: 7.514 Thread 0x000001ca9aad2df0 Unloading class 0x000001cab51aa800 'java/lang/invoke/LambdaForm$MH+0x000001cab51aa800'
Event: 7.514 Thread 0x000001ca9aad2df0 Unloading class 0x000001cab51aa400 'java/lang/invoke/LambdaForm$MH+0x000001cab51aa400'
Event: 7.514 Thread 0x000001ca9aad2df0 Unloading class 0x000001cab51aa000 'java/lang/invoke/LambdaForm$MH+0x000001cab51aa000'
Event: 7.514 Thread 0x000001ca9aad2df0 Unloading class 0x000001cab51a9c00 'java/lang/invoke/LambdaForm$BMH+0x000001cab51a9c00'
Event: 7.514 Thread 0x000001ca9aad2df0 Unloading class 0x000001cab51a9800 'java/lang/invoke/LambdaForm$DMH+0x000001cab51a9800'
Event: 7.514 Thread 0x000001ca9aad2df0 Unloading class 0x000001cab51a8400 'java/lang/invoke/LambdaForm$DMH+0x000001cab51a8400'

Classes redefined (0 events):
No events

Internal exceptions (20 events):
Event: 7.388 Thread 0x000001cafb050ee0 Exception <a 'java/lang/NoSuchMethodError'{0x00000000d6230e90}: 'int java.lang.invoke.DirectMethodHandle$Holder.invokeStaticInit(java.lang.Object, int, int)'> (0x00000000d6230e90) 
thrown [s\src\hotspot\share\interpreter\linkResolver.cpp, line 773]
Event: 7.390 Thread 0x000001cafb050ee0 Exception <a 'java/lang/NoSuchMethodError'{0x00000000d62390f8}: 'int java.lang.invoke.DirectMethodHandle$Holder.invokeStaticInit(java.lang.Object, long, long)'> (0x00000000d62390f8) 
thrown [s\src\hotspot\share\interpreter\linkResolver.cpp, line 773]
Event: 7.391 Thread 0x000001cafb050ee0 Exception <a 'java/lang/NoSuchMethodError'{0x00000000d6240900}: 'int java.lang.invoke.DirectMethodHandle$Holder.invokeStaticInit(java.lang.Object, float, float)'> (0x00000000d6240900) 
thrown [s\src\hotspot\share\interpreter\linkResolver.cpp, line 773]
Event: 7.392 Thread 0x000001cafb050ee0 Exception <a 'java/lang/NoSuchMethodError'{0x00000000d6248100}: 'int java.lang.invoke.DirectMethodHandle$Holder.invokeStaticInit(java.lang.Object, double, double)'> (0x00000000d6248100) 
thrown [s\src\hotspot\share\interpreter\linkResolver.cpp, line 773]
Event: 7.392 Thread 0x000001cafb050ee0 Exception <a 'java/lang/NoSuchMethodError'{0x00000000d624d3d8}: 'int java.lang.invoke.DirectMethodHandle$Holder.invokeStatic(java.lang.Object, long)'> (0x00000000d624d3d8) 
thrown [s\src\hotspot\share\interpreter\linkResolver.cpp, line 773]
Event: 7.397 Thread 0x000001cafb050ee0 Exception <a 'java/lang/NoSuchMethodError'{0x00000000d626ceb0}: 'int java.lang.invoke.Invokers$Holder.linkToTargetMethod(java.lang.Object, java.lang.Object)'> (0x00000000d626ceb0) 
thrown [s\src\hotspot\share\interpreter\linkResolver.cpp, line 773]
Event: 7.671 Thread 0x000001cafb050ee0 Exception <a 'java/lang/NoSuchMethodError'{0x00000000d57dd360}: 'double java.lang.invoke.DirectMethodHandle$Holder.invokeStatic(java.lang.Object, java.lang.Object)'> (0x00000000d57dd360) 
thrown [s\src\hotspot\share\interpreter\linkResolver.cpp, line 773]
Event: 7.673 Thread 0x000001cafb050ee0 Exception <a 'java/lang/NoSuchMethodError'{0x00000000d57e0a20}: 'double java.lang.invoke.DirectMethodHandle$Holder.invokeStaticInit(java.lang.Object, java.lang.Object)'> (0x00000000d57e0a20) 
thrown [s\src\hotspot\share\interpreter\linkResolver.cpp, line 773]
Event: 8.492 Thread 0x000001cafb8fb210 Exception <a 'java/lang/NoSuchMethodError'{0x00000000d5c01ce8}: 'java.lang.Object java.lang.invoke.Invokers$Holder.invoke_MT(java.lang.Object, java.lang.Object, java.lang.Object, java.lang.Object, java.lang.Object, java.lang.Object, java.lang.Object, java.lang.Object, java.lang.Object)'> (0x00000000d5c01ce8) 
thrown [s\src\hotspot\share\interpreter\linkResolver.cpp, line 773]
Event: 8.501 Thread 0x000001cafb8f9e60 Exception <a 'java/lang/NoSuchMethodError'{0x00000000d5c551c8}: 'int java.lang.invoke.DirectMethodHandle$Holder.invokeSpecial(java.lang.Object, java.lang.Object, java.lang.Object, java.lang.Object)'> (0x00000000d5c551c8) 
thrown [s\src\hotspot\share\interpreter\linkResolver.cpp, line 773]
Event: 8.503 Thread 0x000001cafb8f9e60 Exception <a 'java/lang/NoSuchMethodError'{0x00000000d5c72aa0}: 'java.lang.Object java.lang.invoke.DirectMethodHandle$Holder.invokeStatic(java.lang.Object, int, java.lang.Object, java.lang.Object)'> (0x00000000d5c72aa0) 
thrown [s\src\hotspot\share\interpreter\linkResolver.cpp, line 773]
Event: 8.506 Thread 0x000001cafb8f9e60 Exception <a 'java/lang/NoSuchMethodError'{0x00000000d5c7bae8}: 'java.lang.Object java.lang.invoke.DelegatingMethodHandle$Holder.delegate(java.lang.Object, int, java.lang.Object, java.lang.Object)'> (0x00000000d5c7bae8) 
thrown [s\src\hotspot\share\interpreter\linkResolver.cpp, line 773]
Event: 8.512 Thread 0x000001cafb8f9e60 Exception <a 'java/lang/NoSuchMethodError'{0x00000000d5d37f88}: 'int java.lang.invoke.Invokers$Holder.linkToTargetMethod(java.lang.Object, java.lang.Object, java.lang.Object)'> (0x00000000d5d37f88) 
thrown [s\src\hotspot\share\interpreter\linkResolver.cpp, line 773]
Event: 8.571 Thread 0x000001cafb8fb210 Exception <a 'java/lang/NoSuchMethodError'{0x00000000d605a6a0}: 'java.lang.Object java.lang.invoke.DirectMethodHandle$Holder.invokeSpecialIFC(java.lang.Object, java.lang.Object, java.lang.Object, java.lang.Object)'> (0x00000000d605a6a0) 
thrown [s\src\hotspot\share\interpreter\linkResolver.cpp, line 773]
Event: 8.644 Thread 0x000001cafb050ee0 Implicit null exception at 0x000001caa7cbd5f5 to 0x000001caa7cbd708
Event: 9.103 Thread 0x000001cafb050ee0 Exception <a 'java/lang/NoSuchMethodError'{0x00000000d687c880}: 'java.lang.Object java.lang.invoke.DirectMethodHandle$Holder.newInvokeSpecial(java.lang.Object, int, java.lang.Object, java.lang.Object)'> (0x00000000d687c880) 
thrown [s\src\hotspot\share\interpreter\linkResolver.cpp, line 773]
Event: 9.799 Thread 0x000001cafb8fb210 Exception <a 'java/lang/NoClassDefFoundError'{0x00000000d6250a68}: javax/enterprise/inject/Typed> (0x00000000d6250a68) 
thrown [s\src\hotspot\share\classfile\systemDictionary.cpp, line 301]
Event: 9.892 Thread 0x000001cafb050ee0 Exception <a 'java/lang/ClassNotFoundException'{0x00000000d6442020}: com/sun/org/apache/xerces/internal/impl/msg/spi/DOMMessagesProvider> (0x00000000d6442020) 
thrown [s\src\hotspot\share\classfile\systemDictionary.cpp, line 312]
Event: 9.895 Thread 0x000001cafb050ee0 Exception <a 'java/lang/ClassNotFoundException'{0x00000000d6453788}: com/sun/org/apache/xerces/internal/impl/msg/spi/XMLSerializerMessagesProvider> (0x00000000d6453788) 
thrown [s\src\hotspot\share\classfile\systemDictionary.cpp, line 312]
Event: 9.898 Thread 0x000001cafb050ee0 Exception <a 'java/lang/ClassNotFoundException'{0x00000000d6460aa8}: com/sun/org/apache/xerces/internal/impl/msg/spi/XMLMessagesProvider> (0x00000000d6460aa8) 
thrown [s\src\hotspot\share\classfile\systemDictionary.cpp, line 312]

ZGC Phase Switch (0 events):
No events

VM Operations (20 events):
Event: 7.009 Executing VM operation: ParallelGCFailedAllocation (Allocation Failure)
Event: 7.019 Executing VM operation: ParallelGCFailedAllocation (Allocation Failure) done
Event: 7.351 Executing VM operation: HandshakeAllThreads (Deoptimize)
Event: 7.351 Executing VM operation: HandshakeAllThreads (Deoptimize) done
Event: 7.484 Executing VM operation: CollectForMetadataAllocation (Metadata GC Threshold)
Event: 7.609 Executing VM operation: CollectForMetadataAllocation (Metadata GC Threshold) done
Event: 8.293 Executing VM operation: ParallelGCFailedAllocation (Allocation Failure)
Event: 8.295 Executing VM operation: ParallelGCFailedAllocation (Allocation Failure) done
Event: 8.507 Executing VM operation: HandshakeAllThreads (Deoptimize)
Event: 8.508 Executing VM operation: HandshakeAllThreads (Deoptimize) done
Event: 8.718 Executing VM operation: ParallelGCFailedAllocation (Allocation Failure)
Event: 8.722 Executing VM operation: ParallelGCFailedAllocation (Allocation Failure) done
Event: 9.313 Executing VM operation: ParallelGCFailedAllocation (Allocation Failure)
Event: 9.319 Executing VM operation: ParallelGCFailedAllocation (Allocation Failure) done
Event: 9.762 Executing VM operation: HandshakeAllThreads (Deoptimize)
Event: 9.774 Executing VM operation: HandshakeAllThreads (Deoptimize) done
Event: 10.147 Executing VM operation: HandshakeAllThreads (Deoptimize)
Event: 10.191 Executing VM operation: HandshakeAllThreads (Deoptimize) done
Event: 10.191 Executing VM operation: ParallelGCFailedAllocation (Allocation Failure)
Event: 10.196 Executing VM operation: ParallelGCFailedAllocation (Allocation Failure) done

Memory protections (0 events):
No events

Nmethod flushes (0 events):
No events

Events (20 events):
Event: 2.847 Thread 0x000001caf6815780 Thread exited: 0x000001caf6815780
Event: 3.063 Thread 0x000001cab38c7880 Thread added: 0x000001caf6a05700
Event: 3.392 Thread 0x000001cafb050ee0 Thread added: 0x000001cafb748710
Event: 4.062 Thread 0x000001caf6a05700 Thread exited: 0x000001caf6a05700
Event: 4.114 Thread 0x000001cafb050ee0 Thread added: 0x000001caf6a05700
Event: 4.291 Thread 0x000001cab38c7880 Thread added: 0x000001caf6de2240
Event: 4.816 Thread 0x000001caf6de2240 Thread exited: 0x000001caf6de2240
Event: 4.816 Thread 0x000001caf6744de0 Thread exited: 0x000001caf6744de0
Event: 4.840 Thread 0x000001cafb050ee0 Thread added: 0x000001caf6de2240
Event: 5.300 Thread 0x000001cab38c7880 Thread added: 0x000001cafba30940
Event: 6.101 Thread 0x000001cafba30940 Thread exited: 0x000001cafba30940
Event: 6.140 Thread 0x000001cafb050ee0 Thread added: 0x000001caf64fb140
Event: 6.266 Thread 0x000001cafb050ee0 Thread added: 0x000001cafb8fb210
Event: 6.370 Thread 0x000001cafb050ee0 Thread added: 0x000001cafb8f9e60
Event: 6.885 Thread 0x000001cab38c7880 Thread added: 0x000001cafb39dd20
Event: 8.383 Thread 0x000001cafb39dd20 Thread exited: 0x000001cafb39dd20
Event: 8.485 Thread 0x000001cafb8fb210 Thread added: 0x000001cafb8fa4f0
Event: 8.496 Thread 0x000001cab38c7880 Thread added: 0x000001cafb24a2d0
Event: 9.965 Thread 0x000001cafb050ee0 Thread added: 0x000001cafb8fd2e0
Event: 9.983 Thread 0x000001cafb8fa4f0 Thread added: 0x000001cafb8fbf30


Dynamic libraries:
0x00007ff7aea70000 - 0x00007ff7aea7e000 	c:\Users\DELL\.vscode\extensions\redhat.java-1.47.0-win32-x64\jre\21.0.8-win32-x86_64\bin\java.exe
0x00007ffae83b0000 - 0x00007ffae85c7000 	C:\WINDOWS\SYSTEM32\ntdll.dll
0x00007ffae7080000 - 0x00007ffae7144000 	C:\WINDOWS\System32\KERNEL32.DLL
0x00007ffae56f0000 - 0x00007ffae5ac0000 	C:\WINDOWS\System32\KERNELBASE.dll
0x00007ffae5f20000 - 0x00007ffae6031000 	C:\WINDOWS\System32\ucrtbase.dll
0x00007ffadc580000 - 0x00007ffadc598000 	c:\Users\DELL\.vscode\extensions\redhat.java-1.47.0-win32-x64\jre\21.0.8-win32-x86_64\bin\jli.dll
0x00007ffad6020000 - 0x00007ffad603e000 	c:\Users\DELL\.vscode\extensions\redhat.java-1.47.0-win32-x64\jre\21.0.8-win32-x86_64\bin\VCRUNTIME140.dll
0x00007ffae6750000 - 0x00007ffae6901000 	C:\WINDOWS\System32\USER32.dll
0x00007ffae5ac0000 - 0x00007ffae5ae6000 	C:\WINDOWS\System32\win32u.dll
0x00007ffacb1a0000 - 0x00007ffacb43c000 	C:\WINDOWS\WinSxS\amd64_microsoft.windows.common-controls_6595b64144ccf1df_6.0.22621.5840_none_2710ea077384a4fe\COMCTL32.dll
0x00007ffae6160000 - 0x00007ffae6189000 	C:\WINDOWS\System32\GDI32.dll
0x00007ffae8130000 - 0x00007ffae81d7000 	C:\WINDOWS\System32\msvcrt.dll
0x00007ffae5c60000 - 0x00007ffae5d83000 	C:\WINDOWS\System32\gdi32full.dll
0x00007ffae5d90000 - 0x00007ffae5e2a000 	C:\WINDOWS\System32\msvcp_win.dll
0x00007ffae6710000 - 0x00007ffae6741000 	C:\WINDOWS\System32\IMM32.DLL
0x00007ffadccc0000 - 0x00007ffadcccc000 	c:\Users\DELL\.vscode\extensions\redhat.java-1.47.0-win32-x64\jre\21.0.8-win32-x86_64\bin\vcruntime140_1.dll
0x00007ffaa92e0000 - 0x00007ffaa936d000 	c:\Users\DELL\.vscode\extensions\redhat.java-1.47.0-win32-x64\jre\21.0.8-win32-x86_64\bin\msvcp140.dll
0x00007ffa54330000 - 0x00007ffa550c7000 	c:\Users\DELL\.vscode\extensions\redhat.java-1.47.0-win32-x64\jre\21.0.8-win32-x86_64\bin\server\jvm.dll
0x00007ffae71e0000 - 0x00007ffae7291000 	C:\WINDOWS\System32\ADVAPI32.dll
0x00007ffae72a0000 - 0x00007ffae7348000 	C:\WINDOWS\System32\sechost.dll
0x00007ffae5e30000 - 0x00007ffae5e58000 	C:\WINDOWS\System32\bcrypt.dll
0x00007ffae6370000 - 0x00007ffae6488000 	C:\WINDOWS\System32\RPCRT4.dll
0x00007ffae7160000 - 0x00007ffae71d1000 	C:\WINDOWS\System32\WS2_32.dll
0x00007ffae5380000 - 0x00007ffae53cd000 	C:\WINDOWS\SYSTEM32\POWRPROF.dll
0x00007ffadfb00000 - 0x00007ffadfb34000 	C:\WINDOWS\SYSTEM32\WINMM.dll
0x00007ffae08a0000 - 0x00007ffae08aa000 	C:\WINDOWS\SYSTEM32\VERSION.dll
0x00007ffae5360000 - 0x00007ffae5373000 	C:\WINDOWS\SYSTEM32\UMPDC.dll
0x00007ffae4440000 - 0x00007ffae4458000 	C:\WINDOWS\SYSTEM32\kernel.appcore.dll
0x00007ffad7530000 - 0x00007ffad753a000 	c:\Users\DELL\.vscode\extensions\redhat.java-1.47.0-win32-x64\jre\21.0.8-win32-x86_64\bin\jimage.dll
0x00007ffae2d60000 - 0x00007ffae2f93000 	C:\WINDOWS\SYSTEM32\DBGHELP.DLL
0x00007ffae6ce0000 - 0x00007ffae7071000 	C:\WINDOWS\System32\combase.dll
0x00007ffae8290000 - 0x00007ffae8368000 	C:\WINDOWS\System32\OLEAUT32.dll
0x00007ffadc080000 - 0x00007ffadc0b2000 	C:\WINDOWS\SYSTEM32\dbgcore.DLL
0x00007ffae54b0000 - 0x00007ffae552b000 	C:\WINDOWS\System32\bcryptPrimitives.dll
0x00007ffadcdc0000 - 0x00007ffadcdcf000 	c:\Users\DELL\.vscode\extensions\redhat.java-1.47.0-win32-x64\jre\21.0.8-win32-x86_64\bin\instrument.dll
0x00007ffad5ff0000 - 0x00007ffad600f000 	c:\Users\DELL\.vscode\extensions\redhat.java-1.47.0-win32-x64\jre\21.0.8-win32-x86_64\bin\java.dll
0x00007ffae77d0000 - 0x00007ffae8071000 	C:\WINDOWS\System32\SHELL32.dll
0x00007ffae55b0000 - 0x00007ffae56ef000 	C:\WINDOWS\System32\wintypes.dll
0x00007ffae3330000 - 0x00007ffae3c4a000 	C:\WINDOWS\SYSTEM32\windows.storage.dll
0x00007ffae6b40000 - 0x00007ffae6c4a000 	C:\WINDOWS\System32\SHCORE.dll
0x00007ffae6ab0000 - 0x00007ffae6b19000 	C:\WINDOWS\System32\shlwapi.dll
0x00007ffae53e0000 - 0x00007ffae5405000 	C:\WINDOWS\SYSTEM32\profapi.dll
0x00007ffad5fd0000 - 0x00007ffad5fe8000 	c:\Users\DELL\.vscode\extensions\redhat.java-1.47.0-win32-x64\jre\21.0.8-win32-x86_64\bin\zip.dll
0x00007ffad75a0000 - 0x00007ffad75b0000 	C:\Users\DELL\.vscode\extensions\redhat.java-1.47.0-win32-x64\jre\21.0.8-win32-x86_64\bin\net.dll
0x00007ffadfde0000 - 0x00007ffadff0c000 	C:\WINDOWS\SYSTEM32\WINHTTP.dll
0x00007ffae4910000 - 0x00007ffae4979000 	C:\WINDOWS\system32\mswsock.dll
0x00007ffad7580000 - 0x00007ffad7596000 	C:\Users\DELL\.vscode\extensions\redhat.java-1.47.0-win32-x64\jre\21.0.8-win32-x86_64\bin\nio.dll
0x00007ffad7570000 - 0x00007ffad7580000 	c:\Users\DELL\.vscode\extensions\redhat.java-1.47.0-win32-x64\jre\21.0.8-win32-x86_64\bin\verify.dll
0x00007ffabb0a0000 - 0x00007ffabb0e4000 	C:\Users\DELL\AppData\Roaming\Code\User\globalStorage\redhat.java\1.47.0\config_win\org.eclipse.equinox.launcher\org.eclipse.equinox.launcher.win32.win32.x86_64_1.2.1400.v20250801-0854\eclipse_11916.dll
0x00007ffae6910000 - 0x00007ffae6ab0000 	C:\WINDOWS\System32\ole32.dll
0x00007ffae4b30000 - 0x00007ffae4b4b000 	C:\WINDOWS\SYSTEM32\CRYPTSP.dll
0x00007ffae43a0000 - 0x00007ffae43d7000 	C:\WINDOWS\system32\rsaenh.dll
0x00007ffae49d0000 - 0x00007ffae49f8000 	C:\WINDOWS\SYSTEM32\USERENV.dll
0x00007ffae4b50000 - 0x00007ffae4b5c000 	C:\WINDOWS\SYSTEM32\CRYPTBASE.dll
0x00007ffae3ef0000 - 0x00007ffae3f1d000 	C:\WINDOWS\SYSTEM32\IPHLPAPI.DLL
0x00007ffae6c50000 - 0x00007ffae6c59000 	C:\WINDOWS\System32\NSI.dll
0x00007ffabae60000 - 0x00007ffabaea9000 	C:\Users\DELL\AppData\Local\Temp\jna-2094529\jna2238813319065125970.dll
0x00007ffae6190000 - 0x00007ffae6198000 	C:\WINDOWS\System32\PSAPI.DLL

JVMTI agents:
c:\Users\DELL\.vscode\extensions\redhat.java-1.47.0-win32-x64\lombok\lombok-1.18.39-4050.jar path:c:\Users\DELL\.vscode\extensions\redhat.java-1.47.0-win32-x64\jre\21.0.8-win32-x86_64\bin\instrument.dll, loaded, initialized, instrumentlib options:none

dbghelp: loaded successfully - version: 4.0.5 - missing functions: none
symbol engine: initialized successfully - sym options: 0x614 - pdb path: .;c:\Users\DELL\.vscode\extensions\redhat.java-1.47.0-win32-x64\jre\21.0.8-win32-x86_64\bin;C:\WINDOWS\SYSTEM32;C:\WINDOWS\WinSxS\amd64_microsoft.windows.common-controls_6595b64144ccf1df_6.0.22621.5840_none_2710ea077384a4fe;c:\Users\DELL\.vscode\extensions\redhat.java-1.47.0-win32-x64\jre\21.0.8-win32-x86_64\bin\server;C:\Users\DELL\AppData\Roaming\Code\User\globalStorage\redhat.java\1.47.0\config_win\org.eclipse.equinox.launcher\org.eclipse.equinox.launcher.win32.win32.x86_64_1.2.1400.v20250801-0854;C:\Users\DELL\AppData\Local\Temp\jna-2094529

VM Arguments:
jvm_args: --add-modules=ALL-SYSTEM --add-opens=java.base/java.util=ALL-UNNAMED --add-opens=java.base/java.lang=ALL-UNNAMED --add-opens=java.base/sun.nio.fs=ALL-UNNAMED -Declipse.application=org.eclipse.jdt.ls.core.id1 -Dosgi.bundles.defaultStartLevel=4 -Declipse.product=org.eclipse.jdt.ls.core.product -Djava.import.generatesMetadataFilesAtProjectRoot=false -DDetectVMInstallationsJob.disabled=true -Dfile.encoding=utf8 -XX:+UseParallelGC -XX:GCTimeRatio=4 -XX:AdaptiveSizePolicyWeight=90 -Dsun.zip.disableMemoryMapping=true -Xmx2G -Xms100m -Xlog:disable -javaagent:c:\Users\DELL\.vscode\extensions\redhat.java-1.47.0-win32-x64\lombok\lombok-1.18.39-4050.jar -XX:+HeapDumpOnOutOfMemoryError -XX:HeapDumpPath=c:\Users\DELL\AppData\Roaming\Code\User\workspaceStorage\8b73f063377c099f78fcd21a2df6fb00\redhat.java -Daether.dependencyCollector.impl=bf 
java_command: c:\Users\DELL\.vscode\extensions\redhat.java-1.47.0-win32-x64\server\plugins\org.eclipse.equinox.launcher_1.7.100.v20251014-1222.jar -configuration c:\Users\DELL\AppData\Roaming\Code\User\globalStorage\redhat.java\1.47.0\config_win -data c:\Users\DELL\AppData\Roaming\Code\User\workspaceStorage\8b73f063377c099f78fcd21a2df6fb00\redhat.java\jdt_ws --pipe=\\.\pipe\lsp-1909423891dff1aa70d4a97e8fb9ca1b-sock
java_class_path (initial): c:\Users\DELL\.vscode\extensions\redhat.java-1.47.0-win32-x64\server\plugins\org.eclipse.equinox.launcher_1.7.100.v20251014-1222.jar
Launcher Type: SUN_STANDARD

[Global flags]
    uintx AdaptiveSizePolicyWeight                 = 90                                        {product} {command line}
     intx CICompilerCount                          = 4                                         {product} {ergonomic}
    uintx GCTimeRatio                              = 4                                         {product} {command line}
     bool HeapDumpOnOutOfMemoryError               = true                                   {manageable} {command line}
    ccstr HeapDumpPath                             = c:\Users\DELL\AppData\Roaming\Code\User\workspaceStorage\8b73f063377c099f78fcd21a2df6fb00\redhat.java         {manageable} {command line}
   size_t InitialHeapSize                          = 104857600                                 {product} {command line}
   size_t MaxHeapSize                              = 2147483648                                {product} {command line}
   size_t MaxNewSize                               = 715653120                                 {product} {ergonomic}
   size_t MinHeapDeltaBytes                        = 524288                                    {product} {ergonomic}
   size_t MinHeapSize                              = 104857600                                 {product} {command line}
   size_t NewSize                                  = 34603008                                  {product} {ergonomic}
    uintx NonNMethodCodeHeapSize                   = 5839372                                {pd product} {ergonomic}
    uintx NonProfiledCodeHeapSize                  = 122909434                              {pd product} {ergonomic}
   size_t OldSize                                  = 70254592                                  {product} {ergonomic}
    uintx ProfiledCodeHeapSize                     = 122909434                              {pd product} {ergonomic}
    uintx ReservedCodeCacheSize                    = 251658240                              {pd product} {ergonomic}
     bool SegmentedCodeCache                       = true                                      {product} {ergonomic}
   size_t SoftMaxHeapSize                          = 2147483648                             {manageable} {ergonomic}
     bool UseCompressedOops                        = true                           {product lp64_product} {ergonomic}
     bool UseLargePagesIndividualAllocation        = false                                  {pd product} {ergonomic}
     bool UseParallelGC                            = true                                      {product} {command line}

Logging:
Log output configuration:
 #0: stdout all=off uptime,level,tags foldmultilines=false
 #1: stderr all=off uptime,level,tags foldmultilines=false

Environment Variables:
JAVA_HOME=C:\Program Files\Java\jdk-21.0.8
PATH=C:\Program Files\Java\jdk-21.0.8\bin;C:\WINDOWS\System32\Wbem;C:\WINDOWS\System32\WindowsPowerShell\v1.0\;C:\WINDOWS\System32\OpenSSH\;C:\MinGW\bin;C:\ProgramData\chocolatey\bin;C:\Program Files\nvm;C:\Program Files\nodejs;C:\Program Files (x86)\Microsoft SQL Server\160\Tools\Binn\;C:\Program Files\Microsoft SQL Server\160\Tools\Binn\;C:\Program Files\Microsoft SQL Server\Client SDK\ODBC\170\Tools\Binn\;C:\Program Files\Microsoft SQL Server\160\DTS\Binn\;C:\Program Files (x86)\Microsoft SQL Server\160\DTS\Binn\;C:\Program Files\Git\cmd;C:\Program Files\gradle-9.1.0\bin;C:\Program Files\Docker\Docker\resources\bin;C:\Program Files\Java\jdk-21.0.8\bin;C:\Program Files\MySQL\MySQL Shell 8.0\bin\;C:\Users\DELL\AppData\Local\Programs\Python\Python311\Scripts\;C:\Users\DELL\AppData\Local\Programs\Python\Python311\;C:\Program Files (x86)\VMware\VMware Workstation\bin\;C:\Program Files (x86)\Common Files\Oracle\Java\javapath;C:\WINDOWS\system32;C:\WINDOWS;C:\WINDOWS\System32\Wbem;C:\WINDOWS\System32\WindowsPowerShell\v1.0\;C:\WINDOWS\System32\OpenSSH\;C:\Program Files\dotnet\;C:\MinGW\bin;C:\Program Files\Git\cmd;C:\Program Files\Cloudflare\Cloudflare WARP\;C:\ProgramData\chocolatey\bin;C:\Program Files\nvm;C:\Program Files\nodejs;C:\Users\DELL\AppData\Local\Microsoft\WindowsApps;C:\Users\DELL\.dotnet\tools;C:\Users\DELL\AppData\Local\Programs\Microsoft VS Code\bin;C:\Program Files (x86)\MongoDB Atlas CLI\;C:\Program Files\nvm;C:\Program Files\nodejs;C:\Program Files\nvm\v16.0.0;C:\Program Files\Azure Data Studio\bin;
USERNAME=DELL
OS=Windows_NT
PROCESSOR_IDENTIFIER=Intel64 Family 6 Model 140 Stepping 1, GenuineIntel
TMP=C:\Users\DELL\AppData\Local\Temp
TEMP=C:\Users\DELL\AppData\Local\Temp




Periodic native trim disabled

---------------  S Y S T E M  ---------------

OS:
 Windows 11 , 64 bit Build 22621 (10.0.22621.5415)
OS uptime: 1 days 22:22 hours
Hyper-V role detected

CPU: total 8 (initial active 8) (4 cores per cpu, 2 threads per core) family 6 model 140 stepping 1 microcode 0xbc, cx8, cmov, fxsr, ht, mmx, 3dnowpref, sse, sse2, sse3, ssse3, sse4.1, sse4.2, popcnt, lzcnt, tsc, tscinvbit, avx, avx2, aes, erms, clmul, bmi1, bmi2, adx, avx512f, avx512dq, avx512cd, avx512bw, avx512vl, sha, fma, vzeroupper, avx512_vpopcntdq, avx512_vpclmulqdq, avx512_vaes, avx512_vnni, clflush, clflushopt, clwb, avx512_vbmi2, avx512_vbmi, hv, rdtscp, rdpid, fsrm, gfni, avx512_bitalg, f16c, cet_ibt, cet_ss, avx512_ifma
Processor Information for the first 8 processors :
  Max Mhz: 2419, Current Mhz: 2419, Mhz Limit: 2419

Memory: 4k page, system-wide physical 7914M (469M free)
TotalPageFile size 20502M (AvailPageFile size 6M)
current process WorkingSet (physical memory assigned to process): 196M, peak: 198M
current process commit charge ("private bytes"): 324M, peak: 327M

vm_info: OpenJDK 64-Bit Server VM (21.0.8+9-LTS) for windows-amd64 JRE (21.0.8+9-LTS), built on 2025-07-15T00:00:00Z by "admin" with MS VC++ 17.7 (VS2022)

END.
