#
# There is insufficient memory for the Java Runtime Environment to continue.
# Native memory allocation (malloc) failed to allocate 1086112 bytes for Chunk::new
# Possible reasons:
#   The system is out of physical RAM or swap space
#   The process is running with CompressedOops enabled, and the Java Heap may be blocking the growth of the native heap
# Possible solutions:
#   Reduce memory load on the system
#   Increase physical memory or swap space
#   Check if swap backing store is full
#   Decrease Java heap size (-Xmx/-Xms)
#   Decrease number of Java threads
#   Decrease Java thread stack sizes (-Xss)
#   Set larger code cache with -XX:ReservedCodeCacheSize=
#   JVM is running with Zero Based Compressed Oops mode in which the Java heap is
#     placed in the first 32GB address space. The Java Heap base address is the
#     maximum limit for the native heap growth. Please use -XX:HeapBaseMinAddress
#     to set the Java Heap base and to place the Java Heap above 32GB virtual address.
# This output file may be truncated or incomplete.
#
#  Out of Memory Error (arena.cpp:168), pid=28848, tid=16544
#
# JRE version: Java(TM) SE Runtime Environment (21.0.2+13) (build 21.0.2+13-LTS-58)
# Java VM: Java HotSpot(TM) 64-Bit Server VM (21.0.2+13-LTS-58, mixed mode, sharing, tiered, compressed oops, compressed class ptrs, g1 gc, windows-amd64)
# No core dump will be written. Minidumps are not enabled by default on client versions of Windows
#

---------------  S U M M A R Y ------------

Command Line: -javaagent:C:\Program Files\JetBrains\IntelliJ IDEA Community Edition 2025.2.3\lib\idea_rt.jar=52050 -Dfile.encoding=UTF-8 -Dsun.stdout.encoding=UTF-8 -Dsun.stderr.encoding=UTF-8 com.example.demo.AuthApplication

Host: Intel(R) Core(TM) i5-10500H CPU @ 2.50GHz, 12 cores, 15G,  Windows 11 , 64 bit Build 26100 (10.0.26100.5074)
Time: Mon Oct 27 14:36:06 2025 SE Asia Standard Time elapsed time: 1.358302 seconds (0d 0h 0m 1s)

---------------  T H R E A D  ---------------

Current thread (0x0000023c724aa550):  JavaThread "C2 CompilerThread1" daemon [_thread_in_native, id=16544, stack(0x000000e8fca00000,0x000000e8fcb00000) (1024K)]


Current CompileTask:
C2:   1358 1869       4       org.springframework.boot.context.config.ConfigDataEnvironmentContributor$ContributorIterator::fetchIfNecessary (153 bytes)

Stack: [0x000000e8fca00000,0x000000e8fcb00000]
Native frames: (J=compiled Java code, j=interpreted, Vv=VM code, C=native code)
V  [jvm.dll+0x6cade9]
V  [jvm.dll+0x8569c1]
V  [jvm.dll+0x858d2e]
V  [jvm.dll+0x859413]
V  [jvm.dll+0x280e56]
V  [jvm.dll+0xc3f3d]
V  [jvm.dll+0xc4473]
V  [jvm.dll+0x3b5c2c]
V  [jvm.dll+0x382855]
V  [jvm.dll+0x381cca]
V  [jvm.dll+0x249bd0]
V  [jvm.dll+0x2491b1]
V  [jvm.dll+0x1c9634]
V  [jvm.dll+0x258859]
V  [jvm.dll+0x256e3a]
V  [jvm.dll+0x3ef6c6]
V  [jvm.dll+0x7ff568]
V  [jvm.dll+0x6c953d]
C  [ucrtbase.dll+0x37b0]
C  [KERNEL32.DLL+0x2e8d7]
C  [ntdll.dll+0x8d9c]


---------------  P R O C E S S  ---------------

Threads class SMR info:
_java_thread_list=0x0000023c772f1090, length=17, elements={
0x0000023c50894110, 0x0000023c71848b90, 0x0000023c7184a160, 0x0000023c7184de60,
0x0000023c721f0080, 0x0000023c721f7670, 0x0000023c721fc2c0, 0x0000023c72209520,
0x0000023c72213fe0, 0x0000023c721ff0b0, 0x0000023c724aa550, 0x0000023c721fcfe0,
0x0000023c721ff740, 0x0000023c724a5d40, 0x0000023c721fd670, 0x0000023c721fe390,
0x0000023c721fdd00
}

Java Threads: ( => current thread )
  0x0000023c50894110 JavaThread "main"                              [_thread_blocked, id=25848, stack(0x000000e8fb900000,0x000000e8fba00000) (1024K)]
  0x0000023c71848b90 JavaThread "Reference Handler"          daemon [_thread_blocked, id=29432, stack(0x000000e8fc100000,0x000000e8fc200000) (1024K)]
  0x0000023c7184a160 JavaThread "Finalizer"                  daemon [_thread_blocked, id=34920, stack(0x000000e8fc200000,0x000000e8fc300000) (1024K)]
  0x0000023c7184de60 JavaThread "Signal Dispatcher"          daemon [_thread_blocked, id=32748, stack(0x000000e8fc300000,0x000000e8fc400000) (1024K)]
  0x0000023c721f0080 JavaThread "Attach Listener"            daemon [_thread_blocked, id=28844, stack(0x000000e8fc400000,0x000000e8fc500000) (1024K)]
  0x0000023c721f7670 JavaThread "Service Thread"             daemon [_thread_blocked, id=36592, stack(0x000000e8fc500000,0x000000e8fc600000) (1024K)]
  0x0000023c721fc2c0 JavaThread "Monitor Deflation Thread"   daemon [_thread_blocked, id=35400, stack(0x000000e8fc600000,0x000000e8fc700000) (1024K)]
  0x0000023c72209520 JavaThread "C2 CompilerThread0"         daemon [_thread_blocked, id=20424, stack(0x000000e8fc700000,0x000000e8fc800000) (1024K)]
  0x0000023c72213fe0 JavaThread "C1 CompilerThread0"         daemon [_thread_blocked, id=14988, stack(0x000000e8fc800000,0x000000e8fc900000) (1024K)]
  0x0000023c721ff0b0 JavaThread "Common-Cleaner"             daemon [_thread_blocked, id=36480, stack(0x000000e8fc900000,0x000000e8fca00000) (1024K)]
=>0x0000023c724aa550 JavaThread "C2 CompilerThread1"         daemon [_thread_in_native, id=16544, stack(0x000000e8fca00000,0x000000e8fcb00000) (1024K)]
  0x0000023c721fcfe0 JavaThread "Monitor Ctrl-Break"         daemon [_thread_in_native, id=35900, stack(0x000000e8fcb00000,0x000000e8fcc00000) (1024K)]
  0x0000023c721ff740 JavaThread "Notification Thread"        daemon [_thread_blocked, id=36616, stack(0x000000e8fcc00000,0x000000e8fcd00000) (1024K)]
  0x0000023c724a5d40 JavaThread "C2 CompilerThread2"         daemon [_thread_blocked, id=35720, stack(0x000000e8fd200000,0x000000e8fd300000) (1024K)]
  0x0000023c721fd670 JavaThread "Thread-0"                          [_thread_blocked, id=36304, stack(0x000000e8fd400000,0x000000e8fd500000) (1024K)]
  0x0000023c721fe390 JavaThread "restartedMain"                     [_thread_blocked, id=19896, stack(0x000000e8fd500000,0x000000e8fd600000) (1024K)]
  0x0000023c721fdd00 JavaThread "spring.cloud.inetutils"     daemon [_thread_in_native, id=3576, stack(0x000000e8fd600000,0x000000e8fd700000) (1024K)]
Total: 17

Other Threads:
  0x0000023c7182a390 VMThread "VM Thread"                           [id=36372, stack(0x000000e8fc000000,0x000000e8fc100000) (1024K)]
  0x0000023c71814cd0 WatcherThread "VM Periodic Task Thread"        [id=23052, stack(0x000000e8fbf00000,0x000000e8fc000000) (1024K)]
  0x0000023c52bfe800 WorkerThread "GC Thread#0"                     [id=32436, stack(0x000000e8fba00000,0x000000e8fbb00000) (1024K)]
  0x0000023c72b368c0 WorkerThread "GC Thread#1"                     [id=29740, stack(0x000000e8fcd00000,0x000000e8fce00000) (1024K)]
  0x0000023c72a42fb0 WorkerThread "GC Thread#2"                     [id=15780, stack(0x000000e8fce00000,0x000000e8fcf00000) (1024K)]
  0x0000023c72a43350 WorkerThread "GC Thread#3"                     [id=23880, stack(0x000000e8fcf00000,0x000000e8fd000000) (1024K)]
  0x0000023c72a436f0 WorkerThread "GC Thread#4"                     [id=34148, stack(0x000000e8fd000000,0x000000e8fd100000) (1024K)]
  0x0000023c72d87a80 WorkerThread "GC Thread#5"                     [id=29216, stack(0x000000e8fd100000,0x000000e8fd200000) (1024K)]
  0x0000023c7745d120 WorkerThread "GC Thread#6"                     [id=2044, stack(0x000000e8fd300000,0x000000e8fd400000) (1024K)]
  0x0000023c52c102d0 ConcurrentGCThread "G1 Main Marker"            [id=18276, stack(0x000000e8fbb00000,0x000000e8fbc00000) (1024K)]
  0x0000023c52c12900 WorkerThread "G1 Conc#0"                       [id=2040, stack(0x000000e8fbc00000,0x000000e8fbd00000) (1024K)]
  0x0000023c716e02f0 ConcurrentGCThread "G1 Refine#0"               [id=25272, stack(0x000000e8fbd00000,0x000000e8fbe00000) (1024K)]
  0x0000023c716e3b30 ConcurrentGCThread "G1 Service"                [id=7644, stack(0x000000e8fbe00000,0x000000e8fbf00000) (1024K)]
Total: 13

Threads with active compile tasks:
C2 CompilerThread1     1399 1869       4       org.springframework.boot.context.config.ConfigDataEnvironmentContributor$ContributorIterator::fetchIfNecessary (153 bytes)
Total: 1

VM state: not at safepoint (normal execution)

VM Mutex/Monitor currently owned by a thread: None

Heap address: 0x0000000703400000, size: 4044 MB, Compressed Oops mode: Zero based, Oop shift amount: 3

CDS archive(s) mapped at: [0x0000023c00000000-0x0000023c00c90000-0x0000023c00c90000), size 13172736, SharedBaseAddress: 0x0000023c00000000, ArchiveRelocationMode: 1.
Compressed class space mapped at: 0x0000023c01000000-0x0000023c41000000, reserved size: 1073741824
Narrow klass base: 0x0000023c00000000, Narrow klass shift: 0, Narrow klass range: 0x100000000

GC Precious Log:
 CardTable entry size: 512
 Card Set container configuration: InlinePtr #cards 4 size 8 Array Of Cards #cards 16 size 48 Howl #buckets 8 coarsen threshold 3686 Howl Bitmap #cards 512 size 80 coarsen threshold 460 Card regions per heap region 1 cards per card region 4096
 CPUs: 12 total, 12 available
 Memory: 16173M
 Large Page Support: Disabled
 NUMA Support: Disabled
 Compressed Oops: Enabled (Zero based)
 Heap Region Size: 2M
 Heap Min Capacity: 8M
 Heap Initial Capacity: 254M
 Heap Max Capacity: 4044M
 Pre-touch: Disabled
 Parallel Workers: 10
 Concurrent Workers: 3
 Concurrent Refinement Workers: 10
 Periodic GC: Disabled

Heap:
 garbage-first heap   total 260096K, used 34687K [0x0000000703400000, 0x0000000800000000)
  region size 2048K, 14 young (28672K), 2 survivors (4096K)
 Metaspace       used 11026K, committed 11328K, reserved 1114112K
  class space    used 1329K, committed 1472K, reserved 1048576K

Heap Regions: E=young(eden), S=young(survivor), O=old, HS=humongous(starts), HC=humongous(continues), CS=collection set, F=free, TAMS=top-at-mark-start, PB=parsable bottom
|   0|0x0000000703400000, 0x0000000703600000, 0x0000000703600000|100%| O|  |TAMS 0x0000000703400000| PB 0x0000000703400000| Untracked 
|   1|0x0000000703600000, 0x0000000703800000, 0x0000000703800000|100%| O|  |TAMS 0x0000000703600000| PB 0x0000000703600000| Untracked 
|   2|0x0000000703800000, 0x0000000703a00000, 0x0000000703a00000|100%| O|  |TAMS 0x0000000703800000| PB 0x0000000703800000| Untracked 
|   3|0x0000000703a00000, 0x0000000703c00000, 0x0000000703c00000|100%| O|  |TAMS 0x0000000703a00000| PB 0x0000000703a00000| Untracked 
|   4|0x0000000703c00000, 0x0000000703ddfc50, 0x0000000703e00000| 93%| O|  |TAMS 0x0000000703c00000| PB 0x0000000703c00000| Untracked 
|   5|0x0000000703e00000, 0x0000000703e00000, 0x0000000704000000|  0%| F|  |TAMS 0x0000000703e00000| PB 0x0000000703e00000| Untracked 
|   6|0x0000000704000000, 0x0000000704000000, 0x0000000704200000|  0%| F|  |TAMS 0x0000000704000000| PB 0x0000000704000000| Untracked 
|   7|0x0000000704200000, 0x0000000704200000, 0x0000000704400000|  0%| F|  |TAMS 0x0000000704200000| PB 0x0000000704200000| Untracked 
|   8|0x0000000704400000, 0x0000000704400000, 0x0000000704600000|  0%| F|  |TAMS 0x0000000704400000| PB 0x0000000704400000| Untracked 
|   9|0x0000000704600000, 0x0000000704600000, 0x0000000704800000|  0%| F|  |TAMS 0x0000000704600000| PB 0x0000000704600000| Untracked 
|  10|0x0000000704800000, 0x0000000704800000, 0x0000000704a00000|  0%| F|  |TAMS 0x0000000704800000| PB 0x0000000704800000| Untracked 
|  11|0x0000000704a00000, 0x0000000704a00000, 0x0000000704c00000|  0%| F|  |TAMS 0x0000000704a00000| PB 0x0000000704a00000| Untracked 
|  12|0x0000000704c00000, 0x0000000704c00000, 0x0000000704e00000|  0%| F|  |TAMS 0x0000000704c00000| PB 0x0000000704c00000| Untracked 
|  13|0x0000000704e00000, 0x0000000704e00000, 0x0000000705000000|  0%| F|  |TAMS 0x0000000704e00000| PB 0x0000000704e00000| Untracked 
|  14|0x0000000705000000, 0x0000000705000000, 0x0000000705200000|  0%| F|  |TAMS 0x0000000705000000| PB 0x0000000705000000| Untracked 
|  15|0x0000000705200000, 0x0000000705200000, 0x0000000705400000|  0%| F|  |TAMS 0x0000000705200000| PB 0x0000000705200000| Untracked 
|  16|0x0000000705400000, 0x0000000705400000, 0x0000000705600000|  0%| F|  |TAMS 0x0000000705400000| PB 0x0000000705400000| Untracked 
|  17|0x0000000705600000, 0x0000000705600000, 0x0000000705800000|  0%| F|  |TAMS 0x0000000705600000| PB 0x0000000705600000| Untracked 
|  18|0x0000000705800000, 0x0000000705800000, 0x0000000705a00000|  0%| F|  |TAMS 0x0000000705800000| PB 0x0000000705800000| Untracked 
|  19|0x0000000705a00000, 0x0000000705a00000, 0x0000000705c00000|  0%| F|  |TAMS 0x0000000705a00000| PB 0x0000000705a00000| Untracked 
|  20|0x0000000705c00000, 0x0000000705c00000, 0x0000000705e00000|  0%| F|  |TAMS 0x0000000705c00000| PB 0x0000000705c00000| Untracked 
|  21|0x0000000705e00000, 0x0000000705e00000, 0x0000000706000000|  0%| F|  |TAMS 0x0000000705e00000| PB 0x0000000705e00000| Untracked 
|  22|0x0000000706000000, 0x0000000706000000, 0x0000000706200000|  0%| F|  |TAMS 0x0000000706000000| PB 0x0000000706000000| Untracked 
|  23|0x0000000706200000, 0x0000000706200000, 0x0000000706400000|  0%| F|  |TAMS 0x0000000706200000| PB 0x0000000706200000| Untracked 
|  24|0x0000000706400000, 0x0000000706400000, 0x0000000706600000|  0%| F|  |TAMS 0x0000000706400000| PB 0x0000000706400000| Untracked 
|  25|0x0000000706600000, 0x0000000706600000, 0x0000000706800000|  0%| F|  |TAMS 0x0000000706600000| PB 0x0000000706600000| Untracked 
|  26|0x0000000706800000, 0x0000000706800000, 0x0000000706a00000|  0%| F|  |TAMS 0x0000000706800000| PB 0x0000000706800000| Untracked 
|  27|0x0000000706a00000, 0x0000000706a00000, 0x0000000706c00000|  0%| F|  |TAMS 0x0000000706a00000| PB 0x0000000706a00000| Untracked 
|  28|0x0000000706c00000, 0x0000000706c00000, 0x0000000706e00000|  0%| F|  |TAMS 0x0000000706c00000| PB 0x0000000706c00000| Untracked 
|  29|0x0000000706e00000, 0x0000000706e00000, 0x0000000707000000|  0%| F|  |TAMS 0x0000000706e00000| PB 0x0000000706e00000| Untracked 
|  30|0x0000000707000000, 0x0000000707000000, 0x0000000707200000|  0%| F|  |TAMS 0x0000000707000000| PB 0x0000000707000000| Untracked 
|  31|0x0000000707200000, 0x0000000707200000, 0x0000000707400000|  0%| F|  |TAMS 0x0000000707200000| PB 0x0000000707200000| Untracked 
|  32|0x0000000707400000, 0x0000000707400000, 0x0000000707600000|  0%| F|  |TAMS 0x0000000707400000| PB 0x0000000707400000| Untracked 
|  33|0x0000000707600000, 0x0000000707600000, 0x0000000707800000|  0%| F|  |TAMS 0x0000000707600000| PB 0x0000000707600000| Untracked 
|  34|0x0000000707800000, 0x0000000707800000, 0x0000000707a00000|  0%| F|  |TAMS 0x0000000707800000| PB 0x0000000707800000| Untracked 
|  35|0x0000000707a00000, 0x0000000707a00000, 0x0000000707c00000|  0%| F|  |TAMS 0x0000000707a00000| PB 0x0000000707a00000| Untracked 
|  36|0x0000000707c00000, 0x0000000707c00000, 0x0000000707e00000|  0%| F|  |TAMS 0x0000000707c00000| PB 0x0000000707c00000| Untracked 
|  37|0x0000000707e00000, 0x0000000707e00000, 0x0000000708000000|  0%| F|  |TAMS 0x0000000707e00000| PB 0x0000000707e00000| Untracked 
|  38|0x0000000708000000, 0x0000000708000000, 0x0000000708200000|  0%| F|  |TAMS 0x0000000708000000| PB 0x0000000708000000| Untracked 
|  39|0x0000000708200000, 0x0000000708200000, 0x0000000708400000|  0%| F|  |TAMS 0x0000000708200000| PB 0x0000000708200000| Untracked 
|  40|0x0000000708400000, 0x0000000708400000, 0x0000000708600000|  0%| F|  |TAMS 0x0000000708400000| PB 0x0000000708400000| Untracked 
|  41|0x0000000708600000, 0x0000000708600000, 0x0000000708800000|  0%| F|  |TAMS 0x0000000708600000| PB 0x0000000708600000| Untracked 
|  42|0x0000000708800000, 0x0000000708800000, 0x0000000708a00000|  0%| F|  |TAMS 0x0000000708800000| PB 0x0000000708800000| Untracked 
|  43|0x0000000708a00000, 0x0000000708a00000, 0x0000000708c00000|  0%| F|  |TAMS 0x0000000708a00000| PB 0x0000000708a00000| Untracked 
|  44|0x0000000708c00000, 0x0000000708c00000, 0x0000000708e00000|  0%| F|  |TAMS 0x0000000708c00000| PB 0x0000000708c00000| Untracked 
|  45|0x0000000708e00000, 0x0000000708e00000, 0x0000000709000000|  0%| F|  |TAMS 0x0000000708e00000| PB 0x0000000708e00000| Untracked 
|  46|0x0000000709000000, 0x0000000709000000, 0x0000000709200000|  0%| F|  |TAMS 0x0000000709000000| PB 0x0000000709000000| Untracked 
|  47|0x0000000709200000, 0x0000000709200000, 0x0000000709400000|  0%| F|  |TAMS 0x0000000709200000| PB 0x0000000709200000| Untracked 
|  48|0x0000000709400000, 0x0000000709400000, 0x0000000709600000|  0%| F|  |TAMS 0x0000000709400000| PB 0x0000000709400000| Untracked 
|  49|0x0000000709600000, 0x0000000709600000, 0x0000000709800000|  0%| F|  |TAMS 0x0000000709600000| PB 0x0000000709600000| Untracked 
|  50|0x0000000709800000, 0x0000000709800000, 0x0000000709a00000|  0%| F|  |TAMS 0x0000000709800000| PB 0x0000000709800000| Untracked 
|  51|0x0000000709a00000, 0x0000000709a00000, 0x0000000709c00000|  0%| F|  |TAMS 0x0000000709a00000| PB 0x0000000709a00000| Untracked 
|  52|0x0000000709c00000, 0x0000000709c00000, 0x0000000709e00000|  0%| F|  |TAMS 0x0000000709c00000| PB 0x0000000709c00000| Untracked 
|  53|0x0000000709e00000, 0x0000000709e00000, 0x000000070a000000|  0%| F|  |TAMS 0x0000000709e00000| PB 0x0000000709e00000| Untracked 
|  54|0x000000070a000000, 0x000000070a000000, 0x000000070a200000|  0%| F|  |TAMS 0x000000070a000000| PB 0x000000070a000000| Untracked 
|  55|0x000000070a200000, 0x000000070a200000, 0x000000070a400000|  0%| F|  |TAMS 0x000000070a200000| PB 0x000000070a200000| Untracked 
|  56|0x000000070a400000, 0x000000070a400000, 0x000000070a600000|  0%| F|  |TAMS 0x000000070a400000| PB 0x000000070a400000| Untracked 
|  57|0x000000070a600000, 0x000000070a600000, 0x000000070a800000|  0%| F|  |TAMS 0x000000070a600000| PB 0x000000070a600000| Untracked 
|  58|0x000000070a800000, 0x000000070a800000, 0x000000070aa00000|  0%| F|  |TAMS 0x000000070a800000| PB 0x000000070a800000| Untracked 
|  59|0x000000070aa00000, 0x000000070aa00000, 0x000000070ac00000|  0%| F|  |TAMS 0x000000070aa00000| PB 0x000000070aa00000| Untracked 
|  60|0x000000070ac00000, 0x000000070ac00000, 0x000000070ae00000|  0%| F|  |TAMS 0x000000070ac00000| PB 0x000000070ac00000| Untracked 
|  61|0x000000070ae00000, 0x000000070ae00000, 0x000000070b000000|  0%| F|  |TAMS 0x000000070ae00000| PB 0x000000070ae00000| Untracked 
|  62|0x000000070b000000, 0x000000070b000000, 0x000000070b200000|  0%| F|  |TAMS 0x000000070b000000| PB 0x000000070b000000| Untracked 
|  63|0x000000070b200000, 0x000000070b200000, 0x000000070b400000|  0%| F|  |TAMS 0x000000070b200000| PB 0x000000070b200000| Untracked 
|  64|0x000000070b400000, 0x000000070b400000, 0x000000070b600000|  0%| F|  |TAMS 0x000000070b400000| PB 0x000000070b400000| Untracked 
|  65|0x000000070b600000, 0x000000070b600000, 0x000000070b800000|  0%| F|  |TAMS 0x000000070b600000| PB 0x000000070b600000| Untracked 
|  66|0x000000070b800000, 0x000000070b800000, 0x000000070ba00000|  0%| F|  |TAMS 0x000000070b800000| PB 0x000000070b800000| Untracked 
|  67|0x000000070ba00000, 0x000000070ba00000, 0x000000070bc00000|  0%| F|  |TAMS 0x000000070ba00000| PB 0x000000070ba00000| Untracked 
|  68|0x000000070bc00000, 0x000000070bc00000, 0x000000070be00000|  0%| F|  |TAMS 0x000000070bc00000| PB 0x000000070bc00000| Untracked 
|  69|0x000000070be00000, 0x000000070be00000, 0x000000070c000000|  0%| F|  |TAMS 0x000000070be00000| PB 0x000000070be00000| Untracked 
|  70|0x000000070c000000, 0x000000070c000000, 0x000000070c200000|  0%| F|  |TAMS 0x000000070c000000| PB 0x000000070c000000| Untracked 
|  71|0x000000070c200000, 0x000000070c200000, 0x000000070c400000|  0%| F|  |TAMS 0x000000070c200000| PB 0x000000070c200000| Untracked 
|  72|0x000000070c400000, 0x000000070c400000, 0x000000070c600000|  0%| F|  |TAMS 0x000000070c400000| PB 0x000000070c400000| Untracked 
|  73|0x000000070c600000, 0x000000070c600000, 0x000000070c800000|  0%| F|  |TAMS 0x000000070c600000| PB 0x000000070c600000| Untracked 
|  74|0x000000070c800000, 0x000000070c800000, 0x000000070ca00000|  0%| F|  |TAMS 0x000000070c800000| PB 0x000000070c800000| Untracked 
|  75|0x000000070ca00000, 0x000000070ca00000, 0x000000070cc00000|  0%| F|  |TAMS 0x000000070ca00000| PB 0x000000070ca00000| Untracked 
|  76|0x000000070cc00000, 0x000000070cc00000, 0x000000070ce00000|  0%| F|  |TAMS 0x000000070cc00000| PB 0x000000070cc00000| Untracked 
|  77|0x000000070ce00000, 0x000000070ce00000, 0x000000070d000000|  0%| F|  |TAMS 0x000000070ce00000| PB 0x000000070ce00000| Untracked 
|  78|0x000000070d000000, 0x000000070d000000, 0x000000070d200000|  0%| F|  |TAMS 0x000000070d000000| PB 0x000000070d000000| Untracked 
|  79|0x000000070d200000, 0x000000070d200000, 0x000000070d400000|  0%| F|  |TAMS 0x000000070d200000| PB 0x000000070d200000| Untracked 
|  80|0x000000070d400000, 0x000000070d400000, 0x000000070d600000|  0%| F|  |TAMS 0x000000070d400000| PB 0x000000070d400000| Untracked 
|  81|0x000000070d600000, 0x000000070d600000, 0x000000070d800000|  0%| F|  |TAMS 0x000000070d600000| PB 0x000000070d600000| Untracked 
|  82|0x000000070d800000, 0x000000070d800000, 0x000000070da00000|  0%| F|  |TAMS 0x000000070d800000| PB 0x000000070d800000| Untracked 
|  83|0x000000070da00000, 0x000000070da00000, 0x000000070dc00000|  0%| F|  |TAMS 0x000000070da00000| PB 0x000000070da00000| Untracked 
|  84|0x000000070dc00000, 0x000000070dc00000, 0x000000070de00000|  0%| F|  |TAMS 0x000000070dc00000| PB 0x000000070dc00000| Untracked 
|  85|0x000000070de00000, 0x000000070de00000, 0x000000070e000000|  0%| F|  |TAMS 0x000000070de00000| PB 0x000000070de00000| Untracked 
|  86|0x000000070e000000, 0x000000070e000000, 0x000000070e200000|  0%| F|  |TAMS 0x000000070e000000| PB 0x000000070e000000| Untracked 
|  87|0x000000070e200000, 0x000000070e200000, 0x000000070e400000|  0%| F|  |TAMS 0x000000070e200000| PB 0x000000070e200000| Untracked 
|  88|0x000000070e400000, 0x000000070e400000, 0x000000070e600000|  0%| F|  |TAMS 0x000000070e400000| PB 0x000000070e400000| Untracked 
|  89|0x000000070e600000, 0x000000070e600000, 0x000000070e800000|  0%| F|  |TAMS 0x000000070e600000| PB 0x000000070e600000| Untracked 
|  90|0x000000070e800000, 0x000000070e800000, 0x000000070ea00000|  0%| F|  |TAMS 0x000000070e800000| PB 0x000000070e800000| Untracked 
|  91|0x000000070ea00000, 0x000000070ea00000, 0x000000070ec00000|  0%| F|  |TAMS 0x000000070ea00000| PB 0x000000070ea00000| Untracked 
|  92|0x000000070ec00000, 0x000000070ec00000, 0x000000070ee00000|  0%| F|  |TAMS 0x000000070ec00000| PB 0x000000070ec00000| Untracked 
|  93|0x000000070ee00000, 0x000000070ee00000, 0x000000070f000000|  0%| F|  |TAMS 0x000000070ee00000| PB 0x000000070ee00000| Untracked 
|  94|0x000000070f000000, 0x000000070f000000, 0x000000070f200000|  0%| F|  |TAMS 0x000000070f000000| PB 0x000000070f000000| Untracked 
|  95|0x000000070f200000, 0x000000070f200000, 0x000000070f400000|  0%| F|  |TAMS 0x000000070f200000| PB 0x000000070f200000| Untracked 
|  96|0x000000070f400000, 0x000000070f400000, 0x000000070f600000|  0%| F|  |TAMS 0x000000070f400000| PB 0x000000070f400000| Untracked 
|  97|0x000000070f600000, 0x000000070f600000, 0x000000070f800000|  0%| F|  |TAMS 0x000000070f600000| PB 0x000000070f600000| Untracked 
|  98|0x000000070f800000, 0x000000070f800000, 0x000000070fa00000|  0%| F|  |TAMS 0x000000070f800000| PB 0x000000070f800000| Untracked 
|  99|0x000000070fa00000, 0x000000070fa00000, 0x000000070fc00000|  0%| F|  |TAMS 0x000000070fa00000| PB 0x000000070fa00000| Untracked 
| 100|0x000000070fc00000, 0x000000070fc00000, 0x000000070fe00000|  0%| F|  |TAMS 0x000000070fc00000| PB 0x000000070fc00000| Untracked 
| 101|0x000000070fe00000, 0x000000070fe00000, 0x0000000710000000|  0%| F|  |TAMS 0x000000070fe00000| PB 0x000000070fe00000| Untracked 
| 102|0x0000000710000000, 0x0000000710000000, 0x0000000710200000|  0%| F|  |TAMS 0x0000000710000000| PB 0x0000000710000000| Untracked 
| 103|0x0000000710200000, 0x0000000710200000, 0x0000000710400000|  0%| F|  |TAMS 0x0000000710200000| PB 0x0000000710200000| Untracked 
| 104|0x0000000710400000, 0x0000000710400000, 0x0000000710600000|  0%| F|  |TAMS 0x0000000710400000| PB 0x0000000710400000| Untracked 
| 105|0x0000000710600000, 0x0000000710600000, 0x0000000710800000|  0%| F|  |TAMS 0x0000000710600000| PB 0x0000000710600000| Untracked 
| 106|0x0000000710800000, 0x0000000710800000, 0x0000000710a00000|  0%| F|  |TAMS 0x0000000710800000| PB 0x0000000710800000| Untracked 
| 107|0x0000000710a00000, 0x0000000710a00000, 0x0000000710c00000|  0%| F|  |TAMS 0x0000000710a00000| PB 0x0000000710a00000| Untracked 
| 108|0x0000000710c00000, 0x0000000710c00000, 0x0000000710e00000|  0%| F|  |TAMS 0x0000000710c00000| PB 0x0000000710c00000| Untracked 
| 109|0x0000000710e00000, 0x0000000710e00000, 0x0000000711000000|  0%| F|  |TAMS 0x0000000710e00000| PB 0x0000000710e00000| Untracked 
| 110|0x0000000711000000, 0x0000000711000000, 0x0000000711200000|  0%| F|  |TAMS 0x0000000711000000| PB 0x0000000711000000| Untracked 
| 111|0x0000000711200000, 0x0000000711200000, 0x0000000711400000|  0%| F|  |TAMS 0x0000000711200000| PB 0x0000000711200000| Untracked 
| 112|0x0000000711400000, 0x0000000711400000, 0x0000000711600000|  0%| F|  |TAMS 0x0000000711400000| PB 0x0000000711400000| Untracked 
| 113|0x0000000711600000, 0x0000000711800000, 0x0000000711800000|100%| S|CS|TAMS 0x0000000711600000| PB 0x0000000711600000| Complete 
| 114|0x0000000711800000, 0x00000007118b8da8, 0x0000000711a00000| 36%| E|  |TAMS 0x0000000711800000| PB 0x0000000711800000| Complete 
| 115|0x0000000711a00000, 0x0000000711c00000, 0x0000000711c00000|100%| E|CS|TAMS 0x0000000711a00000| PB 0x0000000711a00000| Complete 
| 116|0x0000000711c00000, 0x0000000711e00000, 0x0000000711e00000|100%| S|CS|TAMS 0x0000000711c00000| PB 0x0000000711c00000| Complete 
| 117|0x0000000711e00000, 0x0000000712000000, 0x0000000712000000|100%| E|CS|TAMS 0x0000000711e00000| PB 0x0000000711e00000| Complete 
| 118|0x0000000712000000, 0x0000000712200000, 0x0000000712200000|100%| E|CS|TAMS 0x0000000712000000| PB 0x0000000712000000| Complete 
| 119|0x0000000712200000, 0x0000000712400000, 0x0000000712400000|100%| E|CS|TAMS 0x0000000712200000| PB 0x0000000712200000| Complete 
| 120|0x0000000712400000, 0x0000000712600000, 0x0000000712600000|100%| E|CS|TAMS 0x0000000712400000| PB 0x0000000712400000| Complete 
| 121|0x0000000712600000, 0x0000000712800000, 0x0000000712800000|100%| E|CS|TAMS 0x0000000712600000| PB 0x0000000712600000| Complete 
| 122|0x0000000712800000, 0x0000000712a00000, 0x0000000712a00000|100%| E|CS|TAMS 0x0000000712800000| PB 0x0000000712800000| Complete 
| 123|0x0000000712a00000, 0x0000000712c00000, 0x0000000712c00000|100%| E|CS|TAMS 0x0000000712a00000| PB 0x0000000712a00000| Complete 
| 124|0x0000000712c00000, 0x0000000712e00000, 0x0000000712e00000|100%| E|CS|TAMS 0x0000000712c00000| PB 0x0000000712c00000| Complete 
| 125|0x0000000712e00000, 0x0000000713000000, 0x0000000713000000|100%| E|CS|TAMS 0x0000000712e00000| PB 0x0000000712e00000| Complete 
| 126|0x0000000713000000, 0x0000000713200000, 0x0000000713200000|100%| E|  |TAMS 0x0000000713000000| PB 0x0000000713000000| Complete 

Card table byte_map: [0x0000023c6ad10000,0x0000023c6b500000] _byte_map_base: 0x0000023c674f6000

Marking Bits: (CMBitMap*) 0x0000023c52bfee10
 Bits: [0x0000023c6b500000, 0x0000023c6f430000)

Polling page: 0x0000023c50b00000

Metaspace:

Usage:
  Non-class:      9.47 MB used.
      Class:      1.30 MB used.
       Both:     10.77 MB used.

Virtual space:
  Non-class space:       64.00 MB reserved,       9.62 MB ( 15%) committed,  1 nodes.
      Class space:        1.00 GB reserved,       1.44 MB ( <1%) committed,  1 nodes.
             Both:        1.06 GB reserved,      11.06 MB (  1%) committed. 

Chunk freelists:
   Non-Class:  6.38 MB
       Class:  14.58 MB
        Both:  20.95 MB

MaxMetaspaceSize: unlimited
CompressedClassSpaceSize: 1.00 GB
Initial GC threshold: 21.00 MB
Current GC threshold: 21.00 MB
CDS: on
 - commit_granule_bytes: 65536.
 - commit_granule_words: 8192.
 - virtual_space_node_default_size: 8388608.
 - enlarge_chunks_in_place: 1.
 - use_allocation_guard: 0.


Internal statistics:

num_allocs_failed_limit: 0.
num_arena_births: 348.
num_arena_deaths: 0.
num_vsnodes_births: 2.
num_vsnodes_deaths: 0.
num_space_committed: 177.
num_space_uncommitted: 0.
num_chunks_returned_to_freelist: 0.
num_chunks_taken_from_freelist: 700.
num_chunk_merges: 0.
num_chunk_splits: 408.
num_chunks_enlarged: 223.
num_inconsistent_stats: 0.

CodeHeap 'non-profiled nmethods': size=120000Kb used=840Kb max_used=840Kb free=119160Kb
 bounds [0x0000023c62a90000, 0x0000023c62d00000, 0x0000023c69fc0000]
CodeHeap 'profiled nmethods': size=120000Kb used=3450Kb max_used=3450Kb free=116550Kb
 bounds [0x0000023c5afc0000, 0x0000023c5b320000, 0x0000023c624f0000]
CodeHeap 'non-nmethods': size=5760Kb used=1409Kb max_used=1440Kb free=4350Kb
 bounds [0x0000023c624f0000, 0x0000023c62760000, 0x0000023c62a90000]
 total_blobs=2456 nmethods=1956 adapters=404
 compilation: enabled
              stopped_count=0, restarted_count=0
 full_count=0

Compilation events (20 events):
Event: 1.348 Thread 0x0000023c72213fe0 1943       3       org.springframework.boot.context.properties.source.SoftReferenceConfigurationPropertyCache::get (67 bytes)
Event: 1.349 Thread 0x0000023c72213fe0 nmethod 1943 0x0000023c5b317a10 code [0x0000023c5b317d20, 0x0000023c5b318f68]
Event: 1.349 Thread 0x0000023c72213fe0 1946       3       org.springframework.boot.context.properties.source.ConfigurationPropertyName::asSystemEnvironmentLegacyName (53 bytes)
Event: 1.349 Thread 0x0000023c72213fe0 nmethod 1946 0x0000023c5b319590 code [0x0000023c5b3197e0, 0x0000023c5b31a128]
Event: 1.349 Thread 0x0000023c72213fe0 1944       3       sun.reflect.generics.reflectiveObjects.ParameterizedTypeImpl::hashCode (24 bytes)
Event: 1.350 Thread 0x0000023c72213fe0 nmethod 1944 0x0000023c5b31a410 code [0x0000023c5b31a600, 0x0000023c5b31aa58]
Event: 1.350 Thread 0x0000023c72213fe0 1945       3       org.springframework.boot.context.properties.source.ConfigurationPropertyName$ElementType::allowsFastEqualityCheck (20 bytes)
Event: 1.350 Thread 0x0000023c72213fe0 nmethod 1945 0x0000023c5b31ab90 code [0x0000023c5b31ad40, 0x0000023c5b31aef0]
Event: 1.350 Thread 0x0000023c72213fe0 1948       3       org.springframework.boot.context.properties.source.SpringConfigurationPropertySources$SourcesIterator::next (5 bytes)
Event: 1.350 Thread 0x0000023c72213fe0 nmethod 1948 0x0000023c5b31af90 code [0x0000023c5b31b160, 0x0000023c5b31b460]
Event: 1.350 Thread 0x0000023c72213fe0 1949       3       org.springframework.boot.context.properties.source.SpringConfigurationPropertySources$SourcesIterator::next (24 bytes)
Event: 1.350 Thread 0x0000023c72213fe0 nmethod 1949 0x0000023c5b31b590 code [0x0000023c5b31b760, 0x0000023c5b31b9f8]
Event: 1.350 Thread 0x0000023c72213fe0 1950       3       org.springframework.boot.context.properties.source.ConfigurationPropertyName$$Lambda/0x0000023c01114d10::test (6 bytes)
Event: 1.351 Thread 0x0000023c72213fe0 nmethod 1950 0x0000023c5b31bb10 code [0x0000023c5b31bce0, 0x0000023c5b31c100]
Event: 1.351 Thread 0x0000023c72213fe0 1951       3       org.springframework.boot.context.properties.source.ConfigurationPropertyName::lambda$convertToUniformElement$1 (5 bytes)
Event: 1.351 Thread 0x0000023c72213fe0 nmethod 1951 0x0000023c5b31c290 code [0x0000023c5b31c460, 0x0000023c5b31c800]
Event: 1.351 Thread 0x0000023c72213fe0 1947       3       java.lang.Class::getInterfaces (49 bytes)
Event: 1.351 Thread 0x0000023c72213fe0 nmethod 1947 0x0000023c5b31c910 code [0x0000023c5b31cb20, 0x0000023c5b31d018]
Event: 1.352 Thread 0x0000023c72213fe0 1952       1       org.springframework.boot.context.properties.source.SoftReferenceConfigurationPropertyCache$ActiveCacheOverride::timeToLive (5 bytes)
Event: 1.352 Thread 0x0000023c72213fe0 nmethod 1952 0x0000023c62b61d10 code [0x0000023c62b61ea0, 0x0000023c62b61f70]

GC Heap History (4 events):
Event: 0.538 GC heap before
{Heap before GC invocations=0 (full 0):
 garbage-first heap   total 260096K, used 20480K [0x0000000703400000, 0x0000000800000000)
  region size 2048K, 11 young (22528K), 0 survivors (0K)
 Metaspace       used 2910K, committed 3136K, reserved 1114112K
  class space    used 292K, committed 384K, reserved 1048576K
}
Event: 0.544 GC heap after
{Heap after GC invocations=1 (full 0):
 garbage-first heap   total 260096K, used 10639K [0x0000000703400000, 0x0000000800000000)
  region size 2048K, 2 young (4096K), 2 survivors (4096K)
 Metaspace       used 2910K, committed 3136K, reserved 1114112K
  class space    used 292K, committed 384K, reserved 1048576K
}
Event: 0.913 GC heap before
{Heap before GC invocations=1 (full 0):
 garbage-first heap   total 260096K, used 29071K [0x0000000703400000, 0x0000000800000000)
  region size 2048K, 12 young (24576K), 2 survivors (4096K)
 Metaspace       used 6395K, committed 6656K, reserved 1114112K
  class space    used 695K, committed 832K, reserved 1048576K
}
Event: 0.916 GC heap after
{Heap after GC invocations=2 (full 0):
 garbage-first heap   total 260096K, used 14207K [0x0000000703400000, 0x0000000800000000)
  region size 2048K, 2 young (4096K), 2 survivors (4096K)
 Metaspace       used 6395K, committed 6656K, reserved 1114112K
  class space    used 695K, committed 832K, reserved 1048576K
}

Dll operation events (11 events):
Event: 0.026 Loaded shared library C:\Program Files\Java\jdk-21\bin\java.dll
Event: 0.061 Loaded shared library C:\Program Files\Java\jdk-21\bin\jsvml.dll
Event: 0.189 Loaded shared library C:\Program Files\Java\jdk-21\bin\zip.dll
Event: 0.192 Loaded shared library C:\Program Files\Java\jdk-21\bin\instrument.dll
Event: 0.198 Loaded shared library C:\Program Files\Java\jdk-21\bin\net.dll
Event: 0.201 Loaded shared library C:\Program Files\Java\jdk-21\bin\nio.dll
Event: 0.205 Loaded shared library C:\Program Files\Java\jdk-21\bin\zip.dll
Event: 0.319 Loaded shared library C:\Program Files\Java\jdk-21\bin\extnet.dll
Event: 0.356 Loaded shared library C:\Program Files\Java\jdk-21\bin\jimage.dll
Event: 0.867 Loaded shared library C:\Program Files\Java\jdk-21\bin\management.dll
Event: 0.872 Loaded shared library C:\Program Files\Java\jdk-21\bin\management_ext.dll

Deoptimization events (20 events):
Event: 1.272 Thread 0x0000023c721fe390 DEOPT PACKING pc=0x0000023c62aaa318 sp=0x000000e8fd5fcb00
Event: 1.272 Thread 0x0000023c721fe390 DEOPT UNPACKING pc=0x0000023c625446a2 sp=0x000000e8fd5fca90 mode 2
Event: 1.272 Thread 0x0000023c721fe390 Uncommon trap: trap_request=0xffffff45 fr.pc=0x0000023c62aa638c relative=0x000000000000006c
Event: 1.272 Thread 0x0000023c721fe390 Uncommon trap: reason=unstable_if action=reinterpret pc=0x0000023c62aa638c method=java.lang.AbstractStringBuilder.isLatin1()Z @ 10 c2
Event: 1.272 Thread 0x0000023c721fe390 DEOPT PACKING pc=0x0000023c62aa638c sp=0x000000e8fd5fcb00
Event: 1.272 Thread 0x0000023c721fe390 DEOPT UNPACKING pc=0x0000023c625446a2 sp=0x000000e8fd5fca90 mode 2
Event: 1.272 Thread 0x0000023c721fe390 Uncommon trap: trap_request=0xffffff45 fr.pc=0x0000023c62b26984 relative=0x0000000000000544
Event: 1.272 Thread 0x0000023c721fe390 Uncommon trap: reason=unstable_if action=reinterpret pc=0x0000023c62b26984 method=java.lang.AbstractStringBuilder.isLatin1()Z @ 10 c2
Event: 1.272 Thread 0x0000023c721fe390 DEOPT PACKING pc=0x0000023c62b26984 sp=0x000000e8fd5fcca0
Event: 1.272 Thread 0x0000023c721fe390 DEOPT UNPACKING pc=0x0000023c625446a2 sp=0x000000e8fd5fcb38 mode 2
Event: 1.272 Thread 0x0000023c721fe390 Uncommon trap: trap_request=0xffffff45 fr.pc=0x0000023c62aa2fe8 relative=0x0000000000000048
Event: 1.272 Thread 0x0000023c721fe390 Uncommon trap: reason=unstable_if action=reinterpret pc=0x0000023c62aa2fe8 method=java.lang.StringLatin1.canEncode(I)Z @ 4 c2
Event: 1.272 Thread 0x0000023c721fe390 DEOPT PACKING pc=0x0000023c62aa2fe8 sp=0x000000e8fd5fcb00
Event: 1.272 Thread 0x0000023c721fe390 DEOPT UNPACKING pc=0x0000023c625446a2 sp=0x000000e8fd5fca90 mode 2
Event: 1.272 Thread 0x0000023c721fe390 Uncommon trap: trap_request=0xffffff45 fr.pc=0x0000023c62b1866c relative=0x000000000000050c
Event: 1.272 Thread 0x0000023c721fe390 Uncommon trap: reason=unstable_if action=reinterpret pc=0x0000023c62b1866c method=java.lang.AbstractStringBuilder.isLatin1()Z @ 10 c2
Event: 1.272 Thread 0x0000023c721fe390 DEOPT PACKING pc=0x0000023c62b1866c sp=0x000000e8fd5fcc00
Event: 1.272 Thread 0x0000023c721fe390 DEOPT UNPACKING pc=0x0000023c625446a2 sp=0x000000e8fd5fcb50 mode 2
Event: 1.301 Thread 0x0000023c721fe390 DEOPT PACKING pc=0x0000023c5b0b6808 sp=0x000000e8fd5fce00
Event: 1.301 Thread 0x0000023c721fe390 DEOPT UNPACKING pc=0x0000023c62544e42 sp=0x000000e8fd5fc288 mode 0

Classes loaded (20 events):
Event: 1.293 Loading class java/util/stream/MatchOps$1MatchSink
Event: 1.293 Loading class java/util/stream/MatchOps$1MatchSink done
Event: 1.295 Loading class java/lang/reflect/Executable$ParameterData
Event: 1.295 Loading class java/lang/reflect/Executable$ParameterData done
Event: 1.298 Loading class sun/reflect/generics/scope/ConstructorScope
Event: 1.298 Loading class sun/reflect/generics/scope/ConstructorScope done
Event: 1.298 Loading class sun/reflect/generics/repository/ConstructorRepository
Event: 1.298 Loading class sun/reflect/generics/repository/ConstructorRepository done
Event: 1.298 Loading class sun/reflect/generics/tree/VoidDescriptor
Event: 1.298 Loading class sun/reflect/generics/tree/VoidDescriptor done
Event: 1.298 Loading class sun/reflect/generics/tree/MethodTypeSignature
Event: 1.298 Loading class sun/reflect/generics/tree/MethodTypeSignature done
Event: 1.347 Loading class sun/reflect/generics/scope/MethodScope
Event: 1.347 Loading class sun/reflect/generics/scope/MethodScope done
Event: 1.347 Loading class sun/reflect/generics/repository/MethodRepository
Event: 1.347 Loading class sun/reflect/generics/repository/MethodRepository done
Event: 1.347 Loading class java/util/AbstractList$ListItr
Event: 1.348 Loading class java/util/AbstractList$Itr
Event: 1.348 Loading class java/util/AbstractList$Itr done
Event: 1.348 Loading class java/util/AbstractList$ListItr done

Classes unloaded (0 events):
No events

Classes redefined (0 events):
No events

Internal exceptions (20 events):
Event: 1.279 Thread 0x0000023c721fe390 Exception <a 'java/lang/NoSuchMethodError'{0x0000000711f6bda0}: 'void java.lang.invoke.DirectMethodHandle$Holder.invokeSpecial(java.lang.Object, java.lang.Object, java.lang.Object, java.lang.Object, java.lang.Object, java.lang.Object)'> (0x0000000711f6bda0) 
thrown [s\open\src\hotspot\share\interpreter\linkResolver.cpp, line 773]
Event: 1.282 Thread 0x0000023c721fe390 Exception <a 'java/lang/NoSuchMethodError'{0x0000000711f8d938}: 'java.lang.Object java.lang.invoke.DirectMethodHandle$Holder.invokeStaticInit(java.lang.Object, java.lang.Object, java.lang.Object, java.lang.Object, java.lang.Object, java.lang.Object, java.lang.Object)'> (0x0000000711f8d938) 
thrown [s\open\src\hotspot\share\interpreter\linkResolver.cpp, line 773]
Event: 1.283 Thread 0x0000023c721fe390 Exception <a 'java/lang/NoSuchMethodError'{0x0000000711f961e8}: 'java.lang.Object java.lang.invoke.Invokers$Holder.invoke_MT(java.lang.Object, java.lang.Object, java.lang.Object, java.lang.Object, java.lang.Object, java.lang.Object, java.lang.Object, java.lang.Object, java.lang.Object, java.lang.Object)'> (0x0000000711f961e8) 
thrown [s\open\src\hotspot\share\interpreter\linkResolver.cpp, line 773]
Event: 1.284 Thread 0x0000023c721fe390 Exception <a 'java/lang/NoSuchMethodError'{0x0000000711f9bdd8}: 'java.lang.Object java.lang.invoke.DirectMethodHandle$Holder.invokeStatic(java.lang.Object, java.lang.Object, int)'> (0x0000000711f9bdd8) 
thrown [s\open\src\hotspot\share\interpreter\linkResolver.cpp, line 773]
Event: 1.285 Thread 0x0000023c721fe390 Exception <a 'java/lang/NoSuchMethodError'{0x0000000711fae2c8}: 'void java.lang.invoke.DelegatingMethodHandle$Holder.delegate(java.lang.Object, java.lang.Object, int, java.lang.Object)'> (0x0000000711fae2c8) 
thrown [s\open\src\hotspot\share\interpreter\linkResolver.cpp, line 773]
Event: 1.287 Thread 0x0000023c721fe390 Exception <a 'java/lang/NoSuchMethodError'{0x0000000711fcc800}: 'int java.lang.invoke.DirectMethodHandle$Holder.invokeVirtual(java.lang.Object, java.lang.Object, java.lang.Object)'> (0x0000000711fcc800) 
thrown [s\open\src\hotspot\share\interpreter\linkResolver.cpp, line 773]
Event: 1.287 Thread 0x0000023c721fe390 Exception <a 'java/lang/NoSuchMethodError'{0x0000000711fd0cb0}: 'int java.lang.invoke.DirectMethodHandle$Holder.invokeStaticInit(java.lang.Object, int, int)'> (0x0000000711fd0cb0) 
thrown [s\open\src\hotspot\share\interpreter\linkResolver.cpp, line 773]
Event: 1.288 Thread 0x0000023c721fe390 Exception <a 'java/lang/NoSuchMethodError'{0x0000000711fd8320}: 'int java.lang.invoke.DirectMethodHandle$Holder.invokeStaticInit(java.lang.Object, long, long)'> (0x0000000711fd8320) 
thrown [s\open\src\hotspot\share\interpreter\linkResolver.cpp, line 773]
Event: 1.288 Thread 0x0000023c721fe390 Exception <a 'java/lang/NoSuchMethodError'{0x0000000711fdeee8}: 'int java.lang.invoke.DirectMethodHandle$Holder.invokeStaticInit(java.lang.Object, float, float)'> (0x0000000711fdeee8) 
thrown [s\open\src\hotspot\share\interpreter\linkResolver.cpp, line 773]
Event: 1.288 Thread 0x0000023c721fe390 Exception <a 'java/lang/NoSuchMethodError'{0x0000000711fe5aa8}: 'int java.lang.invoke.DirectMethodHandle$Holder.invokeStaticInit(java.lang.Object, double, double)'> (0x0000000711fe5aa8) 
thrown [s\open\src\hotspot\share\interpreter\linkResolver.cpp, line 773]
Event: 1.289 Thread 0x0000023c721fe390 Exception <a 'java/lang/NoSuchMethodError'{0x0000000711fea0c0}: 'int java.lang.invoke.DirectMethodHandle$Holder.invokeStatic(java.lang.Object, long)'> (0x0000000711fea0c0) 
thrown [s\open\src\hotspot\share\interpreter\linkResolver.cpp, line 773]
Event: 1.291 Thread 0x0000023c721fe390 Exception <a 'java/lang/NoSuchMethodError'{0x0000000711a0bfb8}: 'int java.lang.invoke.Invokers$Holder.linkToTargetMethod(java.lang.Object, java.lang.Object)'> (0x0000000711a0bfb8) 
thrown [s\open\src\hotspot\share\interpreter\linkResolver.cpp, line 773]
Event: 1.303 Thread 0x0000023c721fe390 Exception <a 'java/lang/NoSuchMethodError'{0x0000000711a8c9f0}: 'java.lang.Object java.lang.invoke.DirectMethodHandle$Holder.invokeSpecial(java.lang.Object, java.lang.Object, java.lang.Object, int, java.lang.Object)'> (0x0000000711a8c9f0) 
thrown [s\open\src\hotspot\share\interpreter\linkResolver.cpp, line 773]
Event: 1.303 Thread 0x0000023c721fe390 Exception <a 'java/lang/NoSuchMethodError'{0x0000000711a941e8}: 'java.lang.Object java.lang.invoke.DirectMethodHandle$Holder.newInvokeSpecial(java.lang.Object, java.lang.Object, java.lang.Object, int, java.lang.Object)'> (0x0000000711a941e8) 
thrown [s\open\src\hotspot\share\interpreter\linkResolver.cpp, line 773]
Event: 1.304 Thread 0x0000023c721fe390 Exception <a 'java/lang/NoSuchMethodError'{0x0000000711a9b6a0}: 'java.lang.Object java.lang.invoke.Invokers$Holder.linkToTargetMethod(java.lang.Object, java.lang.Object, int, java.lang.Object, java.lang.Object)'> (0x0000000711a9b6a0) 
thrown [s\open\src\hotspot\share\interpreter\linkResolver.cpp, line 773]
Event: 1.305 Thread 0x0000023c721fe390 Exception <a 'java/lang/NoSuchMethodError'{0x0000000711aaa3c8}: 'java.lang.Object java.lang.invoke.DirectMethodHandle$Holder.newInvokeSpecial(java.lang.Object, int, java.lang.Object)'> (0x0000000711aaa3c8) 
thrown [s\open\src\hotspot\share\interpreter\linkResolver.cpp, line 773]
Event: 1.305 Thread 0x0000023c721fe390 Exception <a 'java/lang/NoSuchMethodError'{0x0000000711aaeb68}: 'int java.lang.invoke.DirectMethodHandle$Holder.invokeSpecialIFC(java.lang.Object, java.lang.Object, java.lang.Object, java.lang.Object)'> (0x0000000711aaeb68) 
thrown [s\open\src\hotspot\share\interpreter\linkResolver.cpp, line 773]
Event: 1.322 Thread 0x0000023c721fe390 Exception <a 'java/lang/NoSuchMethodError'{0x0000000711b53bf8}: 'void java.lang.invoke.DirectMethodHandle$Holder.invokeInterface(java.lang.Object, java.lang.Object, java.lang.Object)'> (0x0000000711b53bf8) 
thrown [s\open\src\hotspot\share\interpreter\linkResolver.cpp, line 773]
Event: 1.339 Thread 0x0000023c721fe390 Exception <a 'java/lang/NoSuchMethodError'{0x0000000711bce008}: 'java.lang.Object java.lang.invoke.Invokers$Holder.invoke_MT(java.lang.Object, java.lang.Object, java.lang.Object, java.lang.Object, java.lang.Object, java.lang.Object, java.lang.Object, java.lang.Object, java.lang.Object)'> (0x0000000711bce008) 
thrown [s\open\src\hotspot\share\interpreter\linkResolver.cpp, line 773]
Event: 1.342 Thread 0x0000023c721fe390 Exception <a 'java/lang/NoSuchMethodError'{0x0000000711bf9a28}: 'java.lang.reflect.Field[] java.lang.Class.getDeclaredFields(java.lang.Class)'> (0x0000000711bf9a28) 
thrown [s\open\src\hotspot\share\interpreter\linkResolver.cpp, line 773]

ZGC Phase Switch (0 events):
No events

VM Operations (20 events):
Event: 0.360 Executing VM operation: HandshakeAllThreads (Deoptimize)
Event: 0.360 Executing VM operation: HandshakeAllThreads (Deoptimize) done
Event: 0.537 Executing VM operation: G1CollectForAllocation (G1 Evacuation Pause)
Event: 0.544 Executing VM operation: G1CollectForAllocation (G1 Evacuation Pause) done
Event: 0.609 Executing VM operation: HandshakeAllThreads (Deoptimize)
Event: 0.609 Executing VM operation: HandshakeAllThreads (Deoptimize) done
Event: 0.821 Executing VM operation: HandshakeAllThreads (Deoptimize)
Event: 0.821 Executing VM operation: HandshakeAllThreads (Deoptimize) done
Event: 0.821 Executing VM operation: HandshakeAllThreads (Deoptimize)
Event: 0.821 Executing VM operation: HandshakeAllThreads (Deoptimize) done
Event: 0.862 Executing VM operation: HandshakeAllThreads (Deoptimize)
Event: 0.862 Executing VM operation: HandshakeAllThreads (Deoptimize) done
Event: 0.912 Executing VM operation: G1CollectForAllocation (G1 Evacuation Pause)
Event: 0.916 Executing VM operation: G1CollectForAllocation (G1 Evacuation Pause) done
Event: 1.020 Executing VM operation: HandshakeAllThreads (Deoptimize)
Event: 1.020 Executing VM operation: HandshakeAllThreads (Deoptimize) done
Event: 1.284 Executing VM operation: HandshakeAllThreads (Deoptimize)
Event: 1.284 Executing VM operation: HandshakeAllThreads (Deoptimize) done
Event: 1.348 Executing VM operation: ICBufferFull
Event: 1.348 Executing VM operation: ICBufferFull done

Events (16 events):
Event: 0.045 Thread 0x0000023c50894110 Thread added: 0x0000023c50894110
Event: 0.058 Thread 0x0000023c71848b90 Thread added: 0x0000023c71848b90
Event: 0.058 Thread 0x0000023c7184a160 Thread added: 0x0000023c7184a160
Event: 0.059 Thread 0x0000023c7184de60 Thread added: 0x0000023c7184de60
Event: 0.059 Thread 0x0000023c721f0080 Thread added: 0x0000023c721f0080
Event: 0.059 Thread 0x0000023c721f7670 Thread added: 0x0000023c721f7670
Event: 0.059 Thread 0x0000023c721fc2c0 Thread added: 0x0000023c721fc2c0
Event: 0.059 Thread 0x0000023c72209520 Thread added: 0x0000023c72209520
Event: 0.059 Thread 0x0000023c72213fe0 Thread added: 0x0000023c72213fe0
Event: 0.172 Thread 0x0000023c721ff0b0 Thread added: 0x0000023c721ff0b0
Event: 0.229 Thread 0x0000023c724aa550 Thread added: 0x0000023c724aa550
Event: 0.309 Thread 0x0000023c721fcfe0 Thread added: 0x0000023c721fcfe0
Event: 0.309 Thread 0x0000023c721ff740 Thread added: 0x0000023c721ff740
Event: 0.558 Thread 0x0000023c724a5d40 Thread added: 0x0000023c724a5d40
Event: 0.939 Thread 0x0000023c721fd670 Thread added: 0x0000023c721fd670
Event: 0.944 Thread 0x0000023c721fe390 Thread added: 0x0000023c721fe390


Dynamic libraries:
0x00007ff771370000 - 0x00007ff771380000 	C:\Program Files\Java\jdk-21\bin\java.exe
0x00007ffb67220000 - 0x00007ffb67489000 	C:\WINDOWS\SYSTEM32\ntdll.dll
0x00007ffb65860000 - 0x00007ffb65929000 	C:\WINDOWS\System32\KERNEL32.DLL
0x00007ffb647d0000 - 0x00007ffb64bc3000 	C:\WINDOWS\System32\KERNELBASE.dll
0x00007ffb64530000 - 0x00007ffb6467b000 	C:\WINDOWS\System32\ucrtbase.dll
0x00007ffaff530000 - 0x00007ffaff54b000 	C:\Program Files\Java\jdk-21\bin\VCRUNTIME140.dll
0x00007ffb00ea0000 - 0x00007ffb00eb9000 	C:\Program Files\Java\jdk-21\bin\jli.dll
0x00007ffb66920000 - 0x00007ffb669d4000 	C:\WINDOWS\System32\ADVAPI32.dll
0x00007ffb67130000 - 0x00007ffb671d9000 	C:\WINDOWS\System32\msvcrt.dll
0x00007ffb66180000 - 0x00007ffb66226000 	C:\WINDOWS\System32\sechost.dll
0x00007ffb650a0000 - 0x00007ffb651b8000 	C:\WINDOWS\System32\RPCRT4.dll
0x00007ffb65930000 - 0x00007ffb65af4000 	C:\WINDOWS\System32\USER32.dll
0x00007ffb64bd0000 - 0x00007ffb64bf7000 	C:\WINDOWS\System32\win32u.dll
0x00007ffb64ff0000 - 0x00007ffb6501b000 	C:\WINDOWS\System32\GDI32.dll
0x00007ffb4b780000 - 0x00007ffb4ba13000 	C:\WINDOWS\WinSxS\amd64_microsoft.windows.common-controls_6595b64144ccf1df_6.0.26100.5074_none_3e0d6f78e32fd63f\COMCTL32.dll
0x00007ffb64c00000 - 0x00007ffb64d2d000 	C:\WINDOWS\System32\gdi32full.dll
0x00007ffb64720000 - 0x00007ffb647c3000 	C:\WINDOWS\System32\msvcp_win.dll
0x00007ffb63cf0000 - 0x00007ffb63cfb000 	C:\WINDOWS\SYSTEM32\VERSION.dll
0x00007ffb65020000 - 0x00007ffb6504f000 	C:\WINDOWS\System32\IMM32.DLL
0x0000000050260000 - 0x000000005026c000 	C:\Program Files (x86)\360\Total Security\safemon\SafeWrapper.dll
0x00007ffb1dc00000 - 0x00007ffb1dcac000 	C:\Program Files (x86)\360\Total Security\safemon\libzdtp64.dll
0x00007ffb669e0000 - 0x00007ffb6712d000 	C:\WINDOWS\System32\SHELL32.dll
0x00007ffb64d30000 - 0x00007ffb64e9c000 	C:\WINDOWS\System32\wintypes.dll
0x00007ffb651c0000 - 0x00007ffb6553b000 	C:\WINDOWS\System32\combase.dll
0x00007ffb65540000 - 0x00007ffb655a2000 	C:\WINDOWS\System32\SHLWAPI.dll
0x00007ffb35620000 - 0x00007ffb3562c000 	C:\Program Files\Java\jdk-21\bin\vcruntime140_1.dll
0x00007ffaebfb0000 - 0x00007ffaec03e000 	C:\Program Files\Java\jdk-21\bin\msvcp140.dll
0x00007ffa81b60000 - 0x00007ffa82877000 	C:\Program Files\Java\jdk-21\bin\server\jvm.dll
0x00007ffb667a0000 - 0x00007ffb66814000 	C:\WINDOWS\System32\WS2_32.dll
0x00007ffb64210000 - 0x00007ffb6426e000 	C:\WINDOWS\SYSTEM32\POWRPROF.dll
0x00007ffb508d0000 - 0x00007ffb50905000 	C:\WINDOWS\SYSTEM32\WINMM.dll
0x00007ffb641f0000 - 0x00007ffb64204000 	C:\WINDOWS\SYSTEM32\UMPDC.dll
0x00007ffb630f0000 - 0x00007ffb6310b000 	C:\WINDOWS\SYSTEM32\kernel.appcore.dll
0x00007ffb29200000 - 0x00007ffb2920a000 	C:\Program Files\Java\jdk-21\bin\jimage.dll
0x00007ffb4fdb0000 - 0x00007ffb4fff2000 	C:\WINDOWS\SYSTEM32\DBGHELP.DLL
0x00007ffb660a0000 - 0x00007ffb66177000 	C:\WINDOWS\System32\OLEAUT32.dll
0x00007ffb4a270000 - 0x00007ffb4a2ad000 	C:\WINDOWS\SYSTEM32\dbgcore.DLL
0x00007ffb64680000 - 0x00007ffb64719000 	C:\WINDOWS\System32\bcryptPrimitives.dll
0x00007ffb265a0000 - 0x00007ffb265af000 	C:\Program Files\Java\jdk-21\bin\instrument.dll
0x00007ffaf9d10000 - 0x00007ffaf9d2f000 	C:\Program Files\Java\jdk-21\bin\java.dll
0x00007ffb61f70000 - 0x00007ffb627c9000 	C:\WINDOWS\SYSTEM32\windows.storage.dll
0x00007ffb65760000 - 0x00007ffb65850000 	C:\WINDOWS\System32\SHCORE.dll
0x00007ffb642d0000 - 0x00007ffb642f9000 	C:\WINDOWS\SYSTEM32\profapi.dll
0x00007ffac44f0000 - 0x00007ffac45c7000 	C:\Program Files\Java\jdk-21\bin\jsvml.dll
0x00007ffaebf90000 - 0x00007ffaebfa8000 	C:\Program Files\Java\jdk-21\bin\zip.dll
0x00007ffb26110000 - 0x00007ffb26120000 	C:\Program Files\Java\jdk-21\bin\net.dll
0x00007ffb5d7e0000 - 0x00007ffb5d8ff000 	C:\WINDOWS\SYSTEM32\WINHTTP.dll
0x00007ffb63680000 - 0x00007ffb636eb000 	C:\WINDOWS\system32\mswsock.dll
0x00007ffaf5a80000 - 0x00007ffaf5a96000 	C:\Program Files\Java\jdk-21\bin\nio.dll
0x00007ffb260f0000 - 0x00007ffb260f9000 	C:\Program Files\Java\jdk-21\bin\extnet.dll
0x00007ffb1f9a0000 - 0x00007ffb1f9aa000 	C:\Program Files\Java\jdk-21\bin\management.dll
0x00007ffb1b170000 - 0x00007ffb1b17b000 	C:\Program Files\Java\jdk-21\bin\management_ext.dll
0x00007ffb66090000 - 0x00007ffb66098000 	C:\WINDOWS\System32\PSAPI.DLL
0x00007ffb62ad0000 - 0x00007ffb62b04000 	C:\WINDOWS\SYSTEM32\IPHLPAPI.DLL
0x00007ffb662b0000 - 0x00007ffb662ba000 	C:\WINDOWS\System32\NSI.dll
0x00007ffb62b60000 - 0x00007ffb62c86000 	C:\WINDOWS\SYSTEM32\DNSAPI.dll

dbghelp: loaded successfully - version: 4.0.5 - missing functions: none
symbol engine: initialized successfully - sym options: 0x614 - pdb path: .;C:\Program Files\Java\jdk-21\bin;C:\WINDOWS\SYSTEM32;C:\WINDOWS\WinSxS\amd64_microsoft.windows.common-controls_6595b64144ccf1df_6.0.26100.5074_none_3e0d6f78e32fd63f;C:\Program Files (x86)\360\Total Security\safemon;C:\Program Files\Java\jdk-21\bin\server

VM Arguments:
jvm_args: -javaagent:C:\Program Files\JetBrains\IntelliJ IDEA Community Edition 2025.2.3\lib\idea_rt.jar=52050 -Dfile.encoding=UTF-8 -Dsun.stdout.encoding=UTF-8 -Dsun.stderr.encoding=UTF-8 
java_command: com.example.demo.AuthApplication
java_class_path (initial): C:\Users\gigabyte\Downloads\demo\auth-service\target\classes;C:\Users\gigabyte\.m2\repository\org\springframework\boot\spring-boot-starter-validation\3.5.6\spring-boot-starter-validation-3.5.6.jar;C:\Users\gigabyte\.m2\repository\org\springframework\boot\spring-boot-starter\3.5.6\spring-boot-starter-3.5.6.jar;C:\Users\gigabyte\.m2\repository\org\springframework\boot\spring-boot-starter-logging\3.5.6\spring-boot-starter-logging-3.5.6.jar;C:\Users\gigabyte\.m2\repository\ch\qos\logback\logback-classic\1.5.18\logback-classic-1.5.18.jar;C:\Users\gigabyte\.m2\repository\ch\qos\logback\logback-core\1.5.18\logback-core-1.5.18.jar;C:\Users\gigabyte\.m2\repository\org\apache\logging\log4j\log4j-to-slf4j\2.24.3\log4j-to-slf4j-2.24.3.jar;C:\Users\gigabyte\.m2\repository\org\apache\logging\log4j\log4j-api\2.24.3\log4j-api-2.24.3.jar;C:\Users\gigabyte\.m2\repository\org\slf4j\jul-to-slf4j\2.0.17\jul-to-slf4j-2.0.17.jar;C:\Users\gigabyte\.m2\repository\jakarta\annotation\jakarta.annotation-api\2.1.1\jakarta.annotation-api-2.1.1.jar;C:\Users\gigabyte\.m2\repository\org\yaml\snakeyaml\2.4\snakeyaml-2.4.jar;C:\Users\gigabyte\.m2\repository\org\apache\tomcat\embed\tomcat-embed-el\10.1.46\tomcat-embed-el-10.1.46.jar;C:\Users\gigabyte\.m2\repository\org\hibernate\validator\hibernate-validator\8.0.3.Final\hibernate-validator-8.0.3.Final.jar;C:\Users\gigabyte\.m2\repository\jakarta\validation\jakarta.validation-api\3.0.2\jakarta.validation-api-3.0.2.jar;C:\Users\gigabyte\.m2\repository\org\jboss\logging\jboss-logging\3.6.1.Final\jboss-logging-3.6.1.Final.jar;C:\Users\gigabyte\.m2\repository\com\fasterxml\classmate\1.7.0\classmate-1.7.0.jar;C:\Users\gigabyte\.m2\repository\org\mapstruct\mapstruct\1.5.5.Final\mapstruct-1.5.5.Final.jar;C:\Users\gigabyte\.m2\repository\org\springframework\boot\spring-boot-starter-data-jpa\3.5.6\spring-boot-starter-data-jpa-3.5.6.jar;C:\Users\gigabyte\.m2\repository\org\springframework\boot\spring-boot-starter-jdbc\3.5.6\spring-boot-starter-jdbc-3.5.6.jar;C:\Users\gigabyte\.m2\repository\com\zaxxer\HikariCP\6.3.3\HikariCP-6.3.3.jar;C:\Users\gigabyte\.m2\repository\org\springframework\spring-jdbc\6.2.11\spring-jdbc-6.2.11.jar;C:\Users\gigabyte\.m2\repository\org\hibernate\orm\hibernate-core\6.6.29.Final\hibernate-core-6.6.29.Final.jar;C:\Users\gigabyte\.m2\repository\jakarta\persistence\jakarta.persistence-api\3.1.0\jakarta.persistence-api-3.1.0.jar;C:\Users\gigabyte\.m2\repository\jakarta\transaction\jakarta.transaction-api\2.0.1\jakarta.transaction-api-2.0.1.jar;C:\Users\gigabyte\.m2\repository\org\hibernate\common\hibernate-commons-annotations\7.0.3.Final\hibernate-commons-annotations-7.0.3.Final.jar;C:\Users\gigabyte\.m2\repository\io\smallrye\jandex\3.2.0\jandex-3.2.0.jar;C:\Users\gigabyte\.m2\repository\net\bytebuddy\byte-buddy\1.17.7\byte-buddy-1.17.7.jar;C:\Users\gigabyte\.m2\repository\org\glassfish\jaxb\jaxb-runtime\4.0.5\jaxb-runtime-4.0.5.jar;C:\Users\gigabyte\.m2\repository\org\glassfish\jaxb\jaxb-core\4.0.5\jaxb-core-4.0.5.jar;C:\Users\gigabyte\.m2\repository\org\eclipse\angus\angus-activation\2.0.2\angus-activation-2.0.2.jar;C:\Users\gigabyte\.m2\repository\org\glassfish\jaxb\txw2\4.0.5\txw2-4.0.5.jar;C:\Users\gigabyte\.m2\repository\com\sun\istack\istack-commons-runtime\4.1.2\istack-commons-runtime-4.1.2.jar;C:\Users\gigabyte\.m2\repository\jakarta\inject\jakarta.inject-api\2.0.1\jakarta.inject-api-2.0.1.jar;C:\Users\gigabyte\.m2\repository\org\antlr\antlr4-runtime\4.13.0\antlr4-runtime-4.13.0.jar;C:\Users\gigabyte\.m2\repository\org\springframework\data\spring-data-jpa\3.5.4\spring-data-jpa-3.5.4.jar;C:\Users\gigabyte\.m2\repository\org\springframework\data\spring-data-commons\3.5.4\spring-data-commons-3.5.4.jar;C:\Users\gigabyte\.m2\repository\org\springframework\spring-orm\6.2.11\spring-orm-6.2.11.jar;C:\Users\gigabyte\.m2\repository\org\springframework\spring-context\6.2.11\spring-context-6.2.11.jar;C:\Users\gigabyte\.m2\repository\org\springframework\spring-aop\6.2.11\spring-aop-6.2.11.jar;C:\Users\gigabyte\.m2\repository\org\springframework\spring-tx\6.2.11\spring-tx-6.2.11.jar;C:\Users\gigabyte\.m2\repository\org\springframework\spring-beans\6.2.11\spring-beans-6.2.11.jar;C:\Users\gigabyte\.m2\repository\org\slf4j\slf4j-api\2.0.17\slf4j-api-2.0.17.jar;C:\Users\gigabyte\.m2\repository\org\springframework\spring-aspects\6.2.11\spring-aspects-6.2.11.jar;C:\Users\gigabyte\.m2\repository\org\aspectj\aspectjweaver\1.9.24\aspectjweaver-1.9.24.jar;C:\Users\gigabyte\.m2\repository\org\springframework\boot\spring-boot-starter-data-rest\3.5.6\spring-boot-starter-data-rest-3.5.6.jar;C:\Users\gigabyte\.m2\repository\org\springframework\data\spring-data-rest-webmvc\4.5.4\spring-data-rest-webmvc-4.5.4.jar;C:\Users\gigabyte\.m2\repository\org\springframework\data\spring-data-rest-core\4.5.4\spring-data-rest-core-4.5.4.jar;C:\Users\gigabyte\.m2\repository\org\springframework\hateoas\spring-hateoas\2.5.1\spring-hateoas-2.5.1.jar;C:\Users\gigabyte\.m2\repository\org\springframework\plugin\spring-plugin-core\3.0.0\spring-plugin-core-3.0.0.jar;C:\Users\gigabyte\.m2\repository\org\atteo\evo-inflector\1.3\evo-inflector-1.3.jar;C:\Users\gigabyte\.m2\repository\com\fasterxml\jackson\core\jackson-databind\2.19.2\jackson-databind-2.19.2.jar;C:\Users\gigabyte\.m2\repository\com\fasterxml\jackson\core\jackson-core\2.19.2\jackson-core-2.19.2.jar;C:\Users\gigabyte\.m2\repository\com\fasterxml\jackson\core\jackson-annotations\2.19.2\jackson-annotations-2.19.2.jar;C:\Users\gigabyte\.m2\repository\org\springframework\boot\spring-boot-starter-web\3.5.6\spring-boot-starter-web-3.5.6.jar;C:\Users\gigabyte\.m2\repository\org\springframework\boot\spring-boot-starter-json\3.5.6\spring-boot-starter-json-3.5.6.jar;C:\Users\gigabyte\.m2\repository\com\fasterxml\jackson\datatype\jackson-datatype-jdk8\2.19.2\jackson-datatype-jdk8-2.19.2.jar;C:\Users\gigabyte\.m2\repository\com\fasterxml\jackson\datatype\jackson-datatype-jsr310\2.19.2\jackson-datatype-jsr310-2.19.2.jar;C:\Users\gigabyte\.m2\repository\com\fasterxml\jackson\module\jackson-module-parameter-names\2.19.2\jackson-module-parameter-names-2.19.2.jar;C:\Users\gigabyte\.m2\repository\org\springframework\boot\spring-boot-starter-tomcat\3.5.6\spring-boot-starter-tomcat-3.5.6.jar;C:\Users\gigabyte\.m2\repository\org\apache\tomcat\embed\tomcat-embed-core\10.1.46\tomcat-embed-core-10.1.46.jar;C:\Users\gigabyte\.m2\repository\org\apache\tomcat\embed\tomcat-embed-websocket\10.1.46\tomcat-embed-websocket-10.1.46.jar;C:\Users\gigabyte\.m2\repository\org\springframework\spring-web\6.2.11\spring-web-6.2.11.jar;C:\Users\gigabyte\.m2\repository\io\micrometer\micrometer-observation\1.15.4\micrometer-observation-1.15.4.jar;C:\Users\gigabyte\.m2\repository\io\micrometer\micrometer-commons\1.15.4\micrometer-commons-1.15.4.jar;C:\Users\gigabyte\.m2\repository\org\springframework\spring-webmvc\6.2.11\spring-webmvc-6.2.11.jar;C:\Users\gigabyte\.m2\repository\org\springframework\spring-expression\6.2.11\spring-expression-6.2.11.jar;C:\Users\gigabyte\.m2\repository\org\springframework\boot\spring-boot-devtools\3.5.6\spring-boot-devtools-3.5.6.jar;C:\Users\gigabyte\.m2\repository\org\springframework\boot\spring-boot\3.5.6\spring-boot-3.5.6.jar;C:\Users\gigabyte\.m2\repository\org\springframework\boot\spring-boot-autoconfigure\3.5.6\spring-boot-autoconfigure-3.5.6.jar;C:\Users\gigabyte\.m2\repository\org\postgresql\postgresql\42.7.7\postgresql-42.7.7.jar;C:\Users\gigabyte\.m2\repository\org\checkerframework\checker-qual\3.49.3\checker-qual-3.49.3.jar;C:\Users\gigabyte\.m2\repository\org\projectlombok\lombok\1.18.40\lombok-1.18.40.jar;C:\Users\gigabyte\.m2\repository\com\jayway\jsonpath\json-path\2.9.0\json-path-2.9.0.jar;C:\Users\gigabyte\.m2\repository\jakarta\xml\bind\jakarta.xml.bind-api\4.0.2\jakarta.xml.bind-api-4.0.2.jar;C:\Users\gigabyte\.m2\repository\jakarta\activation\jakarta.activation-api\2.1.4\jakarta.activation-api-2.1.4.jar;C:\Users\gigabyte\.m2\repository\net\minidev\json-smart\2.5.2\json-smart-2.5.2.jar;C:\Users\gigabyte\.m2\repository\net\minidev\accessors-smart\2.5.2\accessors-smart-2.5.2.jar;C:\Users\gigabyte\.m2\repository\org\ow2\asm\asm\9.7.1\asm-9.7.1.jar;C:\Users\gigabyte\.m2\repository\org\springframework\spring-core\6.2.11\spring-core-6.2.11.jar;C:\Users\gigabyte\.m2\repository\org\springframework\spring-jcl\6.2.11\spring-jcl-6.2.11.jar;C:\Users\gigabyte\.m2\repository\org\springframework\security\spring-security-crypto\6.5.5\spring-security-crypto-6.5.5.jar;C:\Users\gigabyte\.m2\repository\org\springframework\cloud\spring-cloud-starter-openfeign\4.3.0\spring-cloud-starter-openfeign-4.3.0.jar;C:\Users\gigabyte\.m2\repository\org\springframework\cloud\spring-cloud-starter\4.3.0\spring-cloud-starter-4.3.0.jar;C:\Users\gigabyte\.m2\repository\org\springframework\cloud\spring-cloud-context\4.3.0\spring-cloud-context-4.3.0.jar;C:\Users\gigabyte\.m2\repository\org\bouncycastle\bcprov-jdk18on\1.80\bcprov-jdk18on-1.80.jar;C:\Users\gigabyte\.m2\repository\org\springframework\cloud\spring-cloud-openfeign-core\4.3.0\spring-cloud-openfeign-core-4.3.0.jar;C:\Users\gigabyte\.m2\repository\io\github\openfeign\feign-form-spring\13.6\feign-form-spring-13.6.jar;C:\Users\gigabyte\.m2\repository\org\apache\commons\commons-text\1.13.0\commons-text-1.13.0.jar;C:\Users\gigabyte\.m2\repository\org\apache\commons\commons-lang3\3.17.0\commons-lang3-3.17.0.jar;C:\Users\gigabyte\.m2\repository\io\github\openfeign\feign-form\13.6\feign-form-13.6.jar;C:\Users\gigabyte\.m2\repository\commons-fileupload\commons-fileupload\1.5\commons-fileupload-1.5.jar;C:\Users\gigabyte\.m2\repository\org\springframework\cloud\spring-cloud-commons\4.3.0\spring-cloud-commons-4.3.0.jar;C:\Users\gigabyte\.m2\repository\io\github\openfeign\feign-core\13.6\feign-core-13.6.jar;C:\Users\gigabyte\.m2\repository\io\github\openfeign\feign-slf4j\13.6\feign-slf4j-13.6.jar;C:\Users\gigabyte\.m2\repository\org\springframework\boot\spring-boot-starter-oauth2-resource-server\3.5.6\spring-boot-starter-oauth2-resource-server-3.5.6.jar;C:\Users\gigabyte\.m2\repository\org\springframework\security\spring-security-config\6.5.5\spring-security-config-6.5.5.jar;C:\Users\gigabyte\.m2\repository\org\springframework\security\spring-security-core\6.5.5\spring-security-core-6.5.5.jar;C:\Users\gigabyte\.m2\repository\org\springframework\security\spring-security-oauth2-resource-server\6.5.5\spring-security-oauth2-resource-server-6.5.5.jar;C:\Users\gigabyte\.m2\repository\org\springframework\security\spring-security-oauth2-core\6.5.5\spring-security-oauth2-core-6.5.5.jar;C:\Users\gigabyte\.m2\repository\org\springframework\security\spring-security-web\6.5.5\spring-security-web-6.5.5.jar;C:\Users\gigabyte\.m2\repository\org\springframework\security\spring-security-oauth2-jose\6.5.5\spring-security-oauth2-jose-6.5.5.jar;C:\Users\gigabyte\.m2\repository\com\nimbusds\nimbus-jose-jwt\9.37.4\nimbus-jose-jwt-9.37.4.jar;C:\Users\gigabyte\.m2\repository\com\github\stephenc\jcip\jcip-annotations\1.0-1\jcip-annotations-1.0-1.jar
Launcher Type: SUN_STANDARD

[Global flags]
     intx CICompilerCount                          = 4                                         {product} {ergonomic}
     uint ConcGCThreads                            = 3                                         {product} {ergonomic}
     uint G1ConcRefinementThreads                  = 10                                        {product} {ergonomic}
   size_t G1HeapRegionSize                         = 2097152                                   {product} {ergonomic}
    uintx GCDrainStackTargetSize                   = 64                                        {product} {ergonomic}
   size_t InitialHeapSize                          = 266338304                                 {product} {ergonomic}
   size_t MarkStackSize                            = 4194304                                   {product} {ergonomic}
   size_t MaxHeapSize                              = 4240441344                                {product} {ergonomic}
   size_t MaxNewSize                               = 2543845376                                {product} {ergonomic}
   size_t MinHeapDeltaBytes                        = 2097152                                   {product} {ergonomic}
   size_t MinHeapSize                              = 8388608                                   {product} {ergonomic}
    uintx NonNMethodCodeHeapSize                   = 5839372                                {pd product} {ergonomic}
    uintx NonProfiledCodeHeapSize                  = 122909434                              {pd product} {ergonomic}
    uintx ProfiledCodeHeapSize                     = 122909434                              {pd product} {ergonomic}
    uintx ReservedCodeCacheSize                    = 251658240                              {pd product} {ergonomic}
     bool SegmentedCodeCache                       = true                                      {product} {ergonomic}
   size_t SoftMaxHeapSize                          = 4240441344                             {manageable} {ergonomic}
     bool UseCompressedOops                        = true                           {product lp64_product} {ergonomic}
     bool UseG1GC                                  = true                                      {product} {ergonomic}
     bool UseLargePagesIndividualAllocation        = false                                  {pd product} {ergonomic}

Logging:
Log output configuration:
 #0: stdout all=warning uptime,level,tags foldmultilines=false
 #1: stderr all=off uptime,level,tags foldmultilines=false

Environment Variables:
JAVA_HOME=C:\Program Files\Java\jre1.8.0_333\bin
PATH=C:\Program Files\NVIDIA GPU Computing Toolkit\CUDA\v11.7\bin;C:\Program Files\NVIDIA GPU Computing Toolkit\CUDA\v11.7\libnvvp;;C:\Program Files\Common Files\Oracle\Java\javapath;C:\Program Files\Microsoft\jdk-11.0.12.7-hotspot\bin;C:\Program Files (x86)\VMware\VMware Player\bin\;C:\ProgramData\Oracle\Java\javapath;C:\Windows\system32;C:\Windows;C:\Windows\System32\Wbem;C:\Windows\System32\WindowsPowerShell\v1.0\;C:\Windows\System32\OpenSSH\;C:\Program Files\NVIDIA Corporation\NVIDIA NvDLISR;C:\Users\gigabyte\AppData\Local\Programs\Python\Python310;C:\MinGW\bin;C:\Users\gigabyte\AppData\Local\Programs\Python\Python310\Scripts;C:\WINDOWS\system32;C:\WINDOWS;C:\WINDOWS\System32\Wbem;C:\WINDOWS\System32\WindowsPowerShell\v1.0\;C:\WINDOWS\System32\OpenSSH\;C:\Program Files\Java\jdk-18.0.1.1\bin;C:\Program Files\Microsoft SQL Server\150\Tools\Binn\;C:\Program Files\Microsoft SQL Server\Client SDK\ODBC\170\Tools\Binn\;C:\Program Files\Azure Data Studio\bin;C:\Program Files (x86)\Microsoft SQL Server\160\DTS\Binn\;C:\Program Files\Git\cmd;C:\Program Files (x86)\Microsoft SQL Server\160\Tools\Binn\;C:\Program Files\Microsoft SQL Server\160\Tools\Binn\;C:\Program Files\Microsoft SQL Server\160\DTS\Binn\;C:\Program Files\Go\bin;C:\Users\gigabyte\AppData\Roaming\nvm;C:\Program Files\nodejs;C:\Program Files\CMake\bin;C:\Program Files (x86)\NVIDIA Corporation\PhysX\Common;C:\Program Files\NVIDIA Corporation\Nsight Compute 2022.2.0\;C:\Program Files\dotnet\;C:\Program Files (x86)\Windows Kits\10\Windows Performance Toolkit\;C:\Program Files\Docker\Docker\resources\bin;C:\Users\gigabyte\anaconda3;C:\Users\gigabyte\anaconda3\Library\mingw-w64\bin;C:\Users\gigabyte\anaconda3\Library\usr\bin;C:\Users\gigabyte\anaconda3\Library\bin;C:\Users\gigabyte\anaconda3\Scripts;C:\Users\gigabyte\AppData\Local\Programs\Python\Python310\Scripts\;C:\Users\gigabyte\AppData\Local\Programs\Python\Python310\;C:\Users\gigabyte\AppData\Local\Microsoft\WindowsApps;C:\Users\gigabyte\.dotnet\tools;C:\Users\gigabyte\AppData\Local\Programs\Microsoft VS Code\bin;C:\Program Files\Azure Data Studio\bin;C:\Users\gigabyte\AppData\Local\GitHubDesktop\bin;C:\Users\gigabyte\AppData\Local\Markdown Monster;C:\Users\gigabyte\AppData\Roaming\npm;C:\Users\gigabyte\go\bin;C:\Users\gigabyte\AppData\Local\Microsoft\WindowsApps;C:\Users\gigabyte\AppData\Roaming\nvm;C:\Program Files\nodejs;C:\Users\gigabyte\.dotnet\tools;C:\Users\gigabyte\Downloads\apache-maven-3.9.11-src\apache-maven-3.9.11\apache-maven-3.9.11\bin;
USERNAME=gigabyte
OS=Windows_NT
PROCESSOR_IDENTIFIER=Intel64 Family 6 Model 165 Stepping 2, GenuineIntel
TMP=C:\Users\gigabyte\AppData\Local\Temp
TEMP=C:\Users\gigabyte\AppData\Local\Temp




Periodic native trim disabled

---------------  S Y S T E M  ---------------

OS:
 Windows 11 , 64 bit Build 26100 (10.0.26100.5074)
OS uptime: 1 days 14:12 hours
Hyper-V role detected

CPU: total 12 (initial active 12) (6 cores per cpu, 2 threads per core) family 6 model 165 stepping 2 microcode 0xe0, cx8, cmov, fxsr, ht, mmx, 3dnowpref, sse, sse2, sse3, ssse3, sse4.1, sse4.2, popcnt, lzcnt, tsc, tscinvbit, avx, avx2, aes, erms, clmul, bmi1, bmi2, adx, fma, vzeroupper, clflush, clflushopt, hv, rdtscp, f16c
Processor Information for all 12 processors :
  Max Mhz: 2496, Current Mhz: 2496, Mhz Limit: 2496

Memory: 4k page, system-wide physical 16173M (1831M free)
TotalPageFile size 24310M (AvailPageFile size 5M)
current process WorkingSet (physical memory assigned to process): 112M, peak: 112M
current process commit charge ("private bytes"): 375M, peak: 376M

vm_info: Java HotSpot(TM) 64-Bit Server VM (21.0.2+13-LTS-58) for windows-amd64 JRE (21.0.2+13-LTS-58), built on 2024-01-05T18:32:24Z by "mach5one" with MS VC++ 17.1 (VS2022)

END.
